07-10 02:56:09.866 D/nativeloader( 8940): Load /data/app/~~lD94rCHMGspfmr9Chsa9Jg==/com.instagram.android-I-FSsOWDHZJWjnF0wDx7LA==/lib/arm64/libfbunwindstack.so using class loader ns clns-7 (caller=/data/app/~~lD94rCHMGspfmr9Chsa9Jg==/com.instagram.android-I-FSsOWDHZJWjnF0wDx7LA==/base.apk!classes3.dex): ok
07-10 02:56:09.867 W/Lacrima_startup( 8940): type=1400 audit(0.0:1937787): avc: granted { execute } for path="/data/data/com.instagram.android/lib-compressed/libmozjpegturbo.so" dev="dm-12" ino=2312798 scontext=u:r:untrusted_app:s0:c204,c256,c512,c768 tcontext=u:object_r:app_data_file:s0:c204,c256,c512,c768 tclass=file app=com.facebook.orca
07-10 02:56:09.870 W/ExperimentConfigurator( 8940): Initializing experiment with config: [{"matcher":".odex","op":1,"bg_undo":true,"redo_bg":true},{"matcher":"base.apk","op":10,"bg_undo":true,"redo_bg":true},{"matcher":".vdex","op":2,"bg_undo":true,"redo_bg":true},{"matcher":"layouts.bin","op":2,"bg_undo":true,"redo_bg":true}]
07-10 02:56:09.870 D/nativeloader( 8940): Load /data/data/com.instagram.android/lib-compressed/libmozjpegturbo.so using class loader ns clns-7 (caller=/data/app/~~lD94rCHMGspfmr9Chsa9Jg==/com.instagram.android-I-FSsOWDHZJWjnF0wDx7LA==/base.apk!classes3.dex): ok
07-10 02:56:09.871 W/ExperimentConfigurator( 8940): Experiment initialized: 4 configs ready
07-10 02:56:09.875 W/Lacrima_startup( 8940): type=1400 audit(0.0:1937788): avc: granted { execute } for path="/data/data/com.instagram.android/lib-compressed/libscrollmerged.so" dev="dm-12" ino=2515711 scontext=u:r:untrusted_app:s0:c204,c256,c512,c768 tcontext=u:object_r:app_data_file:s0:c204,c256,c512,c768 tclass=file app=com.facebook.orca
07-10 02:56:09.893 W/stagram.androi( 8940): JNI RegisterNativeMethods: attempt to register 0 native methods for com.facebook.pando.PandoDataJNI
07-10 02:56:09.897 W/IgMetaConfig( 8940): Could not obtain MC: null_factory 
07-10 02:56:09.897 W/IgMetaConfig( 8940): java.lang.RuntimeException: Could not obtain MC, call-site will receive default values
07-10 02:56:09.897 W/IgMetaConfig( 8940): 	at X.01qx.A05(:16)
07-10 02:56:09.897 W/IgMetaConfig( 8940): 	at X.01qx.A03(:8)
07-10 02:56:09.897 W/IgMetaConfig( 8940): 	at X.01qx.A01(:2)
07-10 02:56:09.897 W/IgMetaConfig( 8940): 	at X.09ib.invoke(Unknown Source:1010)
07-10 02:56:09.897 W/IgMetaConfig( 8940): 	at X.01wo.invoke(:85)
07-10 02:56:09.897 W/IgMetaConfig( 8940): 	at X.03Xd.getValue(Unknown Source:25)
07-10 02:56:09.897 W/IgMetaConfig( 8940): 	at X.02bA.A00(:14)
07-10 02:56:09.897 W/IgMetaConfig( 8940): 	at X.02aq.invoke(:46)
07-10 02:56:09.897 W/IgMetaConfig( 8940): 	at X.03Xd.getValue(Unknown Source:25)
07-10 02:56:09.897 W/IgMetaConfig( 8940): 	at X.02ac.A01(:2)
07-10 02:56:09.897 W/IgMetaConfig( 8940): 	at X.09it.invoke(Unknown Source:300)
07-10 02:56:09.897 W/IgMetaConfig( 8940): 	at X.03Xd.getValue(Unknown Source:25)
07-10 02:56:09.897 W/IgMetaConfig( 8940): 	at X.02aO.A00(:53)
07-10 02:56:09.897 W/IgMetaConfig( 8940): 	at X.03Rx.apply(Unknown Source:44)
07-10 02:56:09.897 W/IgMetaConfig( 8940): 	at java.util.concurrent.ConcurrentMap.computeIfAbsent(ConcurrentMap.java:330)
07-10 02:56:09.897 W/IgMetaConfig( 8940): 	at com.instagram.user.model.UserCache.A05(:43)
07-10 02:56:09.897 W/IgMetaConfig( 8940): 	at X.01xo.A01(:16)
07-10 02:56:09.897 W/IgMetaConfig( 8940): 	at X.01xo.A00(:20)
07-10 02:56:09.897 W/IgMetaConfig( 8940): 	at X.01wi.<init>(:240)
07-10 02:56:09.897 W/IgMetaConfig( 8940): 	at X.05j2.invoke(Unknown Source:296)
07-10 02:56:09.897 W/IgMetaConfig( 8940): 	at X.03Xd.getValue(Unknown Source:25)
07-10 02:56:09.897 W/IgMetaConfig( 8940): 	at X.01wj.A00(:4)
07-10 02:56:09.897 W/IgMetaConfig( 8940): 	at X.01wj.A09(:4)
07-10 02:56:09.897 W/IgMetaConfig( 8940): 	at X.01sf.A06(:77)
07-10 02:56:09.897 W/IgMetaConfig( 8940): 	at X.01sa.Dqq(:32)
07-10 02:56:09.897 W/IgMetaConfig( 8940): 	at X.01ip.run(:151)
07-10 02:56:09.897 W/IgMetaConfig( 8940): 	at java.util.concurrent.ThreadPoolExecutor.runWorker(ThreadPoolExecutor.java:1156)
07-10 02:56:09.897 W/IgMetaConfig( 8940): 	at java.util.concurrent.ThreadPoolExecutor$Worker.run(ThreadPoolExecutor.java:651)
07-10 02:56:09.897 W/IgMetaConfig( 8940): 	at X.01is.run(:21)
07-10 02:56:09.897 W/IgMetaConfig( 8940): 	at java.lang.Thread.run(Thread.java:1119)
07-10 02:56:09.898 W/IgMetaConfig( 8940): Could not obtain MC: null_factory 
07-10 02:56:09.898 W/IgMetaConfig( 8940): java.lang.RuntimeException: Could not obtain MC, call-site will receive default values
07-10 02:56:09.898 W/IgMetaConfig( 8940): 	at X.01qx.A05(:16)
07-10 02:56:09.898 W/IgMetaConfig( 8940): 	at X.01qx.A03(:8)
07-10 02:56:09.898 W/IgMetaConfig( 8940): 	at X.01qx.A01(:2)
07-10 02:56:09.898 W/IgMetaConfig( 8940): 	at X.09ib.invoke(Unknown Source:1025)
07-10 02:56:09.898 W/IgMetaConfig( 8940): 	at X.01wo.invoke(:85)
07-10 02:56:09.898 W/IgMetaConfig( 8940): 	at X.03Xd.getValue(Unknown Source:25)
07-10 02:56:09.898 W/IgMetaConfig( 8940): 	at X.02bA.A00(:14)
07-10 02:56:09.898 W/IgMetaConfig( 8940): 	at X.02aq.invoke(:46)
07-10 02:56:09.898 W/IgMetaConfig( 8940): 	at X.03Xd.getValue(Unknown Source:25)
07-10 02:56:09.898 W/IgMetaConfig( 8940): 	at X.02ac.A01(:2)
07-10 02:56:09.898 W/IgMetaConfig( 8940): 	at X.09it.invoke(Unknown Source:300)
07-10 02:56:09.898 W/IgMetaConfig( 8940): 	at X.03Xd.getValue(Unknown Source:25)
07-10 02:56:09.898 W/IgMetaConfig( 8940): 	at X.02aO.A00(:53)
07-10 02:56:09.898 W/IgMetaConfig( 8940): 	at X.03Rx.apply(Unknown Source:44)
07-10 02:56:09.898 W/IgMetaConfig( 8940): 	at java.util.concurrent.ConcurrentMap.computeIfAbsent(ConcurrentMap.java:330)
07-10 02:56:09.898 W/IgMetaConfig( 8940): 	at com.instagram.user.model.UserCache.A05(:43)
07-10 02:56:09.898 W/IgMetaConfig( 8940): 	at X.01xo.A01(:16)
07-10 02:56:09.898 W/IgMetaConfig( 8940): 	at X.01xo.A00(:20)
07-10 02:56:09.898 W/IgMetaConfig( 8940): 	at X.01wi.<init>(:240)
07-10 02:56:09.898 W/IgMetaConfig( 8940): 	at X.05j2.invoke(Unknown Source:296)
07-10 02:56:09.898 W/IgMetaConfig( 8940): 	at X.03Xd.getValue(Unknown Source:25)
07-10 02:56:09.898 W/IgMetaConfig( 8940): 	at X.01wj.A00(:4)
07-10 02:56:09.898 W/IgMetaConfig( 8940): 	at X.01wj.A09(:4)
07-10 02:56:09.898 W/IgMetaConfig( 8940): 	at X.01sf.A06(:77)
07-10 02:56:09.898 W/IgMetaConfig( 8940): 	at X.01sa.Dqq(:32)
07-10 02:56:09.898 W/IgMetaConfig( 8940): 	at X.01ip.run(:151)
07-10 02:56:09.898 W/IgMetaConfig( 8940): 	at java.util.concurrent.ThreadPoolExecutor.runWorker(ThreadPoolExecutor.java:1156)
07-10 02:56:09.898 W/IgMetaConfig( 8940): 	at java.util.concurrent.ThreadPoolExecutor$Worker.run(ThreadPoolExecutor.java:651)
07-10 02:56:09.898 W/IgMetaConfig( 8940): 	at X.01is.run(:21)
07-10 02:56:09.898 W/IgMetaConfig( 8940): 	at java.lang.Thread.run(Thread.java:1119)
07-10 02:56:09.904 E/QPLProvider( 8940): QuickPerformanceLogger instance wasn't installed in provider, returning noop. Please call QuickPerformanceLoggerProvider.setQuickPerformanceLogger() before getting the instance.
07-10 02:56:09.904 E/QPLProvider( 8940): java.lang.IllegalStateException: No QPL instance provided
07-10 02:56:09.904 E/QPLProvider( 8940): 	at com.facebook.quicklog.QuickPerformanceLoggerProvider.getQPLInstance(Unknown Source:35)
07-10 02:56:09.904 E/QPLProvider( 8940): 	at com.facebook.quicklog.QuickPerformanceLoggerNativeProvider.getQPLInstance(:0)
07-10 02:56:09.904 E/QPLProvider( 8940): 	at com.instagram.pando.livetree.LiveTreeJNI.updateStringValueNative(Native Method)
07-10 02:56:09.904 E/QPLProvider( 8940): 	at com.instagram.pando.livetree.LiveTreeJNI.updateStringValueByHashCode(:7)
07-10 02:56:09.904 E/QPLProvider( 8940): 	at com.instagram.pando.livetree.LiveTreeJNI.updateOptionalStringValueByHashCode(:6)
07-10 02:56:09.904 E/QPLProvider( 8940): 	at com.instagram.pando.livetree.LiveTreeJNI.updateOptionalIDValueByHashCode(:6)
07-10 02:56:09.904 E/QPLProvider( 8940): 	at com.instagram.user.model.LiveTreeUserDict.A6r(:47)
07-10 02:56:09.904 E/QPLProvider( 8940): 	at com.instagram.user.model.User.<init>(:32)
07-10 02:56:09.904 E/QPLProvider( 8940): 	at X.03Rx.apply(Unknown Source:50)
07-10 02:56:09.904 E/QPLProvider( 8940): 	at java.util.concurrent.ConcurrentMap.computeIfAbsent(ConcurrentMap.java:330)
07-10 02:56:09.904 E/QPLProvider( 8940): 	at com.instagram.user.model.UserCache.A05(:43)
07-10 02:56:09.904 E/QPLProvider( 8940): 	at X.01xo.A01(:16)
07-10 02:56:09.904 E/QPLProvider( 8940): 	at X.01xo.A00(:20)
07-10 02:56:09.904 E/QPLProvider( 8940): 	at X.01wi.<init>(:240)
07-10 02:56:09.904 E/QPLProvider( 8940): 	at X.05j2.invoke(Unknown Source:296)
07-10 02:56:09.904 E/QPLProvider( 8940): 	at X.03Xd.getValue(Unknown Source:25)
07-10 02:56:09.904 E/QPLProvider( 8940): 	at X.01wj.A00(:4)
07-10 02:56:09.904 E/QPLProvider( 8940): 	at X.01wj.A09(:4)
07-10 02:56:09.904 E/QPLProvider( 8940): 	at X.01sf.A06(:77)
07-10 02:56:09.904 E/QPLProvider( 8940): 	at X.01sa.Dqq(:32)
07-10 02:56:09.904 E/QPLProvider( 8940): 	at X.01ip.run(:151)
07-10 02:56:09.904 E/QPLProvider( 8940): 	at java.util.concurrent.ThreadPoolExecutor.runWorker(ThreadPoolExecutor.java:1156)
07-10 02:56:09.904 E/QPLProvider( 8940): 	at java.util.concurrent.ThreadPoolExecutor$Worker.run(ThreadPoolExecutor.java:651)
07-10 02:56:09.904 E/QPLProvider( 8940): 	at X.01is.run(:21)
07-10 02:56:09.904 E/QPLProvider( 8940): 	at java.lang.Thread.run(Thread.java:1119)
07-10 02:56:09.905 W/AppInitScheduler|Run( 8940):   Finished SessionInitializer in 67ms
07-10 02:56:09.905 W/AppInitScheduler|Schedule( 8940):   Executing 166:ReconciliationInitializer
07-10 02:56:09.905 W/AppInitScheduler|Schedule( 8940):   Executing 7:LiteProviderInitializer
07-10 02:56:09.905 W/AppInitScheduler|Schedule( 8940):   Executing 161:SapienzInitializer
07-10 02:56:09.905 W/AppInitScheduler|Run( 8940): Running ReconciliationInitializer, order=8, priorityHint=null 
07-10 02:56:09.905 W/AppInitScheduler|Run( 8940): Running LiteProviderInitializer, order=9, priorityHint=null 
07-10 02:56:09.905 W/AppInitScheduler|Run( 8940): Running SapienzInitializer, order=52, priorityHint=null 
07-10 02:56:09.905 W/AppInitScheduler|Run( 8940):   Finished ReconciliationInitializer in 0ms
07-10 02:56:09.905 W/AppInitScheduler|Run( 8940):   Finished SapienzInitializer in 0ms
07-10 02:56:09.905 W/AppInitScheduler|Run( 8940):   Finished LiteProviderInitializer in 0ms
07-10 02:56:09.905 W/AppInitScheduler|Schedule( 8940):   Executing 8:LightweightQPLInitializerImpl
07-10 02:56:09.906 W/AppInitScheduler|Run( 8940): Running LightweightQPLInitializerImpl, order=10, priorityHint=null 
07-10 02:56:09.906 W/AppInitScheduler|Run( 8940):   Finished LightweightQPLInitializerImpl in 0ms
07-10 02:56:09.906 W/AppInitScheduler|Schedule( 8940):   Executing 9:LacrimaHealthInitializer
07-10 02:56:09.906 W/AppInitScheduler|Run( 8940): Running LacrimaHealthInitializer, order=11, priorityHint=null 
07-10 02:56:09.906 W/AppInitScheduler|Run( 8940):   Finished LacrimaHealthInitializer in 0ms
07-10 02:56:09.906 W/AppInitScheduler|Schedule( 8940):   Executing 10:IgSharedPreferencesQPLInitializer
07-10 02:56:09.906 W/AppInitScheduler|Run( 8940): Running IgSharedPreferencesQPLInitializer, order=12, priorityHint=null 
07-10 02:56:09.906 W/AppInitScheduler|Run( 8940):   Finished IgSharedPreferencesQPLInitializer in 0ms
07-10 02:56:09.906 W/AppInitScheduler|Schedule( 8940):   Executing 11:QEInitializer
07-10 02:56:09.907 W/AppInitScheduler|Run( 8940): Running QEInitializer, order=13, priorityHint=null 
07-10 02:56:09.919 W/IgMetaConfig( 8940): Could not obtain MC: not_user_session session=X.02qT@b890405
07-10 02:56:09.919 W/IgMetaConfig( 8940): java.lang.RuntimeException: Could not obtain MC, call-site will receive default values
07-10 02:56:09.919 W/IgMetaConfig( 8940): 	at X.01qx.A05(:16)
07-10 02:56:09.919 W/IgMetaConfig( 8940): 	at X.01qx.A03(:8)
07-10 02:56:09.919 W/IgMetaConfig( 8940): 	at X.01qx.A01(:2)
07-10 02:56:09.919 W/IgMetaConfig( 8940): 	at X.02ei.A00(:8)
07-10 02:56:09.919 W/IgMetaConfig( 8940): 	at X.02ei.A01(:2)
07-10 02:56:09.919 W/IgMetaConfig( 8940): 	at X.02ef.A00(:8)
07-10 02:56:09.919 W/IgMetaConfig( 8940): 	at X.02ee.<init>(:20)
07-10 02:56:09.919 W/IgMetaConfig( 8940): 	at X.09ip.invoke(Unknown Source:1583)
07-10 02:56:09.919 W/IgMetaConfig( 8940): 	at X.03Xd.getValue(Unknown Source:25)
07-10 02:56:09.919 W/IgMetaConfig( 8940): 	at X.09ip.invoke(Unknown Source:1597)
07-10 02:56:09.919 W/IgMetaConfig( 8940): 	at X.02dw.A06(:17)
07-10 02:56:09.919 W/IgMetaConfig( 8940): 	at X.02ds.A06(:197)
07-10 02:56:09.919 W/IgMetaConfig( 8940): 	at X.01sa.Dqq(:32)
07-10 02:56:09.919 W/IgMetaConfig( 8940): 	at X.01ip.run(:151)
07-10 02:56:09.919 W/IgMetaConfig( 8940): 	at java.util.concurrent.ThreadPoolExecutor.runWorker(ThreadPoolExecutor.java:1156)
07-10 02:56:09.919 W/IgMetaConfig( 8940): 	at java.util.concurrent.ThreadPoolExecutor$Worker.run(ThreadPoolExecutor.java:651)
07-10 02:56:09.919 W/IgMetaConfig( 8940): 	at X.01is.run(:21)
07-10 02:56:09.919 W/IgMetaConfig( 8940): 	at java.lang.Thread.run(Thread.java:1119)
07-10 02:56:09.922 D/nativeloader( 8940): Load /data/data/com.instagram.android/lib-compressed/libscrollmerged.so using class loader ns clns-7 (caller=/data/app/~~lD94rCHMGspfmr9Chsa9Jg==/com.instagram.android-I-FSsOWDHZJWjnF0wDx7LA==/base.apk!classes3.dex): ok
07-10 02:56:09.944 W/AppInitScheduler|Run( 8940):   Finished QEInitializer in 37ms
07-10 02:56:09.944 W/AppInitScheduler|Schedule( 8940):   Executing 120:MainFeedRequestHeaderInitializer
07-10 02:56:09.944 W/AppInitScheduler|Schedule( 8940):   Executing 146:CacheMetadataLookupInitializer
07-10 02:56:09.944 W/AppInitScheduler|Run( 8940): Running MainFeedRequestHeaderInitializer, order=22, priorityHint=null 
07-10 02:56:09.945 W/AppInitScheduler|Run( 8940):   Finished MainFeedRequestHeaderInitializer in 0ms
07-10 02:56:09.945 W/AppInitScheduler|Schedule( 8940):   Executing 12:StorageInitializer
07-10 02:56:09.945 W/AppInitScheduler|Run( 8940): Running StorageInitializer, order=14, priorityHint=null 
07-10 02:56:09.946 W/AppInitScheduler|Run( 8940): Running CacheMetadataLookupInitializer, order=93, priorityHint=null 
07-10 02:56:09.946 W/AppInitScheduler|Run( 8940):   Finished CacheMetadataLookupInitializer in 1ms
07-10 02:56:09.947 W/AppInitScheduler|Run( 8940):   Finished StorageInitializer in 3ms
07-10 02:56:09.948 W/AppInitScheduler|Schedule( 8940):   Executing 44:DevToolInitializer
07-10 02:56:09.948 W/AppInitScheduler|Run( 8940): Running DevToolInitializer, order=16, priorityHint=null 
07-10 02:56:09.948 W/AppInitScheduler|Run( 8940):   Finished DevToolInitializer in 0ms
07-10 02:56:09.948 W/AppInitScheduler|Schedule( 8940):   Executing 115:EagerReelRequestBuilder
07-10 02:56:09.948 W/AppInitScheduler|Run( 8940): Running EagerReelRequestBuilder, order=102, priorityHint=null 
07-10 02:56:09.948 W/AppInitScheduler|Run( 8940):   Finished EagerReelRequestBuilder in 1ms
07-10 02:56:09.948 W/AppInitScheduler|Schedule( 8940):   Executing 15:TNTSInitializer
07-10 02:56:09.948 W/AppInitScheduler|Run( 8940): Running TNTSInitializer, order=17, priorityHint=null 
07-10 02:56:09.950 W/stagram.androi( 8940): JNI RegisterNativeMethods: attempt to register 0 native methods for com.facebook.traffic.nts.providers.http.HttpProviderAppLayerUpcallsImpl
07-10 02:56:09.952 W/AppInitScheduler|Run( 8940):   Finished TNTSInitializer in 4ms
07-10 02:56:09.953 W/AppInitScheduler|Schedule( 8940):   Executing 16:HttpServiceInitializer
07-10 02:56:09.953 W/AppInitScheduler|Run( 8940): Running HttpServiceInitializer [*], order=18, priorityHint=null 
07-10 02:56:09.962 W/AppInitScheduler|Run( 8940):   Finished HttpServiceInitializer in 9ms
07-10 02:56:09.962 W/AppInitScheduler|Schedule( 8940):   Executing 133:HttpStoresInitializer
07-10 02:56:09.962 W/AppInitScheduler|Schedule( 8940):   Executing 162:RmdInitializer
07-10 02:56:09.962 W/AppInitScheduler|Run( 8940): Running RmdInitializer, order=24, priorityHint=null 
07-10 02:56:09.962 W/AppInitScheduler|Run( 8940): Running HttpStoresInitializer, order=19, priorityHint=null 
07-10 02:56:09.962 W/AppInitScheduler|Run( 8940):   Finished HttpStoresInitializer in 0ms
07-10 02:56:09.962 W/AppInitScheduler|Run( 8940):   Finished RmdInitializer in 0ms
07-10 02:56:09.963 W/AppInitScheduler|Schedule( 8940):   Executing 17:FeedRequestInitializer
07-10 02:56:09.963 W/AppInitScheduler|Schedule( 8940):   Executing 153:ClientHintsInitializer
07-10 02:56:09.963 W/AppInitScheduler|Run( 8940): Running ClientHintsInitializer, order=109, priorityHint=null 
07-10 02:56:09.963 W/AppInitScheduler|Run( 8940): Running FeedRequestInitializer, order=20, priorityHint=null 
07-10 02:56:09.963 W/AppInitScheduler|Run( 8940):   Finished ClientHintsInitializer in 0ms
07-10 02:56:09.974 D/ConnectivityService( 1060): requestNetwork for uid/pid:10204/8940 activeRequest: null callbackRequest: 370615 [NetworkRequest [ REQUEST id=370616, [ Capabilities: INTERNET&NOT_RESTRICTED&TRUSTED&NOT_VCN_MANAGED Uid: 10204 RequestorUid: 10204 RequestorPkg: com.instagram.android UnderlyingNetworks: Null] ]] callback flags: 0 order: 2147483647 isUidTracked: false declaredMethods: AVAIL|LOST|NC
07-10 02:56:09.979 D/WifiNetworkFactory( 1060): got request NetworkRequest [ REQUEST id=370616, [ Capabilities: INTERNET&NOT_RESTRICTED&TRUSTED&NOT_VCN_MANAGED Uid: 10204 RequestorUid: 10204 RequestorPkg: com.instagram.android UnderlyingNetworks: Null] ]
07-10 02:56:09.979 D/UntrustedWifiNetworkFactory( 1060): got request NetworkRequest [ REQUEST id=370616, [ Capabilities: INTERNET&NOT_RESTRICTED&TRUSTED&NOT_VCN_MANAGED Uid: 10204 RequestorUid: 10204 RequestorPkg: com.instagram.android UnderlyingNetworks: Null] ]
07-10 02:56:09.980 D/OemPaidWifiNetworkFactory( 1060): got request NetworkRequest [ REQUEST id=370616, [ Capabilities: INTERNET&NOT_RESTRICTED&TRUSTED&NOT_VCN_MANAGED Uid: 10204 RequestorUid: 10204 RequestorPkg: com.instagram.android UnderlyingNetworks: Null] ]
07-10 02:56:09.980 D/ConnectivityService( 1060): NetReassign [370616 : null → 263] [c 0] [a 1] [i 4]
07-10 02:56:09.980 D/BroadcastQueue( 1060): Add broadcast <BroadcastRecord{9cc5d7d u-1 android.intent.action.BATTERY_CHANGED}> into [parallel | background], pending size 0
07-10 02:56:09.981 D/BroadcastQueue( 1060): Done with parallel broadcast [background] [BroadcastRecord{9cc5d7d u-1 android.intent.action.BATTERY_CHANGED}]
07-10 02:56:10.000 D/enhanceHAL(  602): slpSetBrightness: ambient = 368
07-10 02:56:10.002 E/keystore2(  394): keystore2::security_level: begin method: before km_dev.begin
07-10 02:56:10.003 E/TrustyKeymaster(  395): succeeded to send cmd (4) to com.android.trusty.keymaster with rc(290). errno: Success
07-10 02:56:10.003 E/TrustyKeymaster(  395): Getting response size (28)
07-10 02:56:10.004 E/keystore2(  394): keystore2::security_level: begin method: after upgrade_keyblob_if_required_with
07-10 02:56:10.009 E/TrustyKeymaster(  395): succeeded to send cmd (8) to com.android.trusty.keymaster with rc(540). errno: Success
07-10 02:56:10.009 D/CompatibilityChangeReporter( 1060): Compat change id reported: 183164979; UID 10204; state: ENABLED
07-10 02:56:10.010 E/TrustyKeymaster(  395): Getting response size (524)
07-10 02:56:10.012 E/TrustyKeymaster(  395): succeeded to send cmd (8) to com.android.trusty.keymaster with rc(36). errno: Success
07-10 02:56:10.012 E/TrustyKeymaster(  395): Getting response size (36)
07-10 02:56:10.013 E/TrustyKeymaster(  395): succeeded to send cmd (12) to com.android.trusty.keymaster with rc(32). errno: Success
07-10 02:56:10.014 E/TrustyKeymaster(  395): Getting response size (24)
07-10 02:56:10.018 D/performance( 1060): handleVmpressure, swap:95 pressure:2 thrashing:-1
07-10 02:56:10.028 E/QPLProvider( 8940): QuickPerformanceLogger instance wasn't installed in provider, returning noop. Please call QuickPerformanceLoggerProvider.setQuickPerformanceLogger() before getting the instance.
07-10 02:56:10.028 E/QPLProvider( 8940): java.lang.IllegalStateException: No QPL instance provided
07-10 02:56:10.028 E/QPLProvider( 8940): 	at com.facebook.quicklog.QuickPerformanceLoggerProvider.getQPLInstance(Unknown Source:35)
07-10 02:56:10.028 E/QPLProvider( 8940): 	at com.facebook.quicklog.QuickPerformanceLoggerNativeProvider.getQPLInstance(:0)
07-10 02:56:10.028 E/QPLProvider( 8940): 	at com.facebook.common.jniexecutors.NativeRunnable.nativeRun(Native Method)
07-10 02:56:10.028 E/QPLProvider( 8940): 	at com.facebook.common.jniexecutors.NativeRunnable.runNativeDirectly(Unknown Source:0)
07-10 02:56:10.028 E/QPLProvider( 8940): 	at com.facebook.common.jniexecutors.PooledNativeRunnable.run(:0)
07-10 02:56:10.028 E/QPLProvider( 8940): 	at java.util.concurrent.Executors$RunnableAdapter.call(Executors.java:524)
07-10 02:56:10.028 E/QPLProvider( 8940): 	at java.util.concurrent.FutureTask.run(FutureTask.java:317)
07-10 02:56:10.028 E/QPLProvider( 8940): 	at java.util.concurrent.ScheduledThreadPoolExecutor$ScheduledFutureTask.run(ScheduledThreadPoolExecutor.java:348)
07-10 02:56:10.028 E/QPLProvider( 8940): 	at java.util.concurrent.ThreadPoolExecutor.runWorker(ThreadPoolExecutor.java:1156)
07-10 02:56:10.028 E/QPLProvider( 8940): 	at java.util.concurrent.ThreadPoolExecutor$Worker.run(ThreadPoolExecutor.java:651)
07-10 02:56:10.028 E/QPLProvider( 8940): 	at java.lang.Thread.run(Thread.java:1119)
07-10 02:56:10.034 W/AppInitScheduler|Run( 8940):   Finished FeedRequestInitializer in 71ms
07-10 02:56:10.034 W/AppInitScheduler|Schedule( 8940):   Executing 114:EagerReelNetworkRequestInitializer
07-10 02:56:10.034 W/AppInitScheduler|Run( 8940): Running EagerReelNetworkRequestInitializer, order=48, priorityHint=null 
07-10 02:56:10.034 W/AppInitScheduler|Run( 8940):   Finished EagerReelNetworkRequestInitializer in 1ms
07-10 02:56:10.034 W/AppInitScheduler|Schedule( 8940):   Executing 117:IgSharedPreferencesInitializer
07-10 02:56:10.034 W/AppInitScheduler|Run( 8940): Running IgSharedPreferencesInitializer, order=31, priorityHint=null 
07-10 02:56:10.036 W/AppInitScheduler|Run( 8940):   Finished IgSharedPreferencesInitializer in 2ms
07-10 02:56:10.036 W/AppInitScheduler|Schedule( 8940):   Executing 122:IgDataStoreInitializer
07-10 02:56:10.037 W/AppInitScheduler|Run( 8940): Running IgDataStoreInitializer, order=32, priorityHint=null 
07-10 02:56:10.037 W/AppInitScheduler|Run( 8940):   Finished IgDataStoreInitializer in 1ms
07-10 02:56:10.037 W/AppInitScheduler|Schedule( 8940):   Executing 18:QPLInitializer
07-10 02:56:10.037 W/AppInitScheduler|Run( 8940): Running QPLInitializer, order=34, priorityHint=null 
07-10 02:56:10.053 E/stagram.androi( 8940): No implementation found for void com.facebook.quicklog.QuickPerformanceLoggerNativeProvider.nativeUpdateQPLInstance() (tried Java_com_facebook_quicklog_QuickPerformanceLoggerNativeProvider_nativeUpdateQPLInstance and Java_com_facebook_quicklog_QuickPerformanceLoggerNativeProvider_nativeUpdateQPLInstance__) - is the library loaded, e.g. System.loadLibrary?
07-10 02:56:10.054 W/QPLProvider( 8940): QuickPerformanceLoggerProvider failed to update native QPL instance, native library. This is expected during early app initialization
07-10 02:56:10.054 E/keystore2(  394): keystore2::security_level: begin method: before km_dev.begin
07-10 02:56:10.054 W/QPLConfig( 8940): failed to load config
07-10 02:56:10.054 W/QPLConfig( 8940): java.io.FileNotFoundException: /data/user/0/com.instagram.android/app_qpl/qpl_sampling_config_v2.null: open failed: ENOENT (No such file or directory)
07-10 02:56:10.054 W/QPLConfig( 8940): 	at libcore.io.IoBridge.open(IoBridge.java:574)
07-10 02:56:10.054 W/QPLConfig( 8940): 	at java.io.FileInputStream.<init>(FileInputStream.java:179)
07-10 02:56:10.054 W/QPLConfig( 8940): 	at X.03ie.A00(:33)
07-10 02:56:10.054 W/QPLConfig( 8940): 	at X.03hu.A00(:4)
07-10 02:56:10.054 W/QPLConfig( 8940): 	at X.03gm.run(:29)
07-10 02:56:10.054 W/QPLConfig( 8940): 	at X.02ck.run(:2)
07-10 02:56:10.054 W/QPLConfig( 8940): 	at X.01mi.run(:25)
07-10 02:56:10.054 W/QPLConfig( 8940): 	at X.02rn.run(:2)
07-10 02:56:10.054 W/QPLConfig( 8940): 	at X.01mi.run(:25)
07-10 02:56:10.054 W/QPLConfig( 8940): 	at java.util.concurrent.ThreadPoolExecutor.runWorker(ThreadPoolExecutor.java:1156)
07-10 02:56:10.054 W/QPLConfig( 8940): 	at java.util.concurrent.ThreadPoolExecutor$Worker.run(ThreadPoolExecutor.java:651)
07-10 02:56:10.054 W/QPLConfig( 8940): 	at X.01mo.run(:96)
07-10 02:56:10.054 W/QPLConfig( 8940): 	at java.lang.Thread.run(Thread.java:1119)
07-10 02:56:10.054 W/QPLConfig( 8940): 	at X.01mp.run(:8)
07-10 02:56:10.054 W/QPLConfig( 8940): Caused by: android.system.ErrnoException: open failed: ENOENT (No such file or directory)
07-10 02:56:10.054 W/QPLConfig( 8940): 	at libcore.io.Linux.open(Native Method)
07-10 02:56:10.054 W/QPLConfig( 8940): 	at libcore.io.ForwardingOs.open(ForwardingOs.java:568)
07-10 02:56:10.054 W/QPLConfig( 8940): 	at libcore.io.BlockGuardOs.open(BlockGuardOs.java:274)
07-10 02:56:10.054 W/QPLConfig( 8940): 	at libcore.io.ForwardingOs.open(ForwardingOs.java:568)
07-10 02:56:10.054 W/QPLConfig( 8940): 	at android.app.ActivityThread$AndroidOs.open(ActivityThread.java:7848)
07-10 02:56:10.054 W/QPLConfig( 8940): 	at libcore.io.IoBridge.open(IoBridge.java:560)
07-10 02:56:10.054 W/QPLConfig( 8940): 	... 13 more
07-10 02:56:10.054 E/TrustyKeymaster(  395): succeeded to send cmd (4) to com.android.trusty.keymaster with rc(347). errno: Success
07-10 02:56:10.056 E/TrustyKeymaster(  395): Getting response size (28)
07-10 02:56:10.057 E/keystore2(  394): keystore2::security_level: begin method: after upgrade_keyblob_if_required_with
07-10 02:56:10.058 E/TrustyKeymaster(  395): succeeded to send cmd (12) to com.android.trusty.keymaster with rc(109). errno: Success
07-10 02:56:10.058 W/AppInitScheduler|Run( 8940):   Finished QPLInitializer in 21ms
07-10 02:56:10.058 W/AppInitScheduler|Schedule( 8940):   Executing 148:HomecomingClipsTabInitializer
07-10 02:56:10.058 W/AppInitScheduler|Schedule( 8940):   Executing 164:QPLCoreProductInitializer
07-10 02:56:10.058 W/AppInitScheduler|Schedule( 8940):   Executing 129:LwQPLReplay
07-10 02:56:10.058 W/AppInitScheduler|Schedule( 8940):   Executing 103:UnexpectedEventReporterInitializer
07-10 02:56:10.058 W/AppInitScheduler|Schedule( 8940):   Executing 155:ClipsDiscoverNetworkCacheInitializer
07-10 02:56:10.059 W/AppInitScheduler|Run( 8940): Running HomecomingClipsTabInitializer, order=21, priorityHint=null 
07-10 02:56:10.059 W/AppInitScheduler|Run( 8940):   Finished HomecomingClipsTabInitializer in 0ms
07-10 02:56:10.059 W/AppInitScheduler|Schedule( 8940):   Executing 157:CdnConnectionPrewarmInitializer
07-10 02:56:10.059 W/AppInitScheduler|Run( 8940): Running CdnConnectionPrewarmInitializer, order=23, priorityHint=null 
07-10 02:56:10.060 W/AppInitScheduler|Run( 8940):   Finished CdnConnectionPrewarmInitializer in 1ms
07-10 02:56:10.060 W/AppInitScheduler|Run( 8940): Running QPLCoreProductInitializer, order=35, priorityHint=null 
07-10 02:56:10.060 W/AppInitScheduler|Run( 8940):   Finished QPLCoreProductInitializer in 1ms
07-10 02:56:10.060 W/AppInitScheduler|Run( 8940): Running LwQPLReplay, order=36, priorityHint=null 
07-10 02:56:10.062 E/TrustyKeymaster(  395): Getting response size (95)
07-10 02:56:10.062 W/AppInitScheduler|Run( 8940):   Finished LwQPLReplay in 3ms
07-10 02:56:10.062 W/AppInitScheduler|Schedule( 8940):   Executing 124:MessageQueueRedInitializer
07-10 02:56:10.063 W/AppInitScheduler|Run( 8940): Running MessageQueueRedInitializer, order=37, priorityHint=null 
07-10 02:56:10.064 W/AppInitScheduler|Run( 8940): Running UnexpectedEventReporterInitializer, order=38, priorityHint=null 
07-10 02:56:10.064 W/AppInitScheduler|Run( 8940):   Finished UnexpectedEventReporterInitializer in 4ms
07-10 02:56:10.064 W/AppInitScheduler|Schedule( 8940):   Executing 158:AppInitNotRespondingReporterInitializer
07-10 02:56:10.064 W/AppInitScheduler|Schedule( 8940):   Executing 74:MessageQueueTimelineInitializer
07-10 02:56:10.064 W/AppInitScheduler|Run( 8940): Running ClipsDiscoverNetworkCacheInitializer, order=55, priorityHint=null 
07-10 02:56:10.064 W/AppInitScheduler|Run( 8940):   Finished ClipsDiscoverNetworkCacheInitializer in 5ms
07-10 02:56:10.065 W/AppInitScheduler|Run( 8940): Running AppInitNotRespondingReporterInitializer, order=39, priorityHint=null 
07-10 02:56:10.066 W/AppInitScheduler|Run( 8940): Running MessageQueueTimelineInitializer, order=40, priorityHint=null 
07-10 02:56:10.068 W/AppInitScheduler|Run( 8940):   Finished AppInitNotRespondingReporterInitializer in 3ms
07-10 02:56:10.068 W/AppInitScheduler|Run( 8940):   Finished MessageQueueRedInitializer in 6ms
07-10 02:56:10.069 W/AppInitScheduler|Run( 8940):   Finished MessageQueueTimelineInitializer in 3ms
07-10 02:56:10.069 W/AppInitScheduler|Schedule( 8940):   Executing 72:MemoryManagerInitializer
07-10 02:56:10.069 W/AppInitScheduler|Run( 8940): Running MemoryManagerInitializer, order=60, priorityHint=null 
07-10 02:56:10.070 W/AppInitScheduler|Run( 8940):   Finished MemoryManagerInitializer in 1ms
07-10 02:56:10.070 W/AppInitScheduler|Schedule( 8940):   Executing 25:AppStartupTrackerInitializer
07-10 02:56:10.071 W/AppInitScheduler|Run( 8940): Running AppStartupTrackerInitializer, order=26, priorityHint=null 
07-10 02:56:10.078 W/AppInitScheduler|Run( 8940):   Finished AppStartupTrackerInitializer in 7ms
07-10 02:56:10.078 W/AppInitScheduler|Schedule( 8940):   Executing 47:FacebookAccountInitializer
07-10 02:56:10.078 W/AppInitScheduler|Run( 8940): Running FacebookAccountInitializer, order=30, priorityHint=null 
07-10 02:56:10.079 W/AppInitScheduler|Run( 8940):   Finished FacebookAccountInitializer in 0ms
07-10 02:56:10.079 W/AppInitScheduler|Schedule( 8940):   Executing 38:CacheKeyGeneratorInitializer
07-10 02:56:10.079 W/AppInitScheduler|Run( 8940): Running CacheKeyGeneratorInitializer, order=96, priorityHint=null 
07-10 02:56:10.079 W/AppInitScheduler|Run( 8940):   Finished CacheKeyGeneratorInitializer in 0ms
07-10 02:56:10.079 W/AppInitScheduler|Schedule( 8940):   Executing 20:IgFixieAppInitializer
07-10 02:56:10.079 W/AppInitScheduler|Run( 8940): Running IgFixieAppInitializer, order=82, priorityHint=null 
07-10 02:56:10.080 W/AppInitScheduler|Run( 8940):   Finished IgFixieAppInitializer in 1ms
07-10 02:56:10.080 W/AppInitScheduler|Schedule( 8940):   Executing 100:ThemeInitializer
07-10 02:56:10.080 W/AppInitScheduler|Run( 8940): Running ThemeInitializer, order=66, priorityHint=null 
07-10 02:56:10.089 W/AppInitScheduler|Run( 8940):   Finished ThemeInitializer in 10ms
07-10 02:56:10.089 W/AppInitScheduler|Schedule( 8940):   Executing 66:LanguageInitializer
07-10 02:56:10.089 W/AppInitScheduler|Run( 8940): Running LanguageInitializer, order=29, priorityHint=null 
07-10 02:56:10.091 W/FrscLanguagePackLoader( 8940): Loading FRSC strings for locale (en)
07-10 02:56:10.139 E/keystore2(  394): keystore2::security_level: begin method: before km_dev.begin
07-10 02:56:10.139 E/TrustyKeymaster(  395): succeeded to send cmd (4) to com.android.trusty.keymaster with rc(290). errno: Success
07-10 02:56:10.140 E/TrustyKeymaster(  395): Getting response size (28)
07-10 02:56:10.140 E/keystore2(  394): keystore2::security_level: begin method: after upgrade_keyblob_if_required_with
07-10 02:56:10.143 E/TrustyKeymaster(  395): succeeded to send cmd (8) to com.android.trusty.keymaster with rc(231). errno: Success
07-10 02:56:10.143 E/TrustyKeymaster(  395): Getting response size (215)
07-10 02:56:10.145 E/TrustyKeymaster(  395): succeeded to send cmd (12) to com.android.trusty.keymaster with rc(32). errno: Success
07-10 02:56:10.146 E/TrustyKeymaster(  395): Getting response size (24)
07-10 02:56:10.161 D/enhanceHAL(  602): slpSetBrightness: ambient = 368
07-10 02:56:10.165 D/CACHE_HINTS( 8940): Entering madvise file
07-10 02:56:10.166 D/CACHE_HINTS( 8940): MADVISE_RAND file 0x77b9e35000 10129407 /data/data/com.instagram.android/app_restricks/layouts.bin
07-10 02:56:10.181 E/keystore2(  394): keystore2::security_level: begin method: before km_dev.begin
07-10 02:56:10.181 E/TrustyKeymaster(  395): succeeded to send cmd (4) to com.android.trusty.keymaster with rc(290). errno: Success
07-10 02:56:10.182 W/FrscLanguagePackLoader( 8940): FRSC English strings buffer size - (limit : 1119706, capacity : 1119706)
07-10 02:56:10.182 E/TrustyKeymaster(  395): Getting response size (28)
07-10 02:56:10.182 E/keystore2(  394): keystore2::security_level: begin method: after upgrade_keyblob_if_required_with
07-10 02:56:10.186 E/TrustyKeymaster(  395): succeeded to send cmd (8) to com.android.trusty.keymaster with rc(414). errno: Success
07-10 02:56:10.187 E/TrustyKeymaster(  395): Getting response size (398)
07-10 02:56:10.188 E/TrustyKeymaster(  395): succeeded to send cmd (12) to com.android.trusty.keymaster with rc(32). errno: Success
07-10 02:56:10.189 E/TrustyKeymaster(  395): Getting response size (24)
07-10 02:56:10.201 W/AppInitScheduler|Run( 8940):   Finished LanguageInitializer in 111ms
07-10 02:56:10.201 W/AppInitScheduler|Schedule( 8940):   Executing 152:DownloadableModulesInitializer
07-10 02:56:10.201 W/AppInitScheduler|Schedule( 8940):   Executing 91:ReelRequestInitializer
07-10 02:56:10.201 W/AppInitScheduler|Run( 8940): Running DownloadableModulesInitializer, order=47, priorityHint=null 
07-10 02:56:10.201 W/AppInitScheduler|Run( 8940): Running ReelRequestInitializer, order=49, priorityHint=null 
07-10 02:56:10.201 W/AppInitScheduler|Run( 8940):   Finished DownloadableModulesInitializer in 1ms
07-10 02:56:10.201 W/AppInitScheduler|Run( 8940):   Finished ReelRequestInitializer in 1ms
07-10 02:56:10.201 W/AppInitScheduler|Schedule( 8940):   Executing 136:TNTSPostInitializer
07-10 02:56:10.202 W/AppInitScheduler|Schedule( 8940):   Executing 64:JestE2EInitializer
07-10 02:56:10.202 W/AppInitScheduler|Run( 8940): Running TNTSPostInitializer, order=50, priorityHint=null 
07-10 02:56:10.202 W/stagram.androi( 8940): JNI RegisterNativeMethods: attempt to register 0 native methods for com.facebook.traffic.nts.providers.reachability.ReachabilityV2ProviderAppLayerUpcallsImpl
07-10 02:56:10.204 D/ConnectivityService( 1060): requestNetwork for uid/pid:10204/8940 activeRequest: null callbackRequest: 370617 [NetworkRequest [ REQUEST id=370618, [ Capabilities: INTERNET&NOT_RESTRICTED&TRUSTED&NOT_VCN_MANAGED Uid: 10204 RequestorUid: 10204 RequestorPkg: com.instagram.android UnderlyingNetworks: Null] ]] callback flags: 0 order: 2147483647 isUidTracked: false declaredMethods: AVAIL|LOST|NC|LP
07-10 02:56:10.205 W/AppInitScheduler|Run( 8940): Running JestE2EInitializer, order=51, priorityHint=null 
07-10 02:56:10.206 W/AppInitScheduler|Run( 8940):   Finished JestE2EInitializer in 1ms
07-10 02:56:10.206 W/AppInitScheduler|Schedule( 8940):   Executing 37:BloksInitializer
07-10 02:56:10.206 W/AppInitScheduler|Run( 8940): Running BloksInitializer, order=75, priorityHint=null 
07-10 02:56:10.206 W/AppInitScheduler|Run( 8940):   Finished BloksInitializer in 1ms
07-10 02:56:10.206 W/AppInitScheduler|Schedule( 8940):   Executing 104:YogaInitializer
07-10 02:56:10.206 W/AppInitScheduler|Run( 8940): Running YogaInitializer, order=85, priorityHint=null 
07-10 02:56:10.207 W/AppInitScheduler|Run( 8940):   Finished YogaInitializer in 0ms
07-10 02:56:10.207 W/AppInitScheduler|Schedule( 8940):   Executing 96:SignalManagerEarlyInitializer
07-10 02:56:10.207 W/AppInitScheduler|Run( 8940): Running SignalManagerEarlyInitializer, order=89, priorityHint=null 
07-10 02:56:10.210 D/WifiNetworkFactory( 1060): got request NetworkRequest [ REQUEST id=370618, [ Capabilities: INTERNET&NOT_RESTRICTED&TRUSTED&NOT_VCN_MANAGED Uid: 10204 RequestorUid: 10204 RequestorPkg: com.instagram.android UnderlyingNetworks: Null] ]
07-10 02:56:10.211 D/UntrustedWifiNetworkFactory( 1060): got request NetworkRequest [ REQUEST id=370618, [ Capabilities: INTERNET&NOT_RESTRICTED&TRUSTED&NOT_VCN_MANAGED Uid: 10204 RequestorUid: 10204 RequestorPkg: com.instagram.android UnderlyingNetworks: Null] ]
07-10 02:56:10.208 W/stagram.androi( 8940): JNI RegisterNativeMethods: attempt to register 0 native methods for com.facebook.traffic.nts.providers.radiosignal.RadioSignalProviderAppLayerUpcallsImpl
07-10 02:56:10.212 E/MlockOptimization( 8940): mlock 0x7892e04000 14319616 failed for 7892e04000-7893bac000 r--p 00000000 fe:0c 2544396                        /data/app/~~lD94rCHMGspfmr9Chsa9Jg==/com.instagram.android-I-FSsOWDHZJWjnF0wDx7LA==/oat/arm64/base.odex
07-10 02:56:10.212 D/OemPaidWifiNetworkFactory( 1060): got request NetworkRequest [ REQUEST id=370618, [ Capabilities: INTERNET&NOT_RESTRICTED&TRUSTED&NOT_VCN_MANAGED Uid: 10204 RequestorUid: 10204 RequestorPkg: com.instagram.android UnderlyingNetworks: Null] ]
07-10 02:56:10.212 E/MlockOptimization( 8940): mlock 0x7893bac000 49086464 failed for 7893bac000-7896a7c000 r-xp 00da8000 fe:0c 2544396                        /data/app/~~lD94rCHMGspfmr9Chsa9Jg==/com.instagram.android-I-FSsOWDHZJWjnF0wDx7LA==/oat/arm64/base.odex
07-10 02:56:10.212 W/MlockOptimization( 8940): mlock 0x7896a7c000 323584 successful for 7896a7c000-7896acb000 r--p 03c78000 fe:0c 2544396                        /data/app/~~lD94rCHMGspfmr9Chsa9Jg==/com.instagram.android-I-FSsOWDHZJWjnF0wDx7LA==/oat/arm64/base.odex
07-10 02:56:10.213 D/ConnectivityService( 1060): NetReassign [370618 : null → 263] [c 0] [a 1] [i 7]
07-10 02:56:10.214 W/AppInitScheduler|Run( 8940):   Finished SignalManagerEarlyInitializer in 8ms
07-10 02:56:10.214 W/AppInitScheduler|Schedule( 8940):   Executing 19:QplXplatDelayedInitializer
07-10 02:56:10.215 W/AppInitScheduler|Run( 8940): Running QplXplatDelayedInitializer, order=41, priorityHint=null 
07-10 02:56:10.216 W/AppInitScheduler|Run( 8940):   Finished QplXplatDelayedInitializer in 1ms
07-10 02:56:10.216 W/AppInitScheduler|Schedule( 8940):   Executing 119:HeroServiceControllerEarlyInitializer
07-10 02:56:10.216 W/AppInitScheduler|Run( 8940): Running HeroServiceControllerEarlyInitializer, order=95, priorityHint=null 
07-10 02:56:10.216 W/AppInitScheduler|Run( 8940):   Finished HeroServiceControllerEarlyInitializer in 0ms
07-10 02:56:10.216 W/AppInitScheduler|Schedule( 8940):   Executing 57:ImageInfraInitializer
07-10 02:56:10.216 W/AppInitScheduler|Run( 8940): Running ImageInfraInitializer, order=61, priorityHint=null 
07-10 02:56:10.217 W/AppInitScheduler|Run( 8940):   Finished TNTSPostInitializer in 15ms
07-10 02:56:10.217 D/nativeloader( 8940): Load /data/app/~~lD94rCHMGspfmr9Chsa9Jg==/com.instagram.android-I-FSsOWDHZJWjnF0wDx7LA==/lib/arm64/libdextricks-early.so using class loader ns clns-7 (caller=/data/app/~~lD94rCHMGspfmr9Chsa9Jg==/com.instagram.android-I-FSsOWDHZJWjnF0wDx7LA==/base.apk!classes3.dex): ok
07-10 02:56:10.218 W/AssetMgrDexExtractor( 8940): Could not open classes.dex: This file can not be opened as a file descriptor; it is probably compressed
07-10 02:56:10.218 W/AssetMgrDexExtractor( 8940): No dex ranges found using AssetManager for /data/app/~~lD94rCHMGspfmr9Chsa9Jg==/com.instagram.android-I-FSsOWDHZJWjnF0wDx7LA==/base.apk
07-10 02:56:10.218 W/OptimizationRunner( 8940): Optimization plan executed but processed 0 bytes
07-10 02:56:10.218 W/MlockOptimization( 8940): mlock2 0x7896b2c000 151502848 failed for 7896b2c000-789fba8000 rw-p 00000000 fe:0c 2510926                        /data/app/~~lD94rCHMGspfmr9Chsa9Jg==/com.instagram.android-I-FSsOWDHZJWjnF0wDx7LA==/oat/arm64/base.vdex, falling back to mlock
07-10 02:56:10.219 E/MlockOptimization( 8940): mlock 0x7896b2c000 151502848 failed for 7896b2c000-789fba8000 rw-p 00000000 fe:0c 2510926                        /data/app/~~lD94rCHMGspfmr9Chsa9Jg==/com.instagram.android-I-FSsOWDHZJWjnF0wDx7LA==/oat/arm64/base.vdex
07-10 02:56:10.219 W/OptimizationRunner( 8940): Optimization plan executed but processed 0 bytes
07-10 02:56:10.219 W/OptimizationRunner( 8940): Optimization plan executed but processed 0 bytes
07-10 02:56:10.219 W/ExperimentConfigurator( 8940): onAppInit completed: 1 configs executed
07-10 02:56:10.234 W/AppInitScheduler|Run( 8940):   Finished ImageInfraInitializer in 18ms
07-10 02:56:10.234 W/AppInitScheduler|Schedule( 8940):   Executing 144:MarkSequentialLoadComplete
07-10 02:56:10.234 W/AppInitScheduler|Run( 8940): Running MarkSequentialLoadComplete, order=62, priorityHint=null 
07-10 02:56:10.234 W/AppInitScheduler|Run( 8940):   Finished MarkSequentialLoadComplete in 0ms
07-10 02:56:10.234 W/AppInitScheduler|Schedule( 8940):   Executing 24:AppBackgroundListenerInitializer
07-10 02:56:10.234 W/AppInitScheduler|Schedule( 8940):   Executing 95:ShareToFeedInitializer
07-10 02:56:10.234 W/AppInitScheduler|Schedule( 8940):   Executing 48:FeedCacheInitializer
07-10 02:56:10.234 W/AppInitScheduler|Schedule( 8940):   Executing 22:AdsCacheInitializer
07-10 02:56:10.234 W/AppInitScheduler|Schedule( 8940):   Executing 108:ReelsCacheInitializer
07-10 02:56:10.234 W/AppInitScheduler|Schedule( 8940):   Executing 128:ClipsTabInitializer
07-10 02:56:10.234 W/AppInitScheduler|Schedule( 8940):   Executing 80:PendingMediaInitializer
07-10 02:56:10.234 W/AppInitScheduler|Schedule( 8940):   Executing 132:TypefaceInitializer
07-10 02:56:10.234 W/AppInitScheduler|Schedule( 8940):   Executing 127:ActivityViewInflaterInitializer
07-10 02:56:10.234 W/AppInitScheduler|Schedule( 8940):   Executing 61:InstagramPluginInitializer
07-10 02:56:10.234 W/AppInitScheduler|Schedule( 8940):   Executing 79:PandoGraphQLInitializer
07-10 02:56:10.234 W/AppInitScheduler|Schedule( 8940):   Executing 51:HeliumInitializer
07-10 02:56:10.234 W/AppInitScheduler|Schedule( 8940):   Executing 138:ResponseObserverInitializer
07-10 02:56:10.234 W/AppInitScheduler|Schedule( 8940):   Executing 141:UsdidInitializer
07-10 02:56:10.234 W/AppInitScheduler|Schedule( 8940):   Executing 143:PreloadsFirstAppOpenFlagInitializer
07-10 02:56:10.234 W/AppInitScheduler|Run( 8940): Running AppBackgroundListenerInitializer, order=42, priorityHint=null 
07-10 02:56:10.235 W/AppInitScheduler|Run( 8940): Running ShareToFeedInitializer, order=43, priorityHint=null 
07-10 02:56:10.235 W/AppInitScheduler|Run( 8940): Running FeedCacheInitializer, order=44, priorityHint=null 
07-10 02:56:10.236 W/AppInitScheduler|Run( 8940): Running ReelsCacheInitializer, order=53, priorityHint=null 
07-10 02:56:10.236 W/AppInitScheduler|Run( 8940): Running AdsCacheInitializer, order=45, priorityHint=null 
07-10 02:56:10.237 D/PackageManager( 1060): PMS setEnabledSetting: packageName = com.instagram.android, className = com.instagram.share.handleractivity.ShareHandlerActivity, newState = 1, flags = 1, userId = 0, callingPackage = null, callingUid = 10204, allowedByPermission = false
07-10 02:56:10.238 W/AppInitScheduler|Run( 8940):   Finished ShareToFeedInitializer in 3ms
07-10 02:56:10.238 W/AppInitScheduler|Run( 8940): Running ClipsTabInitializer, order=54, priorityHint=null 
07-10 02:56:10.238 W/LogPrintlnFixie( 8940): Hook disabled by config
07-10 02:56:10.238 W/AppInitScheduler|Run( 8940): Running PendingMediaInitializer, order=56, priorityHint=null 
07-10 02:56:10.239 W/AppInitScheduler|Run( 8940):   Finished ClipsTabInitializer in 1ms
07-10 02:56:10.239 W/AppInitScheduler|Run( 8940): Running ActivityViewInflaterInitializer, order=68, priorityHint=null 
07-10 02:56:10.239 W/AppInitScheduler|Run( 8940):   Finished ActivityViewInflaterInitializer in 0ms
07-10 02:56:10.239 W/AppInitScheduler|Schedule( 8940):   Executing 140:DirectInitializer
07-10 02:56:10.239 W/AppInitScheduler|Run( 8940): Running DirectInitializer, order=71, priorityHint=null 
07-10 02:56:10.239 W/AppInitScheduler|Run( 8940):   Finished DirectInitializer in 0ms
07-10 02:56:10.239 W/AppInitScheduler|Run( 8940): Running PandoGraphQLInitializer, order=87, priorityHint=null 
07-10 02:56:10.239 W/AppInitScheduler|Run( 8940):   Finished PendingMediaInitializer in 1ms
07-10 02:56:10.239 W/AppInitScheduler|Run( 8940): Running HeliumInitializer, order=99, priorityHint=null 
07-10 02:56:10.240 W/AppInitScheduler|Run( 8940):   Finished HeliumInitializer in 0ms
07-10 02:56:10.240 W/AppInitScheduler|Run( 8940): Running ResponseObserverInitializer, order=108, priorityHint=null 
07-10 02:56:10.240 W/AppInitScheduler|Run( 8940):   Finished PandoGraphQLInitializer in 0ms
07-10 02:56:10.240 W/AppInitScheduler|Schedule( 8940):   Executing 135:SDBInitializer
07-10 02:56:10.240 W/AppInitScheduler|Schedule( 8940):   Executing 142:DirectBootstrapInitializer
07-10 02:56:10.240 W/AppInitScheduler|Run( 8940):   Finished ResponseObserverInitializer in 0ms
07-10 02:56:10.240 W/AppInitScheduler|Run( 8940): Running UsdidInitializer, order=110, priorityHint=null 
07-10 02:56:10.240 W/AppInitScheduler|Run( 8940):   Finished UsdidInitializer in 1ms
07-10 02:56:10.240 W/AppInitScheduler|Schedule( 8940):   Executing 151:PLogConfigSyncInitializer
07-10 02:56:10.241 W/AppInitScheduler|Run( 8940): Running SDBInitializer, order=15, priorityHint=null 
07-10 02:56:10.241 W/AppInitScheduler|Run( 8940): Running TypefaceInitializer, order=67, priorityHint=null 
07-10 02:56:10.241 W/AppInitScheduler|Run( 8940):   Finished SDBInitializer in 0ms
07-10 02:56:10.241 W/AppInitScheduler|Run( 8940): Running DirectBootstrapInitializer, order=33, priorityHint=null 
07-10 02:56:10.241 W/AppInitScheduler|Run( 8940):   Finished TypefaceInitializer in 2ms
07-10 02:56:10.241 W/AppInitScheduler|Run( 8940):   Finished DirectBootstrapInitializer in 0ms
07-10 02:56:10.241 W/AppInitScheduler|Run( 8940): Running PreloadsFirstAppOpenFlagInitializer, order=111, priorityHint=null 
07-10 02:56:10.241 W/AppInitScheduler|Run( 8940): Running PLogConfigSyncInitializer, order=112, priorityHint=null 
07-10 02:56:10.241 W/AppInitScheduler|Run( 8940):   Finished PreloadsFirstAppOpenFlagInitializer in 1ms
07-10 02:56:10.241 W/AppInitScheduler|Run( 8940): Running InstagramPluginInitializer, order=70, priorityHint=null 
07-10 02:56:10.241 W/AppInitScheduler|Run( 8940):   Finished PLogConfigSyncInitializer in 1ms
07-10 02:56:10.242 W/AppInitScheduler|Run( 8940):   Finished AdsCacheInitializer in 6ms
07-10 02:56:10.242 D/PackageManager( 1060): PMS setEnabledSetting: packageName = com.instagram.android, className = com.instagram.share.handleractivity.ShareHandlerActivityMultipleFeedAlias, newState = 1, flags = 1, userId = 0, callingPackage = null, callingUid = 10204, allowedByPermission = false
07-10 02:56:10.244 W/AppInitScheduler|Run( 8940):   Finished ReelsCacheInitializer in 9ms
07-10 02:56:10.253 D/ConnectivityService( 1060): requestNetwork for uid/pid:10204/8940 activeRequest: null callbackRequest: 370619 [NetworkRequest [ REQUEST id=370620, [ Capabilities: INTERNET&NOT_RESTRICTED&TRUSTED&NOT_VCN_MANAGED Uid: 10204 RequestorUid: 10204 RequestorPkg: com.instagram.android UnderlyingNetworks: Null] ]] callback flags: 0 order: 2147483647 isUidTracked: false declaredMethods: AVAIL|LOST|NC
07-10 02:56:10.254 W/AppInitScheduler|Run( 8940):   Finished AppBackgroundListenerInitializer in 20ms
07-10 02:56:10.260 D/WifiNetworkFactory( 1060): got request NetworkRequest [ REQUEST id=370620, [ Capabilities: INTERNET&NOT_RESTRICTED&TRUSTED&NOT_VCN_MANAGED Uid: 10204 RequestorUid: 10204 RequestorPkg: com.instagram.android UnderlyingNetworks: Null] ]
07-10 02:56:10.260 D/UntrustedWifiNetworkFactory( 1060): got request NetworkRequest [ REQUEST id=370620, [ Capabilities: INTERNET&NOT_RESTRICTED&TRUSTED&NOT_VCN_MANAGED Uid: 10204 RequestorUid: 10204 RequestorPkg: com.instagram.android UnderlyingNetworks: Null] ]
07-10 02:56:10.261 D/OemPaidWifiNetworkFactory( 1060): got request NetworkRequest [ REQUEST id=370620, [ Capabilities: INTERNET&NOT_RESTRICTED&TRUSTED&NOT_VCN_MANAGED Uid: 10204 RequestorUid: 10204 RequestorPkg: com.instagram.android UnderlyingNetworks: Null] ]
07-10 02:56:10.261 W/AppInitScheduler|Run( 8940):   Finished FeedCacheInitializer in 27ms
07-10 02:56:10.261 D/ConnectivityService( 1060): NetReassign [370620 : null → 263] [c 0] [a 1] [i 6]
07-10 02:56:10.269 W/AppInitScheduler|Run( 8940):   Finished InstagramPluginInitializer in 31ms
07-10 02:56:10.269 W/AppInitScheduler|Schedule( 8940):   Executing 23:AnalyticsInitializer
07-10 02:56:10.270 W/AppInitScheduler|Run( 8940): Running AnalyticsInitializer, order=46, priorityHint=null 
07-10 02:56:10.317 D/performance( 1060): handleVmpressure, swap:95 pressure:2 thrashing:-1
07-10 02:56:10.322 D/enhanceHAL(  602): slpSetBrightness: ambient = 368
07-10 02:56:10.466 W/SoLoader( 8940): SoLoader already initialized
07-10 02:56:10.476 W/SoLoader( 8940): SoLoader already initialized
07-10 02:56:10.477 W/AppInitScheduler|Run( 8940):   Finished AnalyticsInitializer in 208ms
07-10 02:56:10.477 W/AppInitScheduler|Schedule( 8940):   Executing 93:SessionScopedProviderInitializer
07-10 02:56:10.478 W/AppInitScheduler|Run( 8940): Running SessionScopedProviderInitializer, order=72, priorityHint=null 
07-10 02:56:10.480 W/SessionScopedProviderInitializer( 8940): Initialize com.facebook.codecmanagement.factory.instagram.IgSessionAwareManagedCodecPoolSingleton start
07-10 02:56:10.480 W/SessionScopedProviderInitializer( 8940): Initialize com.facebook.codecmanagement.factory.instagram.IgSessionAwareManagedCodecPoolSingleton end
07-10 02:56:10.480 W/SessionScopedProviderInitializer( 8940): Initialize com.instagram.fxcache.fetainfo.UserSessionStart start
07-10 02:56:10.481 W/SessionScopedProviderInitializer( 8940): Initialize com.facebook.papaya.fb.instagram.papaya.UserSessionStart start
07-10 02:56:10.481 W/SessionScopedProviderInitializer( 8940): Initialize com.facebook.papaya.fb.instagram.papaya.UserSessionStart end
07-10 02:56:10.481 W/SessionScopedProviderInitializer( 8940): Initialize com.facebook.papaya.fb.instagram.UserSessionStart start
07-10 02:56:10.481 W/SessionScopedProviderInitializer( 8940): Initialize com.facebook.papaya.fb.instagram.UserSessionStart end
07-10 02:56:10.481 W/SessionScopedProviderInitializer( 8940): Initialize com.facebook.papaya.fb.instagram.lightweight.UserSessionStart start
07-10 02:56:10.481 W/SessionScopedProviderInitializer( 8940): Initialize com.facebook.papaya.fb.instagram.lightweight.UserSessionStart end
