07-10 02:55:57.522 I/lowmemorykiller(  331): Reclaimed 295212kB, cache(713652kB) and free(49104kB)-reserved(34920kB) below min(483840kB) for oom_score_adj 900
07-10 02:55:57.522 I/lowmemorykiller(  331): Suppressed 2 failed kill reports
07-10 02:55:57.524 I/LoadedApk( 8696): No resource references to update in package com.transsion.theme.icon
07-10 02:55:57.524 D/NetworkSecurityConfig( 8696): Using Network Security Config from resource fb_network_security_config debugBuild: false
07-10 02:55:57.528 W/0Lx     ( 8654): Ignoring dex metadata pragma: .superpack_files 1
07-10 02:55:57.529 D/NetworkSecurityConfig( 8696): Using Network Security Config from resource fb_network_security_config debugBuild: false
07-10 02:55:57.530 W/0Lx     ( 8654): Ignoring dex metadata pragma: .locator_id 11
07-10 02:55:57.549 W/0Lx     ( 8654): Ignoring dex metadata pragma: .superpack_files 1
07-10 02:55:57.550 W/0Lx     ( 8654): Ignoring dex metadata pragma: .locator_id 36
07-10 02:55:57.553 W/FbSoLoader( 8654): FBSoLoader already initialiazed
07-10 02:55:57.554 W/SoLoader( 8654): Registering application split s_fizz_mnshttp_msys split_s_fizz_mnshttp_msys.apk
07-10 02:55:57.559 W/SoLoader( 8654): Prepending SoSource s_fizz_mnshttp_msys-asset-libs: SuperpackSoSource[root = /data/data/com.facebook.lite/app_modules/s_fizz_mnshttp_msys_d9b8724f4dd7d7f26ba51a7c42daec8b47279864b074d527b4b16848ca3945cf/download/libs/arm64-v8a/1001400738/asset-libs flags = 1 split = dynamic split:s_fizz_mnshttp_msys compressedPath = assets/s_fizz_mnshttp_msys/libs.spk.xz identity = s_fizz_mnshttp_msys]
07-10 02:55:57.563 W/FbSoLoader( 8654): FBSoLoader already initialiazed
07-10 02:55:57.564 W/SoLoader( 8654): Registering application split s_fizz_msys split_s_fizz_msys.apk
07-10 02:55:57.564 D/d       ( 8696): ExceptionHandlerManager not explicitly initialized, using default mode
07-10 02:55:57.564 D/d       ( 8696): initializing exception handler manager, prioritized=true
07-10 02:55:57.569 W/SoLoader( 8654): Prepending SoSource s_fizz_msys-asset-libs: SuperpackSoSource[root = /data/data/com.facebook.lite/app_modules/s_fizz_msys_4a2f9550ef8dd44ac6ef259019555e1b39381f502596dc59cd3e291675b24b5b/download/libs/arm64-v8a/1001400738/asset-libs flags = 1 split = dynamic split:s_fizz_msys compressedPath = assets/s_fizz_msys/libs.spk.xz identity = s_fizz_msys]
07-10 02:55:57.569 W/SoLoader( 8696): Initializing SoLoader: 0
07-10 02:55:57.570 W/SoLoader( 8696): context.getApplicationContext returned null, holding reference to original context.ApplicationSoSource fallbacks to: /data/app/~~EasBFf4jVToz7JeBeJy00w==/com.facebook.services-TdfTplgQtFZ7cGYDyzPQdg==/lib/arm64
07-10 02:55:57.570 I/SoLoader( 8696): Recording new base apk path: /data/app/~~EasBFf4jVToz7JeBeJy00w==/com.facebook.services-TdfTplgQtFZ7cGYDyzPQdg==/base.apk
07-10 02:55:57.570 I/SoLoader( 8696): Previously recorded 0 base apk paths.
07-10 02:55:57.572 I/SoLoader( 8696): Preparing SO source: DirectorySoSource[root = /vendor/lib64 flags = 2]
07-10 02:55:57.573 W/FbSoLoader( 8654): FBSoLoader already initialiazed
07-10 02:55:57.573 I/SoLoader( 8696): Preparing SO source: DirectorySoSource[root = /system_ext/lib64 flags = 2]
07-10 02:55:57.573 I/SoLoader( 8696): Preparing SO source: DirectorySoSource[root = /system/lib64 flags = 2]
07-10 02:55:57.573 I/SoLoader( 8696): Preparing SO source: DirectApkSoSource[root = [/data/app/~~EasBFf4jVToz7JeBeJy00w==/com.facebook.services-TdfTplgQtFZ7cGYDyzPQdg==/base.apk!/lib/arm64-v8a]]
07-10 02:55:57.573 W/SoLoader( 8654): Registering application split s_fizz_msysinfra split_s_fizz_msysinfra.apk
07-10 02:55:57.575 I/SoLoader( 8696): Preparing SO source: ApplicationSoSource[DirectorySoSource[root = /data/app/~~EasBFf4jVToz7JeBeJy00w==/com.facebook.services-TdfTplgQtFZ7cGYDyzPQdg==/lib/arm64 flags = 1]]
07-10 02:55:57.576 W/SoLoader( 8696): SoLoader initialized: 8
07-10 02:55:57.579 W/SoLoader( 8654): Prepending SoSource s_fizz_msysinfra-asset-libs: SuperpackSoSource[root = /data/data/com.facebook.lite/app_modules/s_fizz_msysinfra_b611d47df84c0833445a0e3d1a7dbba24ec788fd69c0f1a20cfecca7b6d0c8e2/download/libs/arm64-v8a/1001400738/asset-libs flags = 1 split = dynamic split:s_fizz_msysinfra compressedPath = assets/s_fizz_msysinfra/libs.spk.xz identity = s_fizz_msysinfra]
07-10 02:55:57.593 D/enhanceHAL(  602): slpSetBrightness: ambient = 369
07-10 02:55:57.602 W/FbSoLoader( 8654): FBSoLoader already initialiazed
07-10 02:55:57.603 W/SoLoader( 8654): Registering application split s_fizz_selfiecapture split_s_fizz_selfiecapture.apk
07-10 02:55:57.608 W/SoLoader( 8654): Prepending SoSource s_fizz_selfiecapture-asset-libs: SuperpackSoSource[root = /data/data/com.facebook.lite/app_modules/s_fizz_selfiecapture_bc0253702aeec0211082278ea2ddeba0621dd190d1c8dd50acf44b5875cbdf5c/download/libs/arm64-v8a/1001400738/asset-libs flags = 1 split = dynamic split:s_fizz_selfiecapture compressedPath = assets/s_fizz_selfiecapture/libs.spk.xz identity = s_fizz_selfiecapture]
07-10 02:55:57.613 E/m.facebook.lit( 8654): Attempt to load writable dex file: /data/data/com.facebook.lite/app_modules/shared_fizz_ms_profilo_286b3155f1bc08571aff9b17166befb66c8a1ffd02ccff7bfa8b9c5d6eca42d6/dex/prog-3a6eda1270d722b34c5ca5d3562aff1b78146f0b.dex
07-10 02:55:57.613 W/m.facebook.lit( 8654): Opening an oat file without a class loader. Are you using the deprecated DexFile APIs?
07-10 02:55:57.615 W/FbSoLoader( 8654): FBSoLoader already initialiazed
07-10 02:55:57.615 W/SoLoader( 8654): Registering application split shared_fizz_ms_profilo split_shared_fizz_ms_profilo.apk
07-10 02:55:57.620 D/BroadcastQueue( 1060): Add broadcast <BroadcastRecord{b604e23 u-1 android.net.conn.CONNECTIVITY_CHANGE}> into [parallel | background], pending size 0
07-10 02:55:57.621 W/SoLoader( 8654): Prepending SoSource shared_fizz_ms_profilo-asset-libs: SuperpackSoSource[root = /data/data/com.facebook.lite/app_modules/shared_fizz_ms_profilo_286b3155f1bc08571aff9b17166befb66c8a1ffd02ccff7bfa8b9c5d6eca42d6/download/libs/arm64-v8a/1001400738/asset-libs flags = 1 split = dynamic split:shared_fizz_ms_profilo compressedPath = assets/shared_fizz_ms_profilo/libs.spk.xz identity = shared_fizz_ms_profilo]
07-10 02:55:57.621 D/BroadcastQueue( 1060): Done with parallel broadcast [background] [BroadcastRecord{b604e23 u-1 android.net.conn.CONNECTIVITY_CHANGE}]
07-10 02:55:57.625 E/m.facebook.lit( 8654): Attempt to load writable dex file: /data/data/com.facebook.lite/app_modules/fizz_8cde3d886bc943347cf9114bc7e5c61ecfb587b648949e684c34ff8d7951c7fe/dex/prog-de5cfbc7d79ed0fb4305f3f07d252d0f221ea256.dex
07-10 02:55:57.625 W/m.facebook.lit( 8654): Opening an oat file without a class loader. Are you using the deprecated DexFile APIs?
07-10 02:55:57.627 W/FbSoLoader( 8654): FBSoLoader already initialiazed
07-10 02:55:57.628 W/SoLoader( 8654): Registering application split fizz split_fizz.apk
07-10 02:55:57.632 W/SoLoader( 8654): Prepending SoSource fizz-asset-libs: SuperpackSoSource[root = /data/data/com.facebook.lite/app_modules/fizz_8cde3d886bc943347cf9114bc7e5c61ecfb587b648949e684c34ff8d7951c7fe/download/libs/arm64-v8a/1001400738/asset-libs flags = 1 split = dynamic split:fizz compressedPath = assets/fizz/libs.spk.xz identity = fizz]
07-10 02:55:57.650 D/ConnectivityService( 1060): releasing NetworkRequest [ REQUEST id=370597, [ Capabilities: INTERNET&NOT_RESTRICTED&TRUSTED&NOT_VCN_MANAGED Uid: 10204 RequestorUid: 10204 RequestorPkg: com.instagram.android UnderlyingNetworks: Null] ] (release request)
07-10 02:55:57.650 W/0Lx     ( 8654): Ignoring dex metadata pragma: .superpack_files 1
07-10 02:55:57.650 D/ConnectivityService( 1060): releasing NetworkRequest [ REQUEST id=370603, [ Capabilities: INTERNET&NOT_RESTRICTED&TRUSTED&NOT_VCN_MANAGED Uid: 10204 RequestorUid: 10204 RequestorPkg: com.instagram.android UnderlyingNetworks: Null] ] (release request)
07-10 02:55:57.651 D/ConnectivityService( 1060): releasing NetworkRequest [ REQUEST id=370601, [ Capabilities: INTERNET&NOT_RESTRICTED&TRUSTED&NOT_VCN_MANAGED Uid: 10204 RequestorUid: 10204 RequestorPkg: com.instagram.android UnderlyingNetworks: Null] ] (release request)
07-10 02:55:57.651 I/Zygote  (  571): Process 8093 exited due to signal 9 (Killed)
07-10 02:55:57.651 D/ConnectivityService( 1060): releasing NetworkRequest [ REQUEST id=370606, [ Capabilities: INTERNET&NOT_RESTRICTED&TRUSTED&NOT_VCN_MANAGED Uid: 10204 RequestorUid: 10204 RequestorPkg: com.instagram.android UnderlyingNetworks: Null] ] (release request)
07-10 02:55:57.652 D/ConnectivityService( 1060): releasing NetworkRequest [ REQUEST id=370599, [ Capabilities: INTERNET&NOT_RESTRICTED&TRUSTED&NOT_VCN_MANAGED Uid: 10204 RequestorUid: 10204 RequestorPkg: com.instagram.android UnderlyingNetworks: Null] ] (release request)
07-10 02:55:57.652 I/ActivityManager( 1060): Process com.instagram.android (pid 8093) has died: cch SVC 
07-10 02:55:57.652 W/0Lx     ( 8654): Ignoring dex metadata pragma: .locator_id 17
07-10 02:55:57.652 D/TranAppmService( 1060): remove callback due to processDied: pid = 8093, size = 0
07-10 02:55:57.652 V/ActivityManager( 1060): Clean up application record for ProcessRecord{4a92649 8093:com.instagram.android/u0a204} restarting=false allowRestart=true index=-1 replacingPid=false fromBinderDied=true
07-10 02:55:57.652 D/performance( 1060): handleVmpressure, swap:98 pressure:2 thrashing:-1
07-10 02:55:57.652 D/ConnectivityService( 1060): releasing NetworkRequest [ REQUEST id=370611, [ Capabilities: INTERNET&NOT_RESTRICTED&TRUSTED&NOT_VCN_MANAGED Uid: 10204 RequestorUid: 10204 RequestorPkg: com.instagram.android UnderlyingNetworks: Null] ] (release request)
07-10 02:55:57.652 D/ConnectivityService( 1060): releasing NetworkRequest [ REQUEST id=370609, [ Capabilities: INTERNET&NOT_RESTRICTED&TRUSTED&NOT_VCN_MANAGED Uid: 10204 RequestorUid: 10204 RequestorPkg: com.instagram.android UnderlyingNetworks: Null] ] (release request)
07-10 02:55:57.653 D/os.ActivityManagerServiceLice( 1060): make process inactive com.instagram.android(8093)
07-10 02:55:57.654 W/ActivityManager( 1060): Scheduling restart of crashed service com.instagram.android/com.instagram.jobscheduler.bgfetch.scheduler.IgBgFetchTaskLifeService in 312158223073280ms for start-requested
07-10 02:55:57.656 E/UnisocWatchdog( 1060): WDT_Monitor_wpp processJavaDied 3rd:com.instagram.android
07-10 02:55:57.657 D/PackageManager( 1060): PMS setEnabledSetting: packageName = com.facebook.services, className = com.facebook.oxygen.services.helium.trampoline.HeliumSandboxedService, newState = 1, flags = 1, userId = 0, callingPackage = null, callingUid = 10053, allowedByPermission = false
07-10 02:55:57.658 D/PackageManager( 1060): PMS setEnabledSetting: packageName = com.facebook.services, className = com.facebook.oxygen.services.helium.trampoline.HeliumSandboxedService0, newState = 1, flags = 1, userId = 0, callingPackage = null, callingUid = 10053, allowedByPermission = false
07-10 02:55:57.658 I/libprocessgroup( 1060): Successfully killed process cgroup uid 10204 pid 8093 in 0ms
07-10 02:55:57.658 D/DeviceIdleControllerEx( 1060): packageName: com.instagram.android uid: 10204 is in preset white app list
07-10 02:55:57.659 D/TranAppmService( 1060): remove callback due to processDied: pid = 8093, size = 0
07-10 02:55:57.661 W/FbSoLoader( 8654): FBSoLoader already initialiazed
07-10 02:55:57.661 D/PackageManager( 1060): PMS setEnabledSetting: packageName = com.facebook.services, className = com.facebook.oxygen.services.helium.trampoline.HeliumSandboxedService1, newState = 1, flags = 1, userId = 0, callingPackage = null, callingUid = 10053, allowedByPermission = false
07-10 02:55:57.662 W/SoLoader( 8654): Registering application split s_mnshttp_msys_rtc split_s_mnshttp_msys_rtc.apk
07-10 02:55:57.668 W/SoLoader( 8654): Prepending SoSource s_mnshttp_msys_rtc-asset-libs: SuperpackSoSource[root = /data/data/com.facebook.lite/app_modules/s_mnshttp_msys_rtc_23132307f52c627bf27709ca6cbe60bc677c58895316ebe4fe0c5c31ec1cee74/download/libs/arm64-v8a/1001400738/asset-libs flags = 1 split = dynamic split:s_mnshttp_msys_rtc compressedPath = assets/s_mnshttp_msys_rtc/libs.spk.xz identity = s_mnshttp_msys_rtc]
07-10 02:55:57.672 E/m.facebook.lit( 8654): Attempt to load writable dex file: /data/data/com.facebook.lite/app_modules/mnshttp_03ddcde37fd3e68daac2be2b7b760444c8191cb3b572a261dfae5fccb27903c1/dex/prog-23e327224bd248a20375ba80b2dd026f46e1dd74.dex
07-10 02:55:57.672 W/m.facebook.lit( 8654): Opening an oat file without a class loader. Are you using the deprecated DexFile APIs?
07-10 02:55:57.675 W/FbSoLoader( 8654): FBSoLoader already initialiazed
07-10 02:55:57.676 W/SoLoader( 8654): Registering application split mnshttp split_mnshttp.apk
07-10 02:55:57.680 W/SoLoader( 8654): Prepending SoSource mnshttp-asset-libs: SuperpackSoSource[root = /data/data/com.facebook.lite/app_modules/mnshttp_03ddcde37fd3e68daac2be2b7b760444c8191cb3b572a261dfae5fccb27903c1/download/libs/arm64-v8a/1001400738/asset-libs flags = 1 split = dynamic split:mnshttp compressedPath = assets/mnshttp/libs.spk.xz identity = mnshttp]
07-10 02:55:57.693 W/X.0HN   ( 8654): Creating default notification channel, id=other, name=Other
07-10 02:55:57.697 W/SoLoader[NativeDeps]( 8654): Couldn't find libeverythingmerged_fizz.so in native deps file
07-10 02:55:57.697 W/SoLoader[NativeDeps]( 8654): Falling back to custom ELF parsing when loading libeverythingmerged_fizz.so, this can be slow
07-10 02:55:57.701 D/CompatibilityChangeReporter( 8654): Compat change id reported: 160794467; UID 10221; state: ENABLED
07-10 02:55:57.705 W/SoLoader[NativeDeps]( 8654): Couldn't find libeverythingmerged_s_fizz_selfiecapture.so in native deps file
07-10 02:55:57.705 W/SoLoader[NativeDeps]( 8654): Falling back to custom ELF parsing when loading libeverythingmerged_s_fizz_selfiecapture.so, this can be slow
07-10 02:55:57.706 W/SoLoader[NativeDeps]( 8654): Couldn't find libeverythingmerged_mnshttp.so in native deps file
07-10 02:55:57.706 W/SoLoader[NativeDeps]( 8654): Falling back to custom ELF parsing when loading libeverythingmerged_mnshttp.so, this can be slow
07-10 02:55:57.708 D/CompatibilityChangeReporter( 1060): Compat change id reported: 135634846; UID 10068; state: DISABLED
07-10 02:55:57.708 D/CompatibilityChangeReporter( 1060): Compat change id reported: 135754954; UID 10068; state: ENABLED
07-10 02:55:57.709 D/CompatibilityChangeReporter( 1060): Compat change id reported: 143937733; UID 10068; state: ENABLED
07-10 02:55:57.712 W/SoLoader[NativeDeps]( 8654): Couldn't find libeverythingmerged_shared_fizz_ms_profilo.so in native deps file
07-10 02:55:57.712 W/SoLoader[NativeDeps]( 8654): Falling back to custom ELF parsing when loading libeverythingmerged_shared_fizz_ms_profilo.so, this can be slow
07-10 02:55:57.715 W/SoLoader[NativeDeps]( 8654): Couldn't find libeverythingmerged_s_mnshttp_msys_rtc.so in native deps file
07-10 02:55:57.715 W/SoLoader[NativeDeps]( 8654): Falling back to custom ELF parsing when loading libeverythingmerged_s_mnshttp_msys_rtc.so, this can be slow
07-10 02:55:57.718 D/JobScheduler.Time( 1060): evaluateConstraint job for: com.airtel.africa.selfcare sourceUid:10235 app is not started!!
07-10 02:55:57.718 D/JobScheduler.Time( 1060): evaluateConstraint job for: com.messagesapp.textmessages.smsapp sourceUid:10236 app is not started!!
07-10 02:55:57.722 W/SoLoader[NativeDeps]( 8654): Couldn't find libfbjni.so in native deps file
07-10 02:55:57.722 W/SoLoader[NativeDeps]( 8654): Falling back to custom ELF parsing when loading libfbjni.so, this can be slow
07-10 02:55:57.722 D/Zygote  (  571): Forked child process 8750
07-10 02:55:57.723 W/SoLoader[NativeDeps]( 8654): Couldn't find libfb.so in native deps file
07-10 02:55:57.723 W/SoLoader[NativeDeps]( 8654): Falling back to custom ELF parsing when loading libfb.so, this can be slow
07-10 02:55:57.724 E/UnisocWatchdog( 1060): WDT_Monitor_wpp processJavaStarted 3rd:com.facebook.appmanager,pid=8750
07-10 02:55:57.724 I/ActivityManager( 1060): Start proc 8750:com.facebook.appmanager/u0a68 for content provider {com.facebook.appmanager/com.facebook.oxygen.appmanager.firstparty.settings.FirstPartySettingsProvider}
07-10 02:55:57.727 W/SoLoader[NativeDeps]( 8654): Couldn't find libc++_streams.so in native deps file
07-10 02:55:57.727 W/SoLoader[NativeDeps]( 8654): Falling back to custom ELF parsing when loading libc++_streams.so, this can be slow
07-10 02:55:57.732 W/SoLoader[NativeDeps]( 8654): Couldn't find libeverythingmerged_shared_fizz_ms_profilo_1.so in native deps file
07-10 02:55:57.732 W/SoLoader[NativeDeps]( 8654): Falling back to custom ELF parsing when loading libeverythingmerged_shared_fizz_ms_profilo_1.so, this can be slow
07-10 02:55:57.732 D/BroadcastQueue( 1060): Add broadcast <BroadcastRecord{fb3772d u0 null}> into [ordered | background], pending size 3967
07-10 02:55:57.732 D/BroadcastQueue( 1060): Header is BroadcastRecord{613c1e5 u0 null} now
07-10 02:55:57.731 W/Thread-8( 8654): type=1400 audit(0.0:1937768): avc: granted { execute } for path="/data/data/com.facebook.lite/app_modules/shared_fizz_ms_profilo_286b3155f1bc08571aff9b17166befb66c8a1ffd02ccff7bfa8b9c5d6eca42d6/download/libs/arm64-v8a/1001400738/asset-libs/libc++_streams.so" dev="dm-12" ino=2582843 scontext=u:r:untrusted_app:s0:c221,c256,c512,c768 tcontext=u:object_r:app_data_file:s0:c221,c256,c512,c768 tclass=file app=com.facebook.lite
07-10 02:55:57.736 D/nativeloader( 8654): Load /data/data/com.facebook.lite/app_modules/shared_fizz_ms_profilo_286b3155f1bc08571aff9b17166befb66c8a1ffd02ccff7bfa8b9c5d6eca42d6/download/libs/arm64-v8a/1001400738/asset-libs/libc++_streams.so using class loader ns clns-5 (caller=/data/app/~~1kl7qznXsjVHtrY634CAyw==/com.facebook.lite-_O-tgOmz58zdMB97urqTgg==/base.apk): ok
07-10 02:55:57.739 W/CheckTime( 8654): App running slow: Executing handleBindApplication : callApplicationOnCreate took 512ms
07-10 02:55:57.739 W/m.facebook.lit( 8654): Opening an oat file without a class loader. Are you using the deprecated DexFile APIs?
07-10 02:55:57.739 W/Thread-8( 8654): type=1400 audit(0.0:1937769): avc: granted { execute } for path="/data/data/com.facebook.lite/app_modules/shared_fizz_ms_profilo_286b3155f1bc08571aff9b17166befb66c8a1ffd02ccff7bfa8b9c5d6eca42d6/download/libs/arm64-v8a/1001400738/asset-libs/libfbjni.so" dev="dm-12" ino=2578474 scontext=u:r:untrusted_app:s0:c221,c256,c512,c768 tcontext=u:object_r:app_data_file:s0:c221,c256,c512,c768 tclass=file app=com.facebook.lite
07-10 02:55:57.740 D/performance( 1060): LRU skip stop: {com.transsion.phonemanager=adj<=200, com.transsion.smartpanel=adj<=200, com.google.android.gms=adj<=200, com.google.android.apps.messaging=adj<=200, com.transsion.phoenix=adj<=200, com.hoffnung=adj<=200, com.android.phone=adj<=200, com.transsion.camera=adj<=200, com.google.android.googlequicksearchbox=adj<=200, com.transsnet.store=foreground service, com.android.systemui=wallpaper, com.transsion.phonemaster=adj<=200, com.android.se=adj<=200, com.google.android.cellbroadcastservice=adj<=200, com.google.android.permissioncontroller=adj<=200, com.android.smspush=adj<=200, com.transsion.childmode=adj<=200, com.google.android.tts=adj<=200, com.sprd.srmi=adj<=200, com.facebook.system=adj<=200, com.transsion.kolun.assistant=adj<=200, com.transsion.statisticalsales=adj<=200, com.google.android.ext.services=adj<=200, com.google.android.providers.media.module=adj<=200, com.mediatek.batterywarning=adj<=200, com.transsion.trancare=adj<=200, com.transsion.sk=adj<=200, com.android.providers.contacts=adj<=200, com.android.mtp=adj<=200, com.facebook.services=adj<=200, com.facebook.lite=adj<=200, com.transsion.filemanagerx=Relative-Toptask, com.google.android.inputmethod.latin=inputMethods, com.transsion.plat.appupdate=adj<=200, com.google.android.gsf=adj<=200}, swapKill: 1
07-10 02:55:57.742 D/nativeloader( 8654): Load /data/data/com.facebook.lite/app_modules/shared_fizz_ms_profilo_286b3155f1bc08571aff9b17166befb66c8a1ffd02ccff7bfa8b9c5d6eca42d6/download/libs/arm64-v8a/1001400738/asset-libs/libfbjni.so using class loader ns clns-5 (caller=/data/app/~~1kl7qznXsjVHtrY634CAyw==/com.facebook.lite-_O-tgOmz58zdMB97urqTgg==/base.apk): ok
07-10 02:55:57.745 I/book.appmanage( 8750): Using CollectorTypeCMC GC.
07-10 02:55:57.746 D/nativeloader( 8654): Load /data/data/com.facebook.lite/app_modules/shared_fizz_ms_profilo_286b3155f1bc08571aff9b17166befb66c8a1ffd02ccff7bfa8b9c5d6eca42d6/download/libs/arm64-v8a/1001400738/asset-libs/libeverythingmerged_shared_fizz_ms_profilo_1.so using class loader ns clns-5 (caller=/data/app/~~1kl7qznXsjVHtrY634CAyw==/com.facebook.lite-_O-tgOmz58zdMB97urqTgg==/base.apk): ok
07-10 02:55:57.749 W/SoLoader[NativeDeps]( 8654): Couldn't find libfbsofterror.so in native deps file
07-10 02:55:57.749 W/SoLoader[NativeDeps]( 8654): Falling back to custom ELF parsing when loading libfbsofterror.so, this can be slow
07-10 02:55:57.753 D/nativeloader( 8654): Load /data/data/com.facebook.lite/app_modules/shared_fizz_ms_profilo_286b3155f1bc08571aff9b17166befb66c8a1ffd02ccff7bfa8b9c5d6eca42d6/download/libs/arm64-v8a/1001400738/asset-libs/libfbsofterror.so using class loader ns clns-5 (caller=/data/app/~~1kl7qznXsjVHtrY634CAyw==/com.facebook.lite-_O-tgOmz58zdMB97urqTgg==/base.apk): ok
07-10 02:55:57.753 E/book.appmanage( 8750): Not starting debugger since process cannot load the jdwp agent.
07-10 02:55:57.754 D/enhanceHAL(  602): slpSetBrightness: ambient = 369
07-10 02:55:57.756 D/nativeloader( 8654): Load /data/data/com.facebook.lite/app_modules/shared_fizz_ms_profilo_286b3155f1bc08571aff9b17166befb66c8a1ffd02ccff7bfa8b9c5d6eca42d6/download/libs/arm64-v8a/1001400738/asset-libs/libfb.so using class loader ns clns-5 (caller=/data/app/~~1kl7qznXsjVHtrY634CAyw==/com.facebook.lite-_O-tgOmz58zdMB97urqTgg==/base.apk): ok
07-10 02:55:57.758 W/SoLoader[NativeDeps]( 8654): Couldn't find libfb.so in native deps file
07-10 02:55:57.758 W/SoLoader[NativeDeps]( 8654): Falling back to custom ELF parsing when loading libfb.so, this can be slow
07-10 02:55:57.762 I/m.facebook.lit( 8654): Thread[28,tid=8743,Native,Thread*=0xb400007aa34212e0,peer=0x2505bf0,"Thread-10"] recursive attempt to load library "/data/data/com.facebook.lite/app_modules/shared_fizz_ms_profilo_286b3155f1bc08571aff9b17166befb66c8a1ffd02ccff7bfa8b9c5d6eca42d6/download/libs/arm64-v8a/1001400738/asset-libs/libfb.so"
07-10 02:55:57.762 W/CheckTime( 8654): App running slow: Executing com.facebook.lite.KeepWarmReceiver scheduleReceive took 1578ms
07-10 02:55:57.769 D/os.ActivityManagerServiceLice( 1060): make process active com.facebook.appmanager(8750)
07-10 02:55:57.777 D/CompatibilityChangeReporter( 8750): Compat change id reported: 171979766; UID 10068; state: ENABLED
07-10 02:55:57.781 D/os.SingleLiceFactory( 8750): instance successfully. com.transsion.typeface.v1.TypefaceLice@3a6ac2d from android.graphics.IGraphicLice
07-10 02:55:57.781 D/os.LiceInfo( 8750): instance successfully. com.transsion.graphics.GraphicLice@2281dc3 from android.graphics.IGraphicLice
07-10 02:55:57.784 W/m.facebook.lit( 8654): hiddenapi: DexFile /data/app/~~1kl7qznXsjVHtrY634CAyw==/com.facebook.lite-_O-tgOmz58zdMB97urqTgg==/base.apk is in boot class path but is not in a known location
07-10 02:55:57.785 W/m.facebook.lit( 8654): Opening an oat file without a class loader. Are you using the deprecated DexFile APIs?
07-10 02:55:57.802 D/nativeloader( 8654): Load /data/data/com.facebook.lite/app_modules/shared_fizz_ms_profilo_286b3155f1bc08571aff9b17166befb66c8a1ffd02ccff7bfa8b9c5d6eca42d6/download/libs/arm64-v8a/1001400738/asset-libs/libeverythingmerged_shared_fizz_ms_profilo.so using class loader ns clns-5 (caller=/data/app/~~1kl7qznXsjVHtrY634CAyw==/com.facebook.lite-_O-tgOmz58zdMB97urqTgg==/base.apk): ok
07-10 02:55:57.802 D/nativeloader( 8750): Configuring clns-4 for other apk /data/app/~~rQaX92iZEJlNMSA9nGTdWA==/com.facebook.appmanager-54gT3iDq2cMPilXGFe0sYg==/base.apk. target_sdk_version=36, uses_libraries=, library_path=/data/app/~~rQaX92iZEJlNMSA9nGTdWA==/com.facebook.appmanager-54gT3iDq2cMPilXGFe0sYg==/lib/arm64:/data/app/~~rQaX92iZEJlNMSA9nGTdWA==/com.facebook.appmanager-54gT3iDq2cMPilXGFe0sYg==/base.apk!/lib/arm64-v8a, permitted_path=/data:/mnt/expand:/data/user/0/com.facebook.appmanager
07-10 02:55:57.804 E/m.facebook.lit( 8654): No implementation found for void com.facebook.quicklog.QuickPerformanceLoggerNativeProvider.nativeUpdateQPLInstance() (tried Java_com_facebook_quicklog_QuickPerformanceLoggerNativeProvider_nativeUpdateQPLInstance and Java_com_facebook_quicklog_QuickPerformanceLoggerNativeProvider_nativeUpdateQPLInstance__) - is the library loaded, e.g. System.loadLibrary?
07-10 02:55:57.804 W/QPLProvider( 8654): QuickPerformanceLoggerProvider failed to update native QPL instance, native library. This is expected during early app initialization
07-10 02:55:57.807 W/m.facebook.lit( 8654): hiddenapi: DexFile /data/app/~~1kl7qznXsjVHtrY634CAyw==/com.facebook.lite-_O-tgOmz58zdMB97urqTgg==/base.apk is in boot class path but is not in a known location
07-10 02:55:57.808 W/m.facebook.lit( 8654): Opening an oat file without a class loader. Are you using the deprecated DexFile APIs?
07-10 02:55:57.808 D/nativeloader( 8654): Load /data/data/com.facebook.lite/app_modules/s_fizz_selfiecapture_bc0253702aeec0211082278ea2ddeba0621dd190d1c8dd50acf44b5875cbdf5c/download/libs/arm64-v8a/1001400738/asset-libs/libeverythingmerged_s_fizz_selfiecapture.so using class loader ns clns-5 (caller=/data/app/~~1kl7qznXsjVHtrY634CAyw==/com.facebook.lite-_O-tgOmz58zdMB97urqTgg==/base.apk): ok
07-10 02:55:57.811 W/SoLoader[NativeDeps]( 8654): Couldn't find libeverythingmerged_s_fizz_msys.so in native deps file
07-10 02:55:57.811 W/SoLoader[NativeDeps]( 8654): Falling back to custom ELF parsing when loading libeverythingmerged_s_fizz_msys.so, this can be slow
07-10 02:55:57.822 D/CompatibilityChangeReporter( 8696): Compat change id reported: 160794467; UID 10053; state: ENABLED
07-10 02:55:57.822 W/SoLoader[NativeDeps]( 8654): Couldn't find libsodium.so in native deps file
07-10 02:55:57.822 W/SoLoader[NativeDeps]( 8654): Falling back to custom ELF parsing when loading libsodium.so, this can be slow
07-10 02:55:57.823 D/nativeloader( 8654): Load /data/data/com.facebook.lite/app_modules/s_mnshttp_msys_rtc_23132307f52c627bf27709ca6cbe60bc677c58895316ebe4fe0c5c31ec1cee74/download/libs/arm64-v8a/1001400738/asset-libs/libeverythingmerged_s_mnshttp_msys_rtc.so using class loader ns clns-5 (caller=/data/app/~~1kl7qznXsjVHtrY634CAyw==/com.facebook.lite-_O-tgOmz58zdMB97urqTgg==/base.apk): ok
07-10 02:55:57.823 W/m.facebook.lit( 8654): JNI RegisterNativeMethods: attempt to register 0 native methods for com.facebook.soloader.MergedSoMapping$Invoke_JNI_OnLoad
07-10 02:55:57.825 V/GraphicsEnvironment( 8750): ANGLE Developer option for 'com.facebook.appmanager' set to: 'default'
07-10 02:55:57.826 V/GraphicsEnvironment( 8750): Neither updatable production driver nor prerelease driver is supported.
07-10 02:55:57.827 D/nativeloader( 8654): Load /data/data/com.facebook.lite/app_modules/mnshttp_03ddcde37fd3e68daac2be2b7b760444c8191cb3b572a261dfae5fccb27903c1/download/libs/arm64-v8a/1001400738/asset-libs/libeverythingmerged_mnshttp.so using class loader ns clns-5 (caller=/data/app/~~1kl7qznXsjVHtrY634CAyw==/com.facebook.lite-_O-tgOmz58zdMB97urqTgg==/base.apk): ok
07-10 02:55:57.829 I/LoadedApk( 8750): No resource references to update in package com.transsion.theme.icon
07-10 02:55:57.830 D/NetworkSecurityConfig( 8750): Using Network Security Config from resource fb_network_security_config debugBuild: false
07-10 02:55:57.831 D/nativeloader( 8654): Load /data/data/com.facebook.lite/app_modules/s_fizz_msysinfra_b611d47df84c0833445a0e3d1a7dbba24ec788fd69c0f1a20cfecca7b6d0c8e2/download/libs/arm64-v8a/1001400738/asset-libs/libsodium.so using class loader ns clns-5 (caller=/data/app/~~1kl7qznXsjVHtrY634CAyw==/com.facebook.lite-_O-tgOmz58zdMB97urqTgg==/base.apk): ok
07-10 02:55:57.834 D/nativeloader( 8654): Load /data/data/com.facebook.lite/app_modules/s_fizz_msys_4a2f9550ef8dd44ac6ef259019555e1b39381f502596dc59cd3e291675b24b5b/download/libs/arm64-v8a/1001400738/asset-libs/libeverythingmerged_s_fizz_msys.so using class loader ns clns-5 (caller=/data/app/~~1kl7qznXsjVHtrY634CAyw==/com.facebook.lite-_O-tgOmz58zdMB97urqTgg==/base.apk): ok
07-10 02:55:57.837 D/NetworkSecurityConfig( 8750): Using Network Security Config from resource fb_network_security_config debugBuild: false
07-10 02:55:57.845 D/nativeloader( 8654): Load /data/data/com.facebook.lite/app_modules/fizz_8cde3d886bc943347cf9114bc7e5c61ecfb587b648949e684c34ff8d7951c7fe/download/libs/arm64-v8a/1001400738/asset-libs/libeverythingmerged_fizz.so using class loader ns clns-5 (caller=/data/app/~~1kl7qznXsjVHtrY634CAyw==/com.facebook.lite-_O-tgOmz58zdMB97urqTgg==/base.apk): ok
07-10 02:55:57.867 W/m.facebook.lit( 8654): hiddenapi: DexFile /data/app/~~1kl7qznXsjVHtrY634CAyw==/com.facebook.lite-_O-tgOmz58zdMB97urqTgg==/base.apk is in boot class path but is not in a known location
07-10 02:55:57.867 W/m.facebook.lit( 8654): Opening an oat file without a class loader. Are you using the deprecated DexFile APIs?
07-10 02:55:57.868 D/fbandroid/java/com/facebook/lite/fizz/wrapper/jni/FizzSocket.cpp( 8654): Connecting to a fizz-based socket.
07-10 02:55:57.868 D/fbandroid/java/com/facebook/lite/fizz/wrapper/jni/FizzSocket.cpp( 8654): Connecting using MNS: 0
07-10 02:55:57.883 W/SoLoader( 8696): Loading notifgateway-jni on the main thread
07-10 02:55:57.884 W/m.facebook.lit( 8654): hiddenapi: DexFile /data/app/~~1kl7qznXsjVHtrY634CAyw==/com.facebook.lite-_O-tgOmz58zdMB97urqTgg==/base.apk is in boot class path but is not in a known location
07-10 02:55:57.886 W/SoLoader[NativeDeps]( 8696): Falling back to custom ELF parsing when loading libnotifgateway.so, this can be slow
07-10 02:55:57.891 W/SoLoader[NativeDeps]( 8696): Falling back to custom ELF parsing when loading libc++_shared.so, this can be slow
07-10 02:55:57.909 D/nativeloader( 8696): Load /data/app/~~EasBFf4jVToz7JeBeJy00w==/com.facebook.services-TdfTplgQtFZ7cGYDyzPQdg==/base.apk!/lib/arm64-v8a/libc++_shared.so using class loader ns clns-4 (caller=/data/app/~~EasBFf4jVToz7JeBeJy00w==/com.facebook.services-TdfTplgQtFZ7cGYDyzPQdg==/base.apk): ok
07-10 02:55:57.914 D/d       ( 8750): ExceptionHandlerManager not explicitly initialized, using default mode
07-10 02:55:57.915 D/d       ( 8750): initializing exception handler manager, prioritized=true
07-10 02:55:57.915 D/enhanceHAL(  602): slpSetBrightness: ambient = 369
07-10 02:55:57.919 D/nativeloader( 8696): Load /data/app/~~EasBFf4jVToz7JeBeJy00w==/com.facebook.services-TdfTplgQtFZ7cGYDyzPQdg==/base.apk!/lib/arm64-v8a/libnotifgateway.so using class loader ns clns-4 (caller=/data/app/~~EasBFf4jVToz7JeBeJy00w==/com.facebook.services-TdfTplgQtFZ7cGYDyzPQdg==/base.apk): ok
07-10 02:55:57.920 W/SoLoader( 8696): Loading simplejni on the main thread
07-10 02:55:57.921 W/SoLoader( 8696): Loading simplejni on the main thread
07-10 02:55:57.921 I/fbandroid/java/com/facebook/lite/fizz/wrapper/jni/LiteFizzClient.cpp( 8654): [#0] Early data: on
07-10 02:55:57.922 W/SoLoader( 8750): Initializing SoLoader: 0
07-10 02:55:57.922 W/SoLoader( 8750): context.getApplicationContext returned null, holding reference to original context.ApplicationSoSource fallbacks to: /data/app/~~rQaX92iZEJlNMSA9nGTdWA==/com.facebook.appmanager-54gT3iDq2cMPilXGFe0sYg==/lib/arm64
07-10 02:55:57.923 I/SoLoader( 8750): Recording new base apk path: /data/app/~~rQaX92iZEJlNMSA9nGTdWA==/com.facebook.appmanager-54gT3iDq2cMPilXGFe0sYg==/base.apk
07-10 02:55:57.923 I/SoLoader( 8750): Previously recorded 0 base apk paths.
07-10 02:55:57.925 I/SoLoader( 8750): Preparing SO source: DirectorySoSource[root = /vendor/lib64 flags = 2]
07-10 02:55:57.926 I/SoLoader( 8750): Preparing SO source: DirectorySoSource[root = /system_ext/lib64 flags = 2]
07-10 02:55:57.926 I/SoLoader( 8750): Preparing SO source: DirectorySoSource[root = /system/lib64 flags = 2]
07-10 02:55:57.926 I/SoLoader( 8750): Preparing SO source: DirectApkSoSource[root = [/data/app/~~rQaX92iZEJlNMSA9nGTdWA==/com.facebook.appmanager-54gT3iDq2cMPilXGFe0sYg==/base.apk!/lib/arm64-v8a]]
07-10 02:55:57.928 W/DGW     ( 8696): W[reportSoftError:36] pingInterval: value 43200000 outside valid range [5000, 600000]
07-10 02:55:57.928 W/DGW     ( 8696): W[reportSoftError:36] bgPingInterval: value 43200000ms outside valid range [5000ms, 600000ms]
07-10 02:55:57.929 W/DGW     ( 8696): W[reportSoftError:36] stopBgPingDelay: value 3155695200s outside valid range [0s, 600s]
07-10 02:55:57.930 I/DGW     ( 8696): I[startConnection:423] ConnectivityManager start connection.
07-10 02:55:57.934 I/SoLoader( 8750): Preparing SO source: ApplicationSoSource[DirectorySoSource[root = /data/app/~~rQaX92iZEJlNMSA9nGTdWA==/com.facebook.appmanager-54gT3iDq2cMPilXGFe0sYg==/lib/arm64 flags = 1]]
07-10 02:55:57.934 I/DGW     ( 8696): I[sendRequest:85] StreamGroupConnectivityAwareNetworkLayer[notifgateway] buffering request with connection state: 0
07-10 02:55:57.934 W/SoLoader( 8750): SoLoader initialized: 8
07-10 02:55:57.935 W/PreloadsBreakpadWrapper( 8750): Starting breakpad manager
07-10 02:55:57.935 W/SoLoader( 8750): Loading breakpad on the main thread
07-10 02:55:57.939 I/fbandroid/java/com/facebook/lite/fizz/wrapper/jni/FizzSocket.cpp( 8654): [#0] Fizz-client connecting...
07-10 02:55:57.941 W/SoLoader[NativeDeps]( 8750): Falling back to custom ELF parsing when loading libbreakpad.so, this can be slow
07-10 02:55:57.941 E/fbandroid/java/com/facebook/lite/fizz/wrapper/jni/LiteFizzClient.cpp( 8654): [#0] Failed to connect: AsyncSocketException: connect failed, type = Socket not open, errno = 111 (Connection refused)
07-10 02:55:57.941 E/fbandroid/java/com/facebook/lite/fizz/wrapper/jni/FizzSocket.cpp( 8654): [#0] Fizz-client failed to connect: AsyncSocketException: connect failed, type = Socket not open, errno = 111 (Connection refused)
07-10 02:55:57.948 D/ConnectivityService( 1060): NetReassign [no changes] [c 1] [a 1] [i 5]
07-10 02:55:57.949 W/SoLoader[NativeDeps]( 8750): Falling back to custom ELF parsing when loading libandroid_aware_dlopen.so, this can be slow
07-10 02:55:57.953 D/performance( 1060): handleVmpressure, swap:98 pressure:2 thrashing:-1
07-10 02:55:57.954 E/msgr.msys( 8654): Attempted to lazily pre-register a non-existent MCP registry
07-10 02:55:57.957 W/SoLoader[NativeDeps]( 8750): Falling back to custom ELF parsing when loading libforce_dlopen.so, this can be slow
07-10 02:55:57.964 D/nativeloader( 8750): Load /data/app/~~rQaX92iZEJlNMSA9nGTdWA==/com.facebook.appmanager-54gT3iDq2cMPilXGFe0sYg==/base.apk!/lib/arm64-v8a/libforce_dlopen.so using class loader ns clns-4 (caller=/data/app/~~rQaX92iZEJlNMSA9nGTdWA==/com.facebook.appmanager-54gT3iDq2cMPilXGFe0sYg==/base.apk): ok
07-10 02:55:57.968 D/nativeloader( 8750): Load /data/app/~~rQaX92iZEJlNMSA9nGTdWA==/com.facebook.appmanager-54gT3iDq2cMPilXGFe0sYg==/base.apk!/lib/arm64-v8a/libandroid_aware_dlopen.so using class loader ns clns-4 (caller=/data/app/~~rQaX92iZEJlNMSA9nGTdWA==/com.facebook.appmanager-54gT3iDq2cMPilXGFe0sYg==/base.apk): ok
07-10 02:55:57.969 V/AlarmManager( 1060): set(PendingIntent{2d29e5b: PendingIntentRecord{90ba460 com.facebook.services broadcastIntent}}) : type=2 listener=null listenerTag=null triggerAtTime=1367223673 win=224999 tElapsed=1367223673 maxElapsed=1367448672 interval=0 flags=0x20
07-10 02:55:57.969 D/AlarmManagerService( 1060): set alarm to kernel: 1367056.793000000, type=2 
07-10 02:55:57.970 D/AlarmManagerService( 1060): set alarm to kernel: 1372145.705000000, type=3 
07-10 02:55:57.970 D/AlarmManagerService( 1060): set alarm to kernel: 1367056.793000000, type=2 
07-10 02:55:57.970 D/AlarmManagerService( 1060): set alarm to kernel: 1372145.705000000, type=3 
07-10 02:55:57.972 W/SoLoader[NativeDeps]( 8750): Falling back to custom ELF parsing when loading libc++_shared.so, this can be slow
07-10 02:55:57.979 D/nativeloader( 8750): Load /data/app/~~rQaX92iZEJlNMSA9nGTdWA==/com.facebook.appmanager-54gT3iDq2cMPilXGFe0sYg==/base.apk!/lib/arm64-v8a/libc++_shared.so using class loader ns clns-4 (caller=/data/app/~~rQaX92iZEJlNMSA9nGTdWA==/com.facebook.appmanager-54gT3iDq2cMPilXGFe0sYg==/base.apk): ok
07-10 02:55:57.983 W/SoLoader[NativeDeps]( 8750): Falling back to custom ELF parsing when loading libsigmux.so, this can be slow
07-10 02:55:57.988 D/nativeloader( 8750): Load /data/app/~~rQaX92iZEJlNMSA9nGTdWA==/com.facebook.appmanager-54gT3iDq2cMPilXGFe0sYg==/base.apk!/lib/arm64-v8a/libsigmux.so using class loader ns clns-4 (caller=/data/app/~~rQaX92iZEJlNMSA9nGTdWA==/com.facebook.appmanager-54gT3iDq2cMPilXGFe0sYg==/base.apk): ok
07-10 02:55:57.991 D/nativeloader( 8750): Load /data/app/~~rQaX92iZEJlNMSA9nGTdWA==/com.facebook.appmanager-54gT3iDq2cMPilXGFe0sYg==/base.apk!/lib/arm64-v8a/libbreakpad.so using class loader ns clns-4 (caller=/data/app/~~rQaX92iZEJlNMSA9nGTdWA==/com.facebook.appmanager-54gT3iDq2cMPilXGFe0sYg==/base.apk): ok
07-10 02:55:57.991 D/BroadcastQueue( 1060): Add broadcast <BroadcastRecord{54f56f8 u0 com.facebook.rti.intent.ACTION_FBNS_STARTED}> into [ordered | background], pending size 3968
07-10 02:55:57.991 D/BroadcastQueue( 1060): Header is BroadcastRecord{613c1e5 u0 null} now
07-10 02:55:57.992 W/SoLoader( 8750): Loading breakpad_cpp_helper on the main thread
07-10 02:55:57.996 W/SoLoader[NativeDeps]( 8750): Falling back to custom ELF parsing when loading libbreakpad_cpp_helper.so, this can be slow
07-10 02:55:58.002 D/nativeloader( 8750): Load /data/app/~~rQaX92iZEJlNMSA9nGTdWA==/com.facebook.appmanager-54gT3iDq2cMPilXGFe0sYg==/base.apk!/lib/arm64-v8a/libbreakpad_cpp_helper.so using class loader ns clns-4 (caller=/data/app/~~rQaX92iZEJlNMSA9nGTdWA==/com.facebook.appmanager-54gT3iDq2cMPilXGFe0sYg==/base.apk): ok
07-10 02:55:58.005 W/PreloadsBreakpadWrapper( 8750): Enabling java stream
07-10 02:55:58.011 W/SoLoader( 8750): Running a recovery step for libacra.so due to com.facebook.soloader.SoLoaderDSONotFoundError: couldn't find DSO to load: libacra.so
07-10 02:55:58.011 W/SoLoader( 8750): 	existing SO sources: 
07-10 02:55:58.011 W/SoLoader( 8750): 		SoSource 0: ApplicationSoSource[DirectorySoSource[root = /data/app/~~rQaX92iZEJlNMSA9nGTdWA==/com.facebook.appmanager-54gT3iDq2cMPilXGFe0sYg==/lib/arm64 flags = 1]]
07-10 02:55:58.011 W/SoLoader( 8750): 		SoSource 1: DirectApkSoSource[root = [/data/app/~~rQaX92iZEJlNMSA9nGTdWA==/com.facebook.appmanager-54gT3iDq2cMPilXGFe0sYg==/base.apk!/lib/arm64-v8a]]
07-10 02:55:58.011 W/SoLoader( 8750): 		SoSource 2: DirectorySoSource[root = /system/lib64 flags = 2]
07-10 02:55:58.011 W/SoLoader( 8750): 		SoSource 3: DirectorySoSource[root = /system_ext/lib64 flags = 2]
07-10 02:55:58.011 W/SoLoader( 8750): 		SoSource 4: DirectorySoSource[root = /vendor/lib64 flags = 2]
07-10 02:55:58.011 W/SoLoader( 8750): 	Native lib dir: /data/app/~~rQaX92iZEJlNMSA9nGTdWA==/com.facebook.appmanager-54gT3iDq2cMPilXGFe0sYg==/lib/arm64
07-10 02:55:58.012 W/soloader.recovery.CheckBaseApkExists( 8750): Base apk exists: /data/app/~~rQaX92iZEJlNMSA9nGTdWA==/com.facebook.appmanager-54gT3iDq2cMPilXGFe0sYg==/base.apk
07-10 02:55:58.016 W/SoLoader( 8750): Running a recovery step for libacra.so due to com.facebook.soloader.SoLoaderDSONotFoundError: couldn't find DSO to load: libacra.so
07-10 02:55:58.016 W/SoLoader( 8750): 	existing SO sources: 
07-10 02:55:58.016 W/SoLoader( 8750): 		SoSource 0: ApplicationSoSource[DirectorySoSource[root = /data/app/~~rQaX92iZEJlNMSA9nGTdWA==/com.facebook.appmanager-54gT3iDq2cMPilXGFe0sYg==/lib/arm64 flags = 1]]
07-10 02:55:58.016 W/SoLoader( 8750): 		SoSource 1: DirectApkSoSource[root = [/data/app/~~rQaX92iZEJlNMSA9nGTdWA==/com.facebook.appmanager-54gT3iDq2cMPilXGFe0sYg==/base.apk!/lib/arm64-v8a]]
07-10 02:55:58.016 W/SoLoader( 8750): 		SoSource 2: DirectorySoSource[root = /system/lib64 flags = 2]
07-10 02:55:58.016 W/SoLoader( 8750): 		SoSource 3: DirectorySoSource[root = /system_ext/lib64 flags = 2]
07-10 02:55:58.016 W/SoLoader( 8750): 		SoSource 4: DirectorySoSource[root = /vendor/lib64 flags = 2]
07-10 02:55:58.016 W/SoLoader( 8750): 	Native lib dir: /data/app/~~rQaX92iZEJlNMSA9nGTdWA==/com.facebook.appmanager-54gT3iDq2cMPilXGFe0sYg==/lib/arm64
07-10 02:55:58.016 E/SoLoader( 8750): Checking /data/app missing libraries.
07-10 02:55:58.016 E/SoLoader( 8750): Successfully recovered from /data/app disk failure.
07-10 02:55:58.019 W/SoLoader( 8750): Running a recovery step for libacra.so due to com.facebook.soloader.SoLoaderDSONotFoundError: couldn't find DSO to load: libacra.so
07-10 02:55:58.019 W/SoLoader( 8750): 	existing SO sources: 
07-10 02:55:58.019 W/SoLoader( 8750): 		SoSource 0: ApplicationSoSource[DirectorySoSource[root = /data/app/~~rQaX92iZEJlNMSA9nGTdWA==/com.facebook.appmanager-54gT3iDq2cMPilXGFe0sYg==/lib/arm64 flags = 1]]
07-10 02:55:58.019 W/SoLoader( 8750): 		SoSource 1: DirectApkSoSource[root = [/data/app/~~rQaX92iZEJlNMSA9nGTdWA==/com.facebook.appmanager-54gT3iDq2cMPilXGFe0sYg==/base.apk!/lib/arm64-v8a]]
07-10 02:55:58.019 W/SoLoader( 8750): 		SoSource 2: DirectorySoSource[root = /system/lib64 flags = 3]
07-10 02:55:58.019 W/SoLoader( 8750): 		SoSource 3: DirectorySoSource[root = /system_ext/lib64 flags = 3]
07-10 02:55:58.019 W/SoLoader( 8750): 		SoSource 4: DirectorySoSource[root = /vendor/lib64 flags = 3]
07-10 02:55:58.019 W/SoLoader( 8750): 	Native lib dir: /data/app/~~rQaX92iZEJlNMSA9nGTdWA==/com.facebook.appmanager-54gT3iDq2cMPilXGFe0sYg==/lib/arm64
07-10 02:55:58.019 E/SoLoader( 8750): Checking /data/data missing libraries.
07-10 02:55:58.019 E/SoLoader( 8750): No libraries missing from unpacking so paths while recovering /data/data failure
07-10 02:55:58.021 W/SoLoader( 8750): Running a recovery step for libacra.so due to com.facebook.soloader.SoLoaderDSONotFoundError: couldn't find DSO to load: libacra.so
07-10 02:55:58.021 W/SoLoader( 8750): 	existing SO sources: 
07-10 02:55:58.021 W/SoLoader( 8750): 		SoSource 0: ApplicationSoSource[DirectorySoSource[root = /data/app/~~rQaX92iZEJlNMSA9nGTdWA==/com.facebook.appmanager-54gT3iDq2cMPilXGFe0sYg==/lib/arm64 flags = 1]]
07-10 02:55:58.021 W/SoLoader( 8750): 		SoSource 1: DirectApkSoSource[root = [/data/app/~~rQaX92iZEJlNMSA9nGTdWA==/com.facebook.appmanager-54gT3iDq2cMPilXGFe0sYg==/base.apk!/lib/arm64-v8a]]
07-10 02:55:58.021 W/SoLoader( 8750): 		SoSource 2: DirectorySoSource[root = /system/lib64 flags = 3]
07-10 02:55:58.021 W/SoLoader( 8750): 		SoSource 3: DirectorySoSource[root = /system_ext/lib64 flags = 3]
07-10 02:55:58.021 W/SoLoader( 8750): 		SoSource 4: DirectorySoSource[root = /vendor/lib64 flags = 3]
07-10 02:55:58.021 W/SoLoader( 8750): 	Native lib dir: /data/app/~~rQaX92iZEJlNMSA9nGTdWA==/com.facebook.appmanager-54gT3iDq2cMPilXGFe0sYg==/lib/arm64
07-10 02:55:58.022 W/SoLoader( 8750): Failed to recover
07-10 02:55:58.065 W/FizzSocket( 8654): Failed to connect, underlying client-ref is nullptr.
07-10 02:55:58.065 W/FizzSocket( 8654): java.net.ConnectException: AsyncSocketException: connect failed, type = Socket not open, errno = 111 (Connection refused)
07-10 02:55:58.065 W/FizzSocket( 8654): 	at com.facebook.lite.fizz.wrapper.FizzSocket.nativeConnect(Native Method)
07-10 02:55:58.065 W/FizzSocket( 8654): 	at com.facebook.lite.fizz.wrapper.FizzSocket.<init>(:614874)
07-10 02:55:58.065 W/FizzSocket( 8654): 	at com.facebook.lite.fizz.wrapper.FizzSocketConnector.call(:615265)
07-10 02:55:58.065 W/FizzSocket( 8654): 	at X.0QI.A06(:163)
07-10 02:55:58.065 W/FizzSocket( 8654): 	at X.0QI.AVA(:18)
07-10 02:55:58.065 W/FizzSocket( 8654): 	at X.02t.AVA(:11)
07-10 02:55:58.065 W/FizzSocket( 8654): 	at X.0QJ.AVA(:2)
07-10 02:55:58.065 W/FizzSocket( 8654): 	at X.0Tx.connect(:248)
07-10 02:55:58.065 W/FizzSocket( 8654): 	at X.0S5.A06(:2)
07-10 02:55:58.065 W/FizzSocket( 8654): 	at X.0Tu.A00(:51)
07-10 02:55:58.065 W/FizzSocket( 8654): 	at X.0Te.APA(:1236)
07-10 02:55:58.065 W/FizzSocket( 8654): 	at X.0Tg.A00(:140)
07-10 02:55:58.065 W/FizzSocket( 8654): 	at X.0Td.APA(:466)
07-10 02:55:58.065 W/FizzSocket( 8654): 	at X.0Tg.A00(:140)
07-10 02:55:58.065 W/FizzSocket( 8654): 	at X.0Tc.APA(:235)
07-10 02:55:58.065 W/FizzSocket( 8654): 	at X.0Tg.A00(:140)
07-10 02:55:58.065 W/FizzSocket( 8654): 	at X.0Sm.APA(:48)
07-10 02:55:58.065 W/FizzSocket( 8654): 	at X.0Tg.A00(:140)
07-10 02:55:58.065 W/FizzSocket( 8654): 	at X.0SG.APA(:226)
07-10 02:55:58.065 W/FizzSocket( 8654): 	at X.0Tg.A00(:140)
07-10 02:55:58.065 W/FizzSocket( 8654): 	at X.0Sl.A02(:91)
07-10 02:55:58.065 W/FizzSocket( 8654): 	at X.0TJ.run(:712)
07-10 02:55:58.065 W/FizzSocket( 8654): 	at java.util.concurrent.ThreadPoolExecutor.runWorker(ThreadPoolExecutor.java:1156)
07-10 02:55:58.065 W/FizzSocket( 8654): 	at java.util.concurrent.ThreadPoolExecutor$Worker.run(ThreadPoolExecutor.java:651)
07-10 02:55:58.065 W/FizzSocket( 8654): 	at java.lang.Thread.run(Thread.java:1119)
07-10 02:55:58.076 D/enhanceHAL(  602): slpSetBrightness: ambient = 368
07-10 02:55:58.086 I/DGW     ( 8696): I[onStateChanged:168] StreamGroupConnectivityAwareNetworkLayer processing buffered requests
07-10 02:55:58.089 D/AlarmManagerService( 1060): set alarm to kernel: 1367056.793000000, type=2 
07-10 02:55:58.089 D/AlarmManagerService( 1060): set alarm to kernel: 1372145.705000000, type=3 
07-10 02:55:58.093 E/keystore2(  394): keystore2::security_level: begin method: before km_dev.begin
07-10 02:55:58.093 D/CompatibilityChangeReporter( 8750): Compat change id reported: 160794467; UID 10068; state: ENABLED
07-10 02:55:58.093 E/TrustyKeymaster(  395): succeeded to send cmd (4) to com.android.trusty.keymaster with rc(347). errno: Success
07-10 02:55:58.095 V/AlarmManager( 1060): set(PendingIntent{7f8fbc2: PendingIntentRecord{e65c0bb com.facebook.appmanager broadcastIntent}}) : type=1 listener=null listenerTag=null triggerAtTime=1783900558089 win=3600000 tElapsed=1626123793 maxElapsed=1629723793 interval=0 flags=0x0
07-10 02:55:58.097 D/AlarmManagerService( 1060): set alarm to kernel: 1367056.793000000, type=2 
07-10 02:55:58.097 D/AlarmManagerService( 1060): set alarm to kernel: 1372145.705000000, type=3 
07-10 02:55:58.097 E/TrustyKeymaster(  395): Getting response size (28)
07-10 02:55:58.097 D/AlarmManagerService( 1060): set alarm to kernel: 1367056.793000000, type=2 
07-10 02:55:58.097 D/AlarmManagerService( 1060): set alarm to kernel: 1372145.705000000, type=3 
07-10 02:55:58.098 E/keystore2(  394): keystore2::security_level: begin method: after upgrade_keyblob_if_required_with
07-10 02:55:58.102 E/TrustyKeymaster(  395): succeeded to send cmd (12) to com.android.trusty.keymaster with rc(66). errno: Success
07-10 02:55:58.106 E/TrustyKeymaster(  395): Getting response size (94)
07-10 02:55:58.119 I/lowmemorykiller(  331): Kill 'com.google.android.gms' (8570), uid 10112, oom_score_adj 905 to free 106360kB rss, 34868kb swap
07-10 02:55:58.119 I/lowmemorykiller(  331): Reclaimed 106360kB, cache(720200kB) and free(139100kB)-reserved(34920kB) below min(483840kB) for oom_score_adj 900
07-10 02:55:58.119 I/lowmemorykiller(  331): Suppressed 37 failed kill reports
07-10 02:55:58.144 D/PackageManager( 1060): PMS setEnabledSetting: packageName = com.facebook.services, className = com.facebook.oxygen.services.storage.provider.StorageProvider, newState = 1, flags = 1, userId = 0, callingPackage = null, callingUid = 10053, allowedByPermission = false
07-10 02:55:58.145 D/PackageManager( 1060): PMS setEnabledSetting: packageName = com.facebook.services, className = com.facebook.oxygen.services.storage.provider.SharedStorageProvider, newState = 1, flags = 1, userId = 0, callingPackage = null, callingUid = 10053, allowedByPermission = false
07-10 02:55:58.152 D/PackageManager( 1060): PMS setEnabledSetting: packageName = com.facebook.services, className = com.facebook.oxygen.services.filestorage.provider.FileStorageProvider, newState = 1, flags = 1, userId = 0, callingPackage = null, callingUid = 10053, allowedByPermission = false
07-10 02:55:58.153 D/PackageManager( 1060): PMS setEnabledSetting: packageName = com.facebook.services, className = com.facebook.oxygen.services.filestorage.provider.SharedFileStorageProvider, newState = 2, flags = 1, userId = 0, callingPackage = null, callingUid = 10053, allowedByPermission = false
07-10 02:55:58.159 I/ActivityManager( 1060): Process com.google.android.gms (pid 8570) has died: cch+5 CEM 
07-10 02:55:58.159 D/TranAppmService( 1060): remove callback due to processDied: pid = 8570, size = 0
07-10 02:55:58.159 V/ActivityManager( 1060): Clean up application record for ProcessRecord{b6b2067 8570:com.google.android.gms/u0a112} restarting=false allowRestart=true index=-1 replacingPid=false fromBinderDied=true
07-10 02:55:58.159 I/Zygote  (  571): Process 8570 exited due to signal 9 (Killed)
07-10 02:55:58.159 D/os.ActivityManagerServiceLice( 1060): make process inactive com.google.android.gms(8570)
07-10 02:55:58.161 D/BoundBrokerSvc(14401): onUnbind: Intent { act=com.google.android.gms.libs.gmscorelogger.service.START dat=chimera-action: cmp=com.google.android.gms/.chimera.PersistentDirectBootAwareApiService }
07-10 02:55:58.161 E/UnisocWatchdog( 1060): WDT_Monitor_wpp processJavaDied 3rd:com.google.android.gms
07-10 02:55:58.162 I/libprocessgroup( 1060): Successfully killed process cgroup uid 10112 pid 8570 in 2ms
07-10 02:55:58.162 D/TranAppmService( 1060): remove callback due to processDied: pid = 8570, size = 0
07-10 02:55:58.166 D/CompatibilityChangeReporter( 8696): Compat change id reported: 147600208; UID 10053; state: ENABLED
07-10 02:55:58.176 I/GoogleTTSServiceImpl(26502): Cache enabled: true
07-10 02:55:58.176 I/LocalSynthesizer(26502): #onTrimMemory
07-10 02:55:58.196 I/AppBase (10884): AppBase.onTrimMemory():284 onTrimMemory(): 15
07-10 02:55:58.197 I/KeyboardDefCache(10884): MemoryFileCache$1.onTrimMemory():124 clearMemory() for trim memory: 15
07-10 02:55:58.197 I/KeyboardDefCache(10884): MemoryFileCache.clearMemory():408 evictAll()
