07-10 02:56:10.566 W/SessionScopedProviderInitializer( 8940): Initialize com.instagram.reliablemedia.UserSessionStart end
07-10 02:56:10.566 W/SessionScopedProviderInitializer( 8940): Initialize com.instagram.rtc.dgw.IGRTCDGWStartupService start
07-10 02:56:10.567 W/AppInitScheduler|Run( 8940):   Finished MarkAppInitCriticalWorkComplete in 3ms
07-10 02:56:10.567 W/SessionScopedProviderInitializer( 8940): Initialize com.instagram.rtc.dgw.IGRTCDGWStartupService end
07-10 02:56:10.567 W/SessionScopedProviderInitializer( 8940): Initialize com.instagram.rtc.impl.UserSessionStart start
07-10 02:56:10.567 W/SessionScopedProviderInitializer( 8940): Initialize com.instagram.rtc.impl.UserSessionStart end
07-10 02:56:10.567 W/SessionScopedProviderInitializer( 8940): Initialize com.instagram.screentime.IgScreenTimeSyncListenerStart start
07-10 02:56:10.567 W/SessionScopedProviderInitializer( 8940): Initialize com.instagram.screentime.IgScreenTimeSyncListenerStart end
07-10 02:56:10.567 W/SessionScopedProviderInitializer( 8940): Initialize com.instagram.service.tigon.interceptors.zerorewritenative.UserRewriteDataOnUserSessionStart start
07-10 02:56:10.567 W/SessionScopedProviderInitializer( 8940): Initialize com.instagram.service.tigon.interceptors.zerorewritenative.UserRewriteDataOnUserSessionStart end
07-10 02:56:10.567 W/SessionScopedProviderInitializer( 8940): Initialize com.instagram.shopping.analytics.shopsbau.IGShopsBAU.IGShopsBAUInitializerProvider start
07-10 02:56:10.568 D/ConnectivityService( 1060): requestNetwork for uid/pid:10204/8940 activeRequest: null callbackRequest: 370624 [NetworkRequest [ REQUEST id=370625, [ Capabilities: INTERNET&NOT_RESTRICTED&TRUSTED&NOT_VCN_MANAGED Uid: 10204 RequestorUid: 10204 RequestorPkg: com.instagram.android UnderlyingNetworks: Null] ]] callback flags: 0 order: 2147483647 isUidTracked: false declaredMethods: AVAIL|LOST
07-10 02:56:10.569 W/SessionScopedProviderInitializer( 8940): Initialize com.instagram.shopping.analytics.shopsbau.IGShopsBAU.IGShopsBAUInitializerProvider end
07-10 02:56:10.569 W/SessionScopedProviderInitializer( 8940): Initialize com.instagram.shortcuts.init.ShortcutsInitializer start
07-10 02:56:10.569 W/SessionScopedProviderInitializer( 8940): Initialize com.instagram.shortcuts.init.ShortcutsInitializer end
07-10 02:56:10.569 W/SessionScopedProviderInitializer( 8940): Initialize com.instagram.presence.dgw.IgPresenceDgwListener.UserSessionStart end
07-10 02:56:10.569 W/SessionScopedProviderInitializer( 8940): Initialize com.instagram.shortdrama.seriessheet.listener.AddEpisodeToSeriesUserSessionStart start
07-10 02:56:10.569 W/SessionScopedProviderInitializer( 8940): Initialize com.instagram.shortdrama.seriessheet.listener.AddEpisodeToSeriesUserSessionStart end
07-10 02:56:10.569 W/SessionScopedProviderInitializer( 8940): Initialize com.instagram.sponsored.asyncads.igquantumsignals.core.IGQuantumSignalsSessionStarting start
07-10 02:56:10.569 W/SessionScopedProviderInitializer( 8940): Initialize com.instagram.sponsored.asyncads.logging.qpl.UserSessionStart start
07-10 02:56:10.569 W/SessionScopedProviderInitializer( 8940): Initialize com.instagram.sponsored.asyncads.igquantumsignals.core.IGQuantumSignalsSessionStarting end
07-10 02:56:10.569 W/SessionScopedProviderInitializer( 8940): Initialize com.instagram.sponsored.asyncads.logging.qpl.UserSessionStart end
07-10 02:56:10.569 W/SessionScopedProviderInitializer( 8940): Initialize com.instagram.sponsored.asyncads.ondevicesignals.OnDeviceSignalKnotsEventListener.UserSessionStart start
07-10 02:56:10.570 W/SessionScopedProviderInitializer( 8940): Initialize com.instagram.sponsored.asyncads.ondevicesignals.OnDeviceSignalKnotsEventListener.UserSessionStart end
07-10 02:56:10.571 W/SessionScopedProviderInitializer( 8940): Initialize com.instagram.sponsored.asyncads.lowvaluesignals.LowValueSignalsSessionStarting start
07-10 02:56:10.572 W/SessionScopedProviderInitializer( 8940): Initialize com.instagram.sponsored.asyncads.lowvaluesignals.LowValueSignalsSessionStarting end
07-10 02:56:10.572 W/SessionScopedProviderInitializer( 8940): Initialize com.instagram.supervision.data.SupervisionUserSessionStart start
07-10 02:56:10.572 W/SessionScopedProviderInitializer( 8940): Initialize com.instagram.supervision.data.SupervisionUserSessionStart end
07-10 02:56:10.574 W/SessionScopedProviderInitializer( 8940): Initialize com.instagram.odml.p13n.PersonalizationManager.UserSessionStart end
07-10 02:56:10.575 W/SessionScopedProviderInitializer( 8940): Initialize com.instagram.traffic.nts.iglib.IGTrafficNTSUserSessionStarting start
07-10 02:56:10.575 W/SessionScopedProviderInitializer( 8940): Initialize com.instagram.traffic.nts.iglib.IGTrafficNTSUserSessionStarting end
07-10 02:56:10.575 W/SessionScopedProviderInitializer( 8940): Initialize com.instagram.trust.noncemanager.jobs.IGNonceManagerJob start
07-10 02:56:10.575 W/proxy_service( 8940): User not in allowed region.
07-10 02:56:10.575 W/SessionScopedProviderInitializer( 8940): Initialize com.instagram.trust.noncemanager.jobs.IGNonceManagerJob end
07-10 02:56:10.575 W/AppInitScheduler|Run( 8940):   Finished ProxyServiceInitializer in 36ms
07-10 02:56:10.575 D/WifiNetworkFactory( 1060): got request NetworkRequest [ REQUEST id=370625, [ Capabilities: INTERNET&NOT_RESTRICTED&TRUSTED&NOT_VCN_MANAGED Uid: 10204 RequestorUid: 10204 RequestorPkg: com.instagram.android UnderlyingNetworks: Null] ]
07-10 02:56:10.575 W/SessionScopedProviderInitializer( 8940): Initialize com.instagram.trusteddevice.registration.jobs.StartTrustedDeviceAppJob start
07-10 02:56:10.576 D/UntrustedWifiNetworkFactory( 1060): got request NetworkRequest [ REQUEST id=370625, [ Capabilities: INTERNET&NOT_RESTRICTED&TRUSTED&NOT_VCN_MANAGED Uid: 10204 RequestorUid: 10204 RequestorPkg: com.instagram.android UnderlyingNetworks: Null] ]
07-10 02:56:10.576 D/OemPaidWifiNetworkFactory( 1060): got request NetworkRequest [ REQUEST id=370625, [ Capabilities: INTERNET&NOT_RESTRICTED&TRUSTED&NOT_VCN_MANAGED Uid: 10204 RequestorUid: 10204 RequestorPkg: com.instagram.android UnderlyingNetworks: Null] ]
07-10 02:56:10.577 W/SessionScopedProviderInitializer( 8940): Initialize com.instagram.firstpartyinstalltracker.UserSessionStart start
07-10 02:56:10.577 D/ConnectivityService( 1060): NetReassign [370625 : null → 263] [c 1] [a 1] [i 6]
07-10 02:56:10.590 W/IgMetaConfig( 8940): Could not obtain MC: Session not provided. Fix callsite to pass Session. 
07-10 02:56:10.590 W/IgMetaConfig( 8940): java.lang.RuntimeException: Could not obtain MC, call-site will receive default values
07-10 02:56:10.590 W/IgMetaConfig( 8940): 	at X.01qx.A05(:16)
07-10 02:56:10.590 W/IgMetaConfig( 8940): 	at X.01qx.A03(:8)
07-10 02:56:10.590 W/IgMetaConfig( 8940): 	at X.01qx.A01(:2)
07-10 02:56:10.590 W/IgMetaConfig( 8940): 	at X.07hu.<init>(:4)
07-10 02:56:10.590 W/IgMetaConfig( 8940): 	at X.07hn.<init>(:21)
07-10 02:56:10.590 W/IgMetaConfig( 8940): 	at X.04aL.A08(:114)
07-10 02:56:10.590 W/IgMetaConfig( 8940): 	at X.04ek.Aka(:104)
07-10 02:56:10.590 W/IgMetaConfig( 8940): 	at X.05i8.A07(Unknown Source:613)
07-10 02:56:10.590 W/IgMetaConfig( 8940): 	at X.05i8.invoke(Unknown Source:5)
07-10 02:56:10.590 W/IgMetaConfig( 8940): 	at X.03Xd.getValue(Unknown Source:25)
07-10 02:56:10.590 W/IgMetaConfig( 8940): 	at X.05i8.A07(Unknown Source:577)
07-10 02:56:10.590 W/IgMetaConfig( 8940): 	at X.05i8.invoke(Unknown Source:5)
07-10 02:56:10.590 W/IgMetaConfig( 8940): 	at X.03Xd.getValue(Unknown Source:25)
07-10 02:56:10.590 W/IgMetaConfig( 8940): 	at X.04ej.Aka(:2)
07-10 02:56:10.590 W/IgMetaConfig( 8940): 	at X.04gp.Bfz(:14)
07-10 02:56:10.590 W/IgMetaConfig( 8940): 	at X.04fv.Gou(:8)
07-10 02:56:10.590 W/IgMetaConfig( 8940): 	at X.06su.A00(:48)
07-10 02:56:10.590 W/IgMetaConfig( 8940): 	at X.05f1.F5r(Unknown Source:30)
07-10 02:56:10.590 W/IgMetaConfig( 8940): 	at X.04fv.A05(:15)
07-10 02:56:10.590 W/IgMetaConfig( 8940): 	at X.06lz.invoke(:1201)
07-10 02:56:10.590 W/IgMetaConfig( 8940): 	at X.09jd.invokeSuspend(Unknown Source:1141)
07-10 02:56:10.590 W/IgMetaConfig( 8940): 	at X.03Zf.resumeWith(Unknown Source:15)
07-10 02:56:10.590 W/IgMetaConfig( 8940): 	at X.03c1.run(Unknown Source:96)
07-10 02:56:10.590 W/IgMetaConfig( 8940): 	at X.03qk.run(:3)
07-10 02:56:10.590 W/IgMetaConfig( 8940): 	at X.06mc.run(:50)
07-10 02:56:10.590 W/IgMetaConfig( 8940): 	at X.03mw.run(:2)
07-10 02:56:10.590 W/IgMetaConfig( 8940): 	at X.01mi.run(:25)
07-10 02:56:10.590 W/IgMetaConfig( 8940): 	at java.util.concurrent.ThreadPoolExecutor.runWorker(ThreadPoolExecutor.java:1156)
07-10 02:56:10.590 W/IgMetaConfig( 8940): 	at java.util.concurrent.ThreadPoolExecutor$Worker.run(ThreadPoolExecutor.java:651)
07-10 02:56:10.590 W/IgMetaConfig( 8940): 	at X.01mo.run(:96)
07-10 02:56:10.590 W/IgMetaConfig( 8940): 	at java.lang.Thread.run(Thread.java:1119)
07-10 02:56:10.590 W/IgMetaConfig( 8940): 	at X.01mp.run(:8)
07-10 02:56:10.591 W/IgMetaConfig( 8940): Could not obtain MC: Session not provided. Fix callsite to pass Session. 
07-10 02:56:10.591 W/IgMetaConfig( 8940): java.lang.RuntimeException: Could not obtain MC, call-site will receive default values
07-10 02:56:10.591 W/IgMetaConfig( 8940): 	at X.01qx.A05(:16)
07-10 02:56:10.591 W/IgMetaConfig( 8940): 	at X.01qx.A03(:8)
07-10 02:56:10.591 W/IgMetaConfig( 8940): 	at X.01qx.A01(:2)
07-10 02:56:10.591 W/IgMetaConfig( 8940): 	at X.07hu.<init>(:4)
07-10 02:56:10.591 W/IgMetaConfig( 8940): 	at X.07ii.<init>(:34)
07-10 02:56:10.591 W/IgMetaConfig( 8940): 	at X.05i8.A07(Unknown Source:603)
07-10 02:56:10.591 W/IgMetaConfig( 8940): 	at X.05i8.invoke(Unknown Source:5)
07-10 02:56:10.591 W/IgMetaConfig( 8940): 	at X.03Xd.getValue(Unknown Source:25)
07-10 02:56:10.591 W/IgMetaConfig( 8940): 	at X.04ej.Aka(:2)
07-10 02:56:10.591 W/IgMetaConfig( 8940): 	at X.04gp.Bfz(:14)
07-10 02:56:10.591 W/IgMetaConfig( 8940): 	at X.04fv.Gou(:8)
07-10 02:56:10.591 W/IgMetaConfig( 8940): 	at X.06su.A00(:48)
07-10 02:56:10.591 W/IgMetaConfig( 8940): 	at X.05f1.F5r(Unknown Source:30)
07-10 02:56:10.591 W/IgMetaConfig( 8940): 	at X.04fv.A05(:15)
07-10 02:56:10.591 W/IgMetaConfig( 8940): 	at X.06lz.invoke(:1201)
07-10 02:56:10.591 W/IgMetaConfig( 8940): 	at X.09jd.invokeSuspend(Unknown Source:1141)
07-10 02:56:10.591 W/IgMetaConfig( 8940): 	at X.03Zf.resumeWith(Unknown Source:15)
07-10 02:56:10.591 W/IgMetaConfig( 8940): 	at X.03c1.run(Unknown Source:96)
07-10 02:56:10.591 W/IgMetaConfig( 8940): 	at X.03qk.run(:3)
07-10 02:56:10.591 W/IgMetaConfig( 8940): 	at X.06mc.run(:50)
07-10 02:56:10.591 W/IgMetaConfig( 8940): 	at X.03mw.run(:2)
07-10 02:56:10.591 W/IgMetaConfig( 8940): 	at X.01mi.run(:25)
07-10 02:56:10.591 W/IgMetaConfig( 8940): 	at java.util.concurrent.ThreadPoolExecutor.runWorker(ThreadPoolExecutor.java:1156)
07-10 02:56:10.591 W/IgMetaConfig( 8940): 	at java.util.concurrent.ThreadPoolExecutor$Worker.run(ThreadPoolExecutor.java:651)
07-10 02:56:10.591 W/IgMetaConfig( 8940): 	at X.01mo.run(:96)
07-10 02:56:10.591 W/IgMetaConfig( 8940): 	at java.lang.Thread.run(Thread.java:1119)
07-10 02:56:10.591 W/IgMetaConfig( 8940): 	at X.01mp.run(:8)
07-10 02:56:10.592 W/SessionScopedProviderInitializer( 8940): Initialize com.instagram.appinitializer.imageinfra.ImageInfraSessionInitializerProvider end
07-10 02:56:10.592 W/SessionScopedProviderInitializer( 8940): Initialize com.instagram.util.startup.tracking.trigger.StartupManagerHook start
07-10 02:56:10.592 W/SessionScopedProviderInitializer( 8940): Initialize com.instagram.util.startup.tracking.trigger.StartupManagerHook end
07-10 02:56:10.592 W/SessionScopedProviderInitializer( 8940): Initialize com.instagram.util.startup.transitions.EnableColdStartTransitionsTask start
07-10 02:56:10.592 W/SessionScopedProviderInitializer( 8940): Initialize com.instagram.util.startup.transitions.EnableColdStartTransitionsTask end
07-10 02:56:10.592 W/SessionScopedProviderInitializer( 8940): Initialize com.instagram.wearable.warp.impl.WarpIgPluginManagerImpl.UserSessionStartListener start
07-10 02:56:10.597 W/SessionScopedProviderInitializer( 8940): Initialize com.instagram.wearable.warp.impl.WarpIgPluginManagerImpl.UserSessionStartListener end
07-10 02:56:10.597 W/SessionScopedProviderInitializer( 8940): Initialize com.instagram.wellbeing.privacyflow.util.PrivacyFlowHelper start
07-10 02:56:10.597 W/SessionScopedProviderInitializer( 8940): Initialize com.instagram.wellbeing.privacyflow.util.PrivacyFlowHelper end
07-10 02:56:10.598 W/SessionScopedProviderInitializer( 8940): Initialize com.instagram.wellbeing.timespent.provider.QuietTimeUserSessionStart start
07-10 02:56:10.598 W/SessionScopedProviderInitializer( 8940): Initialize com.instagram.wellbeing.timespent.provider.QuietTimeUserSessionStart end
07-10 02:56:10.598 W/SessionScopedProviderInitializer( 8940): Initialize com.instagram.wellbeing.timespent.provider.ScreenTimeUserSessionStart start
07-10 02:56:10.598 W/SessionScopedProviderInitializer( 8940): Initialize com.instagram.wellbeing.timespent.provider.ScreenTimeUserSessionStart end
07-10 02:56:10.598 W/SessionScopedProviderInitializer( 8940): Initialize X.0Ano start
07-10 02:56:10.598 W/SessionScopedProviderInitializer( 8940): Initialize X.0Ano end
07-10 02:56:10.598 W/SessionScopedProviderInitializer( 8940): Initialize X.0dE0 start
07-10 02:56:10.602 W/SessionScopedProviderInitializer( 8940): Initialize X.0dE3 start
07-10 02:56:10.602 W/SessionScopedProviderInitializer( 8940): Initialize com.instagram.firstpartyinstalltracker.UserSessionStart end
07-10 02:56:10.604 W/SessionScopedProviderInitializer( 8940): Initialize X.0dEF start
07-10 02:56:10.604 W/SessionScopedProviderInitializer( 8940): Initialize X.0dEF end
07-10 02:56:10.606 D/CompatibilityChangeReporter( 8940): Compat change id reported: 160794467; UID 10204; state: ENABLED
07-10 02:56:10.608 W/SessionScopedProviderInitializer( 8940): Initialize com.instagram.fbpay.w3c.jobs.StartKeyMigrationJob end
07-10 02:56:10.610 W/SessionScopedProviderInitializer( 8940): Initialize X.08zl start
07-10 02:56:10.610 W/SessionScopedProviderInitializer( 8940): Initialize com.instagram.partneranalytics.igfamilyapplastusedstates.IGFamilyAppLastUsedStatesLogWorkerInitializer end
07-10 02:56:10.610 W/SessionScopedProviderInitializer( 8940): Initialize X.0dG8 start
07-10 02:56:10.610 W/SessionScopedProviderInitializer( 8940): Initialize X.0dG8 end
07-10 02:56:10.611 W/SessionScopedProviderInitializer( 8940): Initialize X.08zr start
07-10 02:56:10.611 W/DirectUserScopedInitializerUserSessionStart( 8940): onUserSessionStart, isColdStart: true
07-10 02:56:10.617 D/BroadcastQueue( 1060): Add broadcast <BroadcastRecord{e041493 u-1 android.net.conn.CONNECTIVITY_CHANGE}> into [parallel | background], pending size 0
07-10 02:56:10.617 W/SessionScopedProviderInitializer( 8940): Initialize com.instagram.jobscheduler.bgfetch.scheduler.UserSessionStart end
07-10 02:56:10.618 D/BroadcastQueue( 1060): Add broadcast <BroadcastRecord{2b3bcd0 u0 null}> into [ordered | background], pending size 3969
07-10 02:56:10.618 D/BroadcastQueue( 1060): Header is BroadcastRecord{59356a3 u-1 android.intent.action.DROPBOX_ENTRY_ADDED} now
07-10 02:56:10.619 D/BroadcastQueue( 1060): Done with parallel broadcast [background] [BroadcastRecord{e041493 u-1 android.net.conn.CONNECTIVITY_CHANGE}]
07-10 02:56:10.620 W/AppInitScheduler|Run( 8940):   Finished IndependentColdStartJobs in 84ms
07-10 02:56:10.622 D/PackageManager( 1060): PMS setEnabledSetting: packageName = com.instagram.android, className = com.instagram.push.FbnsInitBroadcastReceiver, newState = 1, flags = 1, userId = 0, callingPackage = null, callingUid = 10204, allowedByPermission = false
07-10 02:56:10.623 D/performance( 1060): handleVmpressure, swap:95 pressure:2 thrashing:-1
07-10 02:56:10.624 W/SessionScopedProviderInitializer( 8940): Initialize X.08zl end
07-10 02:56:10.624 W/SessionScopedProviderInitializer( 8940): Initialize instagram.features.direct.stella.impl.DirectStellaPluginImpl.UserSessionStart start
07-10 02:56:10.625 W/DirectStellaPluginImpl( 8940): Stella starting new user session, registering call and contact change listeners
07-10 02:56:10.625 W/StellaCallStateDispatcher( 8940): registerListeners with session as null: false
07-10 02:56:10.625 W/DirectContactChangeObserver( 8940): registerListeners with session as null: false
07-10 02:56:10.625 W/SessionScopedProviderInitializer( 8940): Initialize instagram.features.direct.stella.impl.DirectStellaPluginImpl.UserSessionStart end
07-10 02:56:10.625 W/SessionScopedProviderInitializer( 8940): Initialize X.0dIx start
07-10 02:56:10.625 W/SessionScopedProviderInitializer( 8940): Initialize X.0dIx end
07-10 02:56:10.626 W/SessionScopedProviderInitializer( 8940): Initialize X.0dGV start
07-10 02:56:10.626 W/SessionScopedProviderInitializer( 8940): Initialize X.0dKd start
07-10 02:56:10.626 W/SessionScopedProviderInitializer( 8940): Initialize X.0dGV end
07-10 02:56:10.627 W/SessionScopedProviderInitializer( 8940): Initialize X.0dKd end
07-10 02:56:10.627 W/SessionScopedProviderInitializer( 8940): Initialize com.facebook.osagecollection.appjob.IgOSAgeCollectionAppJob start
07-10 02:56:10.627 W/SessionScopedProviderInitializer( 8940): Initialize com.facebook.osagecollection.appjob.IgOSAgeCollectionAppJob end
07-10 02:56:10.627 W/SessionScopedProviderInitializer( 8940): Initialize com.instagram.profilo.IgProfiloSessionManager start
07-10 02:56:10.627 W/SessionScopedProviderInitializer( 8940): Initialize com.instagram.profilo.IgProfiloSessionManager end
07-10 02:56:10.629 W/SessionScopedProviderInitializer( 8940): Initialize X.0dJy start
07-10 02:56:10.637 W/SessionScopedProviderInitializer( 8940): Initialize X.0dE0 end
07-10 02:56:10.637 W/SessionScopedProviderInitializer( 8940): Initialize X.0dE3 end
07-10 02:56:10.644 W/SessionScopedProviderInitializer( 8940): Initialize X.0dJy end
07-10 02:56:10.644 D/enhanceHAL(  602): slpSetBrightness: ambient = 369
07-10 02:56:10.649 W/SessionScopedProviderInitializer( 8940): Initialize X.0dGW start
07-10 02:56:10.649 W/SessionScopedProviderInitializer( 8940): Initialize X.0dGW end
07-10 02:56:10.655 W/SessionScopedProviderInitializer( 8940): Initialize com.instagram.sponsored.asyncads.requestpathsignals.sessionlevelsignals.sessiontime.SessionTimeTrackerStarting start
07-10 02:56:10.655 W/SessionScopedProviderInitializer( 8940): Initialize com.instagram.sponsored.asyncads.requestpathsignals.sessionlevelsignals.sessiontime.SessionTimeTrackerStarting end
07-10 02:56:10.656 W/AppInitScheduler|Run( 8940):   Finished IgMemoryLoggingManagerInitializer in 117ms
07-10 02:56:10.664 D/CompatibilityChangeReporter( 1060): Compat change id reported: 135634846; UID 10053; state: DISABLED
07-10 02:56:10.664 D/CompatibilityChangeReporter( 1060): Compat change id reported: 135754954; UID 10053; state: ENABLED
07-10 02:56:10.665 D/CompatibilityChangeReporter( 1060): Compat change id reported: 143937733; UID 10053; state: ENABLED
07-10 02:56:10.666 W/CheckTime( 8940): App running slow: Executing com.instagram.push.FbnsInitBroadcastReceiver scheduleReceive took 2742ms
07-10 02:56:10.669 W/AudioCapabilities( 8940): Unsupported mime audio/mpeg-L1
07-10 02:56:10.670 W/AudioCapabilities( 8940): Unsupported mime audio/mpeg-L2
07-10 02:56:10.679 D/Zygote  (  571): Forked child process 9184
07-10 02:56:10.680 E/UnisocWatchdog( 1060): WDT_Monitor_wpp processJavaStarted 3rd:com.facebook.services,pid=9184
07-10 02:56:10.680 I/ActivityManager( 1060): Start proc 9184:com.facebook.services/u0a53 for service {com.facebook.services/com.facebook.oxygen.services.fbns.PreloadedFbnsService}
07-10 02:56:10.684 W/SessionScopedProviderInitializer( 8940): Initialize com.instagram.trusteddevice.registration.jobs.StartTrustedDeviceAppJob end
07-10 02:56:10.691 D/BroadcastQueue( 1060): Finished with ordered broadcast BroadcastRecord{896ba04 u0 com.facebook.rti.intent.ACTION_FBNS_STARTED} receivers:(1) take 2836ms in [background], remains 3970
07-10 02:56:10.691 W/BroadcastQueue( 1060): Background execution not allowed: receiving Intent { act=android.intent.action.DROPBOX_ENTRY_ADDED flg=0x10 (has extras) } to com.google.android.gms/.stats.service.DropBoxEntryAddedReceiver
07-10 02:56:10.691 D/BroadcastQueue( 1060): Skipping delivery of ordered [background] BroadcastRecord{59356a3 u-1 android.intent.action.DROPBOX_ENTRY_ADDED} for reason described above
07-10 02:56:10.694 W/BackgroundStartupDetector( 8940): coldStartMode=DEFINITELY_BACKGROUND
07-10 02:56:10.694 D/BroadcastQueue( 1060): Finished with ordered broadcast BroadcastRecord{59356a3 u-1 android.intent.action.DROPBOX_ENTRY_ADDED} receivers:(1) take 4ms in [background], remains 3969
07-10 02:56:10.696 W/BackgroundStartupDetector( 8940): bgMode=BACKGROUND
07-10 02:56:10.703 I/cebook.service( 9184): Using CollectorTypeCMC GC.
07-10 02:56:10.709 E/cebook.service( 9184): Not starting debugger since process cannot load the jdwp agent.
07-10 02:56:10.718 D/performance( 1060): LRU skip stop: {com.transsion.phonemanager=adj<=200, com.transsion.smartpanel=adj<=200, com.google.android.gms=adj<=200, com.instagram.android=adj<=200, com.google.android.apps.messaging=adj<=200, com.transsion.phoenix=adj<=200, com.hoffnung=adj<=200, com.android.phone=adj<=200, com.transsion.camera=adj<=200, com.google.android.googlequicksearchbox=adj<=200, com.transsnet.store=foreground service, com.android.systemui=wallpaper, com.transsion.phonemaster=adj<=200, com.android.se=adj<=200, com.google.android.cellbroadcastservice=adj<=200, com.google.android.permissioncontroller=adj<=200, com.android.smspush=adj<=200, com.transsion.childmode=adj<=200, com.google.android.tts=adj<=200, com.sprd.srmi=adj<=200, com.facebook.system=adj<=200, com.transsion.kolun.assistant=adj<=200, com.transsion.statisticalsales=adj<=200, com.google.android.ext.services=adj<=200, com.google.android.providers.media.module=adj<=200, com.mediatek.batterywarning=adj<=200, com.transsion.trancare=adj<=200, com.transsion.sk=adj<=200, com.android.providers.contacts=adj<=200, com.android.mtp=adj<=200, com.transsion.filemanagerx=Relative-Toptask, com.google.android.inputmethod.latin=inputMethods, com.transsion.plat.appupdate=adj<=200, com.google.android.gsf=adj<=200}, swapKill: 1
07-10 02:56:10.727 D/os.ActivityManagerServiceLice( 1060): make process active com.facebook.services(9184)
07-10 02:56:10.730 I/Monkey  ( 7657): ** New tombstone found: /data/tombstones/tombstone_23, size: 125335
07-10 02:56:10.738 D/CompatibilityChangeReporter( 9184): Compat change id reported: 171979766; UID 10053; state: ENABLED
07-10 02:56:10.743 D/os.SingleLiceFactory( 9184): instance successfully. com.transsion.typeface.v1.TypefaceLice@3a6ac2d from android.graphics.IGraphicLice
07-10 02:56:10.743 D/os.LiceInfo( 9184): instance successfully. com.transsion.graphics.GraphicLice@2281dc3 from android.graphics.IGraphicLice
07-10 02:56:10.745 D/PackageManager( 1060): PMS setEnabledSetting: packageName = com.instagram.android, className = com.instagram.push.FbnsInitBroadcastReceiver, newState = 1, flags = 1, userId = 0, callingPackage = null, callingUid = 10204, allowedByPermission = false
07-10 02:56:10.745 W/AuthDataLoader( 8940): EIMU already available, skipping load
07-10 02:56:10.751 I/MediaCodec( 8940): CreateByComponentName:c2.unisoc.vp9.decoder pid:-1
07-10 02:56:10.752 W/stagram.androi( 8940): JNI RegisterNativeMethods: attempt to register 0 native methods for com.facebook.msys.mci.EventLoggingData
07-10 02:56:10.762 W/DGWClientHolder( 8940): DGWClientConfig IG4A\B4A: {deviceOS:android,isWorkBuild:false,appVersion:432.1.0.44.80,appId:567067343352427,streamIdleTimeoutMs:1800000,responseCompression:,enableHTTP3:false,zeroRatingEnabled:false,zeroUrlRewritingV2Enabled:false,zeroRatingCachingEnabled:false,matchChatDHost:false,gatewayDomain:test-gateway.instagram.com,streamGroupPingPeriod:25,streamGroupPingTimeout:10,streamGroupStopBgPingDelay:300,useCachedStreamGroupsStatus:false,closeNetworkConnectionOnTimeout:true,connectivityManagerOptions:{enablePingInBackground:false,bgPingIntervalMs:60000,pingIntervalInMs:{HIGH:0,MID:0,LOW:0,DEFAULT:60000},pingTimeoutInMs:{HIGH:0,MID:0,LOW:0,DEFAULT:5000},pingLatencyInMs:{HIGH:0, MID:0},disablePingWhileNoActiveStream:false,pingTrafficTracingSamplingRate:0,initAppStateAsBackground:true,ignoreOnNetworkDisconnectedSignalForPing:false,markDisconnectedInBackground:false,enableNetworkMonitorV2:false,useExtendedFgInterval:false,useTigon:false,useTigonInDeprecatedMNSClient:false,enableNetworkRevalidatorBridge:false},personalizationConfig:{enabled:false,streamEstablishmentLatencyInMs:{HIGH:100, MID:4000},streamEstablishmentTimeoutInSeconds:{HIGH:3,MID:7,LOW:9,DEFAULT:30},publishTimeoutInSeconds:{HIGH:4,MID:7,LOW:9,DEFAULT:30},resetPersonalizationClassOnTimeout:true,sgConnectTimeoutInSeconds:{HIGH:5,MID:10,LOW:20,DEFAULT:10},sgPingTimeoutInSeconds:{HIGH:5,MID:10,LOW:20,DEFAULT:10},tunnelConnectTimeoutInSeconds:{HIGH:0,MID:0,LOW:0,DEFAULT:0},tunnelConnectAckTimeoutInSeconds:{HIGH:0,MID:0,LOW:0,DEFAULT:0},trackSgDataLatency:false,maxPersonalizationClassOnPaid:3},eagerStreamGroupEnabled:false,keepStreamGroupAliveAfterLastStream:false,enableFetchRegionHintFromWww:false,regionHintCacheTtlHours:0,matchMqttWakeup:false,enableTunnelRetriableLayer:true,useExecutorProxies:true,useExecutorProxiesPhaseTwo:true,fallbackConfig:null,retryableLayerConfig:{useStreamGroupsForConnectivity: true, maxRetries: 10, connectTimeoutSeconds: 10, bgTeardownDelaySeconds: 0, connectSchedulerConfig: {numberOfFastModeRetries: 2, additionalBackgroundDelayFastMode: 100, additionalDelayPerTryFastMode: 100, initialReachableDelayBackOffMode: 500, additionalBackgroundDelayBackOffMode: 300, maxDelayBackOffMode: 40000, randomizeFactorBackOffModeEnabled: true, triesOffsetBackOffMode: 0, additionalSuspendedDelayBackOffMode: 0}, closeConnectionOnNetworkInterfaceChange: true, enableEarlyFailOnSuspended: false, bufferBgRequestsAfterTeardown: false, stopPingsOnSuspended: false, serviceIdsToRetryOnSuspendedCsv: , useNetworkInterfaceLayer: false},enableEligibilityHashHeader:false,userAgent:,removeAsyncExecutorFromTunnelNetworkCallbacks:false,enableCallingSgErrorOnlyOnceInSgt:false,msysStreamGroupTransportSampleRate:0,msysStreamLifecycleSampleRate:0,useTigon:false,useTigonJava:false,useTigonInDeprecatedMNSClient:false,useWeakPtrInMNSCallbackContext:false,allowRetriableWithConnectivityAwareLayer:false,msysBufferRequestWhileNoConnectivity:true, disableRetriableLayer:false, disableCancellationForTigonRequests:false, tigonCloseConnectionThrottleMs:0, tigonCloseWhenNoRequests:false, h2MaxRequestsPerConnection:0, mvfstUseUDPSocketConnect:false, enableLogoutOnAuthFailure:false, useTunnelExecutor:false, tunnelConnectAckDisableConnectionClosure:false, mvfstKeepAliveTimeoutSeconds:0, enableSeparateHTTPClientForTunnel:false, forceHTTP2ForTunnel:false, enableCertificateRevocation:false, certificateRevocationListJSON:, mvfstMaximumPTOs0}
07-10 02:56:10.763 W/DGWClientHolder( 8940): DGWMNSConfig IG4A\B4A: MNSDGWNetworkStackConfig: dnsCacheDir:/data/user/0/com.instagram.android/files/android_ig_mns_dgw_dns_cache, quicEnabled:true, quicIdleTimeoutSec:35, quicKeepAliveTimeoutSec:0, quicHandshakeTimeoutSec:5, http2PingIntervalSec:260, http2MaxRequestsPerConnection:500, userAgent:Instagram 432.1.0.44.80 Android (31/12; 151dpi; 720x1612; INFINIX/Infinix; Infinix X6517; Infinix-X6517; X6517; en_US; 986923750), enableQuicEarlyData:true, tcpDelayMs:0, tcpConnectTimeoutSec:7, highPriorityEvLoopThread:false, enableHttpVersionCache:false, evLoopThreadPriority:0,  quicKnobs:, trustSandboxCertificates:false, quicUseMvfstMobileLibrary:true, enableQlog:false, maxQlogLines:500, mvfstUseHandshakeTimeout:false, preferIPv6ForBothTCPAndQUIC:false, closeWhenNoRequests:false,  closeConnectionThrottlingWindowMs:0, useTigon:true, useTigonInDeprecatedMNSClient:false, useWeakPtrInMNSCallbackContext:false, mvfstUseUDPSocketConnect:false, mvfstKeepAliveTimeoutSeconds:0, enableSeparateHTTPClientForTunnel:false, forceHTTP2ForTunnel:false, enableCertificateRevocation:true, certificateRevocationListJSON:{"tbs_cert_list": "{\"issuer\": {\"organization_name\": \"Meta Platforms Inc.\"}, \"this_update\": \"Wed Jul  8 21:01:57 2026\", \"next_update\": \"Thu Jul  9 21:01:57 2026\", \"revoked_certificates\": [], \"crl_extensions\": [{\"extn_id\": \"crl_number\", \"extn_value\": 1202}]}", "tbs_cert_list_length": 237, "signature_algorithm": {"algorithm": "sha256_rsa"}, "signature": "a322a68ded48c34b2fad7d0ea1076454347493b3b36a460fcb745f4a96edd50ff55b5f4c089ec0f2c87d529675af089380a71d9409784a8a145cf3e6851c10862241c87a435a5cdc4bcbf6ddf35219041fcded46a6f19bb9964150adf4dff856d1296de65d2c821ad16c485cf9dbc7ea99ce759ad8fec2bb301633883edba3a986a9489eaab42c5e55ca81e4d59cf7a30c71fbfecc9a875b0135a6e58340d11dd55a1a0e150cb298f06665358cf82aaeab0bb71e8e91e017834bf574bed7171d8dd219657eacc1415a56c533c623bd9b32e89b448b000ee16b6efd38e291db0d8d8a39ac1adb92a22f96ec53f29ba009987897b9469e63bbafa0e6b679f74ab1"}, mvfstMaximumPTOs:0, enableSecureTcpEarlyData:false, fizzMobileEnabled:false, dnsRefreshHosts:null, dnsRefreshIntervalSeconds:0, enableProtocolFallback:false, dnsUseMultinetworkResolver:false, tigonConnectionMigrationEnabled:false, tigonConnectionMigrationAllowPortMigration:true, tigonConnectionMigrationAllowNetworkMigration:true, tigonConnectionMigrationReportToOS:true, tigonConnectionMigrationNumPtosForDegrading:0, tigonConnectionMigrationNumPtosForBlackhole:0
07-10 02:56:10.768 W/soft_error.cpp( 8940): [DGWClientConfig] : tunnelConnectTimeout: value 0 outside valid range [1, 120] <force_oncall:mi_client_infra:force_oncall>
07-10 02:56:10.768 W/soft_error.cpp( 8940): [DGWClientConfig] : tunnelConnectAckTimeout: value 0 outside valid range [1, 120] <force_oncall:mi_client_infra:force_oncall>
07-10 02:56:10.772 D/nativeloader( 9184): Configuring clns-4 for other apk /data/app/~~EasBFf4jVToz7JeBeJy00w==/com.facebook.services-TdfTplgQtFZ7cGYDyzPQdg==/base.apk. target_sdk_version=36, uses_libraries=, library_path=/data/app/~~EasBFf4jVToz7JeBeJy00w==/com.facebook.services-TdfTplgQtFZ7cGYDyzPQdg==/lib/arm64:/data/app/~~EasBFf4jVToz7JeBeJy00w==/com.facebook.services-TdfTplgQtFZ7cGYDyzPQdg==/base.apk!/lib/arm64-v8a, permitted_path=/data:/mnt/expand:/data/user/0/com.facebook.services
07-10 02:56:10.781 E/SlowAppComponent( 8940): 0ms: InstagramAppShell instantiating…
07-10 02:56:10.781 E/SlowAppComponent( 8940): 155ms: ClipsDraftProvider instantiating…
07-10 02:56:10.781 E/SlowAppComponent( 8940): 156ms: SecureFileProvider instantiating…
07-10 02:56:10.781 E/SlowAppComponent( 8940): 160ms: AsyncFamilyAppsUserValuesProvider instantiating…
07-10 02:56:10.781 E/SlowAppComponent( 8940): 160ms: TixuDirectTransferProvider instantiating…
07-10 02:56:10.781 E/SlowAppComponent( 8940): 161ms: AsyncInstagramPhoneIdProvider instantiating…
07-10 02:56:10.782 E/SlowAppComponent( 8940): 161ms: QuickSnapSeenStateProvider instantiating…
07-10 02:56:10.782 E/SlowAppComponent( 8940): 160ms: BaselContextProvider instantiating…
07-10 02:56:10.782 E/SlowAppComponent( 8940): 160ms: FileProvider instantiating…
07-10 02:56:10.782 E/SlowAppComponent( 8940): 160ms: FoaBackupTokenProvider instantiating…
07-10 02:56:10.782 E/SlowAppComponent( 8940): 160ms: ThreadsContentProvider instantiating…
07-10 02:56:10.782 E/SlowAppComponent( 8940): 160ms: DeferredCurrentUserProvider instantiating…
07-10 02:56:10.782 E/SlowAppComponent( 8940): 160ms: InstallReferrerProvider instantiating…
07-10 02:56:10.782 E/SlowAppComponent( 8940): 161ms: IgLoggedInUsersContentProvider instantiating…
07-10 02:56:10.782 E/SlowAppComponent( 8940): 161ms: FirstPartyUserValuesLiteProviderV2 instantiating…
07-10 02:56:10.782 E/SlowAppComponent( 8940): 161ms: AndroidXAppInitializer instantiating…
07-10 02:56:10.782 E/SlowAppComponent( 8940): 162ms: FifuDeferredDeeplinkProvider instantiating…
07-10 02:56:10.783 E/SlowAppComponent( 8940): 162ms: UsdidValuesProvider instantiating…
07-10 02:56:10.783 E/SlowAppComponent( 8940): 161ms: DeferredDeeplinkProvider instantiating…
07-10 02:56:10.783 E/SlowAppComponent( 8940): 161ms: TixuDeferredDeeplinkProvider instantiating…
07-10 02:56:10.783 E/SlowAppComponent( 8940): 1010ms: FbnsInitBroadcastReceiver instantiating…
07-10 02:56:10.783 E/SlowAppComponent( 8940): 1200ms: KeepWarmReceiver instantiating…
07-10 02:56:10.783 E/SlowAppComponent( 8940): Main thread was blocked for 1225ms in the background starting with InstagramAppShell
07-10 02:56:10.785 D/PackageManager( 1060): PMS setEnabledSetting: packageName = com.instagram.android, className = com.instagram.push.FbnsInitBroadcastReceiver, newState = 1, flags = 1, userId = 0, callingPackage = null, callingUid = 10204, allowedByPermission = false
07-10 02:56:10.795 V/GraphicsEnvironment( 9184): ANGLE Developer option for 'com.facebook.services' set to: 'default'
07-10 02:56:10.795 V/GraphicsEnvironment( 9184): Neither updatable production driver nor prerelease driver is supported.
07-10 02:56:10.800 I/CCodec  ( 8940): allocate(c2.unisoc.vp9.decoder)
07-10 02:56:10.804 I/LoadedApk( 9184): No resource references to update in package com.transsion.theme.icon
07-10 02:56:10.805 D/NetworkSecurityConfig( 9184): Using Network Security Config from resource fb_network_security_config debugBuild: false
07-10 02:56:10.805 D/enhanceHAL(  602): slpSetBrightness: ambient = 368
07-10 02:56:10.811 W/msys    ( 8940): Proxies already configured: null
07-10 02:56:10.822 D/NetworkSecurityConfig( 9184): Using Network Security Config from resource fb_network_security_config debugBuild: false
07-10 02:56:10.840 I/Codec2Client( 8940): Available Codec2 services: "default" "software"
07-10 02:56:10.855 D/JobScheduler.Time( 1060): evaluateConstraint job for: com.airtel.africa.selfcare sourceUid:10235 app is not started!!
07-10 02:56:10.855 D/JobScheduler.Time( 1060): evaluateConstraint job for: com.messagesapp.textmessages.smsapp sourceUid:10236 app is not started!!
07-10 02:56:10.870 W/SessionScopedProviderInitializer( 8940): Initialize X.08zr end
07-10 02:56:10.870 W/AppInitScheduler|Run( 8940):   Finished SessionScopedProviderInitializerCompletion in 333ms
07-10 02:56:10.871 W/AppInitScheduler|Schedule( 8940): Pending tasks reached zero, maybe shutting down…
07-10 02:56:10.871 W/AppInitScheduler|Run( 8940): All work finished.
07-10 02:56:10.878 D/d       ( 9184): ExceptionHandlerManager not explicitly initialized, using default mode
07-10 02:56:10.878 D/d       ( 9184): initializing exception handler manager, prioritized=true
07-10 02:56:10.881 I/CCodec  ( 8940): setting up 'default' as default (vendor) store
07-10 02:56:10.895 V/C2UnisocStore(  589): in init, libPath: libcodec2_unisoc_vp9dec.so
07-10 02:56:10.896 V/C2UnisocStore(  589): loading dll
07-10 02:56:10.896 V/C2UnisocVP9Dec(  589): in CreateCodec2Factory
07-10 02:56:10.897 I/C2UnisocVP9Dec(  589): SizeSetter, from (width: 320, height: 240) to (width: 320, height: 240)
07-10 02:56:10.898 I/C2UnisocVP9Dec(  589): MaxPictureSizeSetter, me:(320 * 240), size:(320 * 240), max:(1920 * 3840)
07-10 02:56:10.898 I/C2UnisocVP9Dec(  589): MaxInputSizeSetter, max input size: 1048576
07-10 02:56:10.899 I/C2UnisocVP9Dec(  589): DecSceneModeSetter, dec scene mode: 0
07-10 02:56:10.900 I/C2UnisocVP9Dec(  589): SizeSetter, from (width: 320, height: 240) to (width: 320, height: 240)
07-10 02:56:10.900 I/C2UnisocVP9Dec(  589): MaxPictureSizeSetter, me:(320 * 240), size:(320 * 240), max:(1920 * 3840)
07-10 02:56:10.901 I/C2UnisocVP9Dec(  589): MaxInputSizeSetter, max input size: 1048576
07-10 02:56:10.901 I/C2UnisocVP9Dec(  589): DecSceneModeSetter, dec scene mode: 0
07-10 02:56:10.901 I/SimpleUnisocC2Component(  589): Construct SimpleUnisocC2Component(0xf4586f70)
07-10 02:56:10.901 I/C2UnisocVP9Dec(  589): Construct C2UnisocVP9Dec,this: 0xf4586f70, clear_instances: 3, secure_instances: 0, SecureFlag: 0
07-10 02:56:10.901 I/C2UnisocVP9Dec(  589): C2UnisocVP9Dec, mDumpYUVEnabled: 0, mDumpStrmEnabled: 0
07-10 02:56:10.902 V/C2UnisocVP9Dec(  589): InitThreadWrapper: 0xf4586f70
07-10 02:56:10.902 I/C2UnisocVP9Dec(  589): initThreadFunc
07-10 02:56:10.902 I/C2UnisocVP9Dec(  589): openDecoder, lib: libomx_vp9dec_hw_sprd.so
07-10 02:56:10.902 I/Codec2-ComponentStore@1.1(  589): getTransactionInfo empty
07-10 02:56:10.904 W/SoLoader( 9184): Initializing SoLoader: 0
07-10 02:56:10.904 I/CCodec  ( 8940): Created component [c2.unisoc.vp9.decoder]
07-10 02:56:10.904 W/SoLoader( 9184): context.getApplicationContext returned null, holding reference to original context.ApplicationSoSource fallbacks to: /data/app/~~EasBFf4jVToz7JeBeJy00w==/com.facebook.services-TdfTplgQtFZ7cGYDyzPQdg==/lib/arm64
07-10 02:56:10.905 D/CCodecConfig( 8940): read media type: video/x-vnd.on2.vp9
07-10 02:56:10.905 I/SoLoader( 9184): Recording new base apk path: /data/app/~~EasBFf4jVToz7JeBeJy00w==/com.facebook.services-TdfTplgQtFZ7cGYDyzPQdg==/base.apk
07-10 02:56:10.905 I/SoLoader( 9184): Previously recorded 0 base apk paths.
07-10 02:56:10.910 D/ReflectedParamUpdater( 8940): extent() != 1 for single value type: algo.buffers.max-count.values
07-10 02:56:10.910 D/ReflectedParamUpdater( 8940): extent() != 1 for single value type: output.subscribed-indices.values
07-10 02:56:10.911 D/ReflectedParamUpdater( 8940): extent() != 1 for single value type: input.buffers.allocator-ids.values
07-10 02:56:10.911 D/ReflectedParamUpdater( 8940): extent() != 1 for single value type: output.buffers.allocator-ids.values
07-10 02:56:10.911 D/ReflectedParamUpdater( 8940): extent() != 1 for single value type: algo.buffers.allocator-ids.values
07-10 02:56:10.911 D/ReflectedParamUpdater( 8940): extent() != 1 for single value type: output.buffers.pool-ids.values
07-10 02:56:10.912 D/ReflectedParamUpdater( 8940): extent() != 1 for single value type: algo.buffers.pool-ids.values
07-10 02:56:10.914 E/msys    ( 8940): E[N mns:DGWClient]_OnResolverSuccess(331)=>Cache refresh succeeded with system DNS resolver. IP count: 1
07-10 02:56:10.915 D/ReflectedParamUpdater( 8940): ignored struct field coded.color-format.locations
07-10 02:56:10.916 I/SoLoader( 9184): Preparing SO source: DirectorySoSource[root = /vendor/lib64 flags = 2]
07-10 02:56:10.916 D/CCodecConfig( 8940): ignoring local param raw.size (0xd2001800) as it is already supported
07-10 02:56:10.916 D/ReflectedParamUpdater( 8940): ignored struct field raw.hdr-static-info.mastering
07-10 02:56:10.916 I/SoLoader( 9184): Preparing SO source: DirectorySoSource[root = /system_ext/lib64 flags = 2]
07-10 02:56:10.917 I/SoLoader( 9184): Preparing SO source: DirectorySoSource[root = /system/lib64 flags = 2]
07-10 02:56:10.917 I/SoLoader( 9184): Preparing SO source: DirectApkSoSource[root = [/data/app/~~EasBFf4jVToz7JeBeJy00w==/com.facebook.services-TdfTplgQtFZ7cGYDyzPQdg==/base.apk!/lib/arm64-v8a]]
07-10 02:56:10.918 I/CCodecConfig( 8940): query failed after returning 13 values (BAD_INDEX)
07-10 02:56:10.918 D/CCodecConfig( 8940): c2 config diff is Dict {
07-10 02:56:10.918 D/CCodecConfig( 8940):   c2::i32 algo.priority.value = -1
07-10 02:56:10.918 D/CCodecConfig( 8940):   c2::float algo.rate.value = -1
07-10 02:56:10.918 D/CCodecConfig( 8940):   c2::u32 coded.pl.level = 0
07-10 02:56:10.918 D/CCodecConfig( 8940):   c2::u32 coded.pl.profile = 0
07-10 02:56:10.918 D/CCodecConfig( 8940):   c2::u32 default.color.matrix = 0
07-10 02:56:10.918 D/CCodecConfig( 8940):   c2::u32 default.color.primaries = 0
07-10 02:56:10.918 D/CCodecConfig( 8940):   c2::u32 default.color.range = 0
07-10 02:56:10.918 D/CCodecConfig( 8940):   c2::u32 default.color.transfer = 0
07-10 02:56:10.918 D/CCodecConfig( 8940):   c2::u32 input.buffers.max-size.value = 1048576
07-10 02:56:10.918 D/CCodecConfig( 8940):   c2::u32 input.delay.value = 0
07-10 02:56:10.918 D/CCodecConfig( 8940):   Buffer input.hdr10-plus-info.value = {
07-10 02:56:10.918 D/CCodecConfig( 8940):   }
07-10 02:56:10.918 D/CCodecConfig( 8940):   string input.media-type.value = "video/x-vnd.on2.vp9"
07-10 02:56:10.918 D/CCodecConfig( 8940):   c2::u32 output.delay.value = 8
07-10 02:56:10.918 D/CCodecConfig( 8940):   Buffer output.hdr10-plus-info.value = {
07-10 02:56:10.918 D/CCodecConfig( 8940):   }
07-10 02:56:10.918 D/CCodecConfig( 8940):   string output.media-type.value = "video/raw"
07-10 02:56:10.918 D/CCodecConfig( 8940):   c2::u32 raw.max-size.height = 240
07-10 02:56:10.918 D/CCodecConfig( 8940):   c2::u32 raw.max-size.width = 320
07-10 02:56:10.918 D/CCodecConfig( 8940):   c2::u32 raw.pixel-format.value = 35
07-10 02:56:10.918 D/CCodecConfig( 8940):   c2::i32 raw.rotation.flip = 0
07-10 02:56:10.918 D/CCodecConfig( 8940):   c2::i32 raw.rotation.value = 0
07-10 02:56:10.918 D/CCodecConfig( 8940):   c2::u32 raw.sar.height = 1
07-10 02:56:10.918 D/CCodecConfig( 8940):   c2::u32 raw.sar.width = 1
07-10 02:56:10.918 D/CCodecConfig( 8940):   c2::u32 raw.size.height = 240
07-10 02:56:10.918 D/CCodecConfig( 8940):   c2::u32 raw.size.width = 320
07-10 02:56:10.918 D/CCodecConfig( 8940):   c2::u32 raw.surface-scaling.value = 1
07-10 02:56:10.918 D/CCodecConfig( 8940): }
07-10 02:56:10.919 I/SoLoader( 9184): Preparing SO source: ApplicationSoSource[DirectorySoSource[root = /data/app/~~EasBFf4jVToz7JeBeJy00w==/com.facebook.services-TdfTplgQtFZ7cGYDyzPQdg==/lib/arm64 flags = 1]]
07-10 02:56:10.919 W/ColorUtils( 8940): expected specified color aspects (0:0:0:0)
07-10 02:56:10.919 W/SoLoader( 9184): SoLoader initialized: 8
07-10 02:56:10.922 D/performance( 1060): handleVmpressure, swap:96 pressure:2 thrashing:-1
07-10 02:56:10.923 I/VSP     (  589): libomx_vp9dec_hw_sprd.so is built on Tue Nov 12 18:04:14 CST 2024, Copyright (C) Spreadtrum, Inc.
07-10 02:56:10.926 I/C2UnisocVP9Dec(  589): Get IOMMU Status: 0(Success), mSecureFlag: 0
07-10 02:56:10.928 I/C2UnisocVP9Dec(  589): mPbuf_stream_p 0x20000000
07-10 02:56:10.928 I/C2UnisocVP9Dec(  589): initThreadFunc exit
07-10 02:56:10.931 V/SimpleUnisocC2Component(  589): release
07-10 02:56:10.931 I/C2UnisocVP9Dec(  589): onRelease
07-10 02:56:10.932 I/MediaCodec( 8940): CreateByComponentName:c2.android.aac.decoder pid:-1
07-10 02:56:10.932 I/C2UnisocVideoDecoderComponent(  589): mOutBlockQueue is empty
07-10 02:56:10.935 I/C2UnisocVP9Dec(  589): onRelease exit
07-10 02:56:10.936 I/hw-BpHwBinder( 8940): onLastStrongRef automatically unlinking death recipients
07-10 02:56:10.936 I/C2UnisocVP9Dec(  589): Destruct C2UnisocVP9Dec, this: 0xf4586f70, clear_instances: 4, secure_instances: 0
07-10 02:56:10.936 I/C2UnisocVP9Dec(  589): onRelease
07-10 02:56:10.936 I/C2UnisocVideoDecoderComponent(  589): mOutBlockQueue is empty
07-10 02:56:10.937 I/C2UnisocVP9Dec(  589): onRelease exit
07-10 02:56:10.937 I/SimpleUnisocC2Component(  589): Destruct SimpleUnisocC2Component, this: 0x0xf4586f70
07-10 02:56:10.937 V/C2UnisocStore(  589): in ~ComponentModule
07-10 02:56:10.937 V/C2UnisocVP9Dec(  589): in DestroyCodec2Factory
07-10 02:56:10.937 V/C2UnisocStore(  589): unloading dll
07-10 02:56:10.938 D/MediaCodec( 8940): flushMediametrics
07-10 02:56:10.939 D/MediaCodec( 8940): flushMediametrics
07-10 02:56:10.941 I/CCodec  ( 8940): allocate(c2.android.aac.decoder)
07-10 02:56:10.944 I/CCodec  ( 8940): setting up 'default' as default (vendor) store
07-10 02:56:10.945 I/Codec2-ComponentStore@1.1(  589): getTransactionInfo empty
07-10 02:56:10.950 W/libc    (  796): Access denied finding property "aac_drc_heavy"
07-10 02:56:10.951 W/libc    (  796): Access denied finding property "aac_drc_reference_level"
07-10 02:56:10.951 W/libc    (  796): Access denied finding property "aac_drc_enc_target_level"
07-10 02:56:10.947 W/HwBinder:796_12(  796): type=1400 audit(0.0:1937789): avc: denied { read } for name="u:object_r:aac_drc_prop:s0" dev="tmpfs" ino=20494 scontext=u:r:mediaswcodec:s0 tcontext=u:object_r:aac_drc_prop:s0 tclass=file permissive=0
07-10 02:56:10.947 W/HwBinder:796_12(  796): type=1400 audit(0.0:1937790): avc: denied { read } for name="u:object_r:aac_drc_prop:s0" dev="tmpfs" ino=20494 scontext=u:r:mediaswcodec:s0 tcontext=u:object_r:aac_drc_prop:s0 tclass=file permissive=0
07-10 02:56:10.947 W/HwBinder:796_12(  796): type=1400 audit(0.0:1937791): avc: denied { read } for name="u:object_r:aac_drc_prop:s0" dev="tmpfs" ino=20494 scontext=u:r:mediaswcodec:s0 tcontext=u:object_r:aac_drc_prop:s0 tclass=file permissive=0
07-10 02:56:10.951 W/HwBinder:796_12(  796): type=1400 audit(0.0:1937792): avc: denied { read } for name="u:object_r:aac_drc_prop:s0" dev="tmpfs" ino=20494 scontext=u:r:mediaswcodec:s0 tcontext=u:object_r:aac_drc_prop:s0 tclass=file permissive=0
07-10 02:56:10.951 W/HwBinder:796_12(  796): type=1400 audit(0.0:1937793): avc: denied { read } for name="u:object_r:aac_drc_prop:s0" dev="tmpfs" ino=20494 scontext=u:r:mediaswcodec:s0 tcontext=u:object_r:aac_drc_prop:s0 tclass=file permissive=0
07-10 02:56:10.951 W/HwBinder:796_12(  796): type=1400 audit(0.0:1937794): avc: denied { read } for name="u:object_r:aac_drc_prop:s0" dev="tmpfs" ino=20494 scontext=u:r:mediaswcodec:s0 tcontext=u:object_r:aac_drc_prop:s0 tclass=file permissive=0
07-10 02:56:10.951 W/libc    (  796): Access denied finding property "aac_drc_boost"
07-10 02:56:10.952 W/libc    (  796): Access denied finding property "aac_drc_cut"
07-10 02:56:10.952 W/libc    (  796): Access denied finding property "ro.aac_drc_effect_type"
07-10 02:56:10.953 W/libc    (  796): Access denied finding property "aac_drc_heavy"
07-10 02:56:10.954 W/libc    (  796): Access denied finding property "aac_drc_reference_level"
07-10 02:56:10.954 W/libc    (  796): Access denied finding property "aac_drc_enc_target_level"
07-10 02:56:10.954 W/libc    (  796): Access denied finding property "aac_drc_boost"
07-10 02:56:10.954 W/libc    (  796): Access denied finding property "aac_drc_cut"
07-10 02:56:10.955 W/libc    (  796): Access denied finding property "ro.aac_drc_effect_type"
07-10 02:56:10.957 D/BufferPoolAccessor2.0(  796): bufferpool2 0xb400006ebe75e6b8 : 0(0 size) total buffers - 0(0 size) used buffers - 0/0 (recycle/alloc) - 0/0 (fetch/transfer)
07-10 02:56:10.957 D/BufferPoolAccessor2.0(  796): bufferpool2 0xb400006ebe75d8d8 : 0(0 size) total buffers - 0(0 size) used buffers - 66/70 (recycle/alloc) - 4/69 (fetch/transfer)
07-10 02:56:10.960 I/CCodec  ( 8940): Created component [c2.android.aac.decoder]
07-10 02:56:10.961 D/CCodecConfig( 8940): read media type: audio/mp4a-latm
07-10 02:56:10.966 D/enhanceHAL(  602): slpSetBrightness: ambient = 368
07-10 02:56:10.967 D/ReflectedParamUpdater( 8940): extent() != 1 for single value type: algo.buffers.max-count.values
07-10 02:56:10.968 D/ReflectedParamUpdater( 8940): extent() != 1 for single value type: output.subscribed-indices.values
07-10 02:56:10.968 D/ReflectedParamUpdater( 8940): extent() != 1 for single value type: input.buffers.allocator-ids.values
07-10 02:56:10.968 D/ReflectedParamUpdater( 8940): extent() != 1 for single value type: output.buffers.allocator-ids.values
07-10 02:56:10.968 D/ReflectedParamUpdater( 8940): extent() != 1 for single value type: algo.buffers.allocator-ids.values
07-10 02:56:10.969 D/ReflectedParamUpdater( 8940): extent() != 1 for single value type: output.buffers.pool-ids.values
07-10 02:56:10.969 D/ReflectedParamUpdater( 8940): extent() != 1 for single value type: algo.buffers.pool-ids.values
07-10 02:56:10.970 W/System.err( 8940): SLF4J(W): No SLF4J providers were found.
07-10 02:56:10.970 W/System.err( 8940): SLF4J(W): Defaulting to no-operation (NOP) logger implementation
07-10 02:56:10.970 W/System.err( 8940): SLF4J(W): See https://www.slf4j.org/codes.html#noProviders for further details.
07-10 02:56:10.978 I/CCodecConfig( 8940): query failed after returning 19 values (BAD_INDEX)
07-10 02:56:10.978 D/CCodecConfig( 8940): c2 config diff is Dict {
07-10 02:56:10.978 D/CCodecConfig( 8940):   c2::u32 coded.aac-packaging.value = 0
07-10 02:56:10.978 D/CCodecConfig( 8940):   c2::u32 coded.bitrate.value = 64000
07-10 02:56:10.978 D/CCodecConfig( 8940):   c2::u32 coded.pl.level = 0
07-10 02:56:10.978 D/CCodecConfig( 8940):   c2::u32 coded.pl.profile = 8192
07-10 02:56:10.978 D/CCodecConfig( 8940):   c2::i32 coding.drc.album-mode.value = 0
07-10 02:56:10.978 D/CCodecConfig( 8940):   c2::float coding.drc.attenuation-factor.value = 1
07-10 02:56:10.978 D/CCodecConfig( 8940):   c2::float coding.drc.boost-factor.value = 1
07-10 02:56:10.978 D/CCodecConfig( 8940):   c2::i32 coding.drc.compression-mode.value = 3
07-10 02:56:10.978 D/CCodecConfig( 8940):   c2::i32 coding.drc.effect-type.value = 3
07-10 02:56:10.978 D/CCodecConfig( 8940):   c2::float coding.drc.encoded-level.value = 0.25
07-10 02:56:10.978 D/CCodecConfig( 8940):   c2::float coding.drc.reference-level.value = -16
07-10 02:56:10.978 D/CCodecConfig( 8940):   c2::u32 input.buffers.max-size.value = 8192
07-10 02:56:10.978 D/CCodecConfig( 8940):   c2::u32 input.delay.value = 0
07-10 02:56:10.978 D/CCodecConfig( 8940):   string input.media-type.value = "audio/mp4a-latm"
07-10 02:56:10.978 D/CCodecConfig( 8940):   c2::u32 output.delay.value = 2
07-10 02:56:10.978 D/CCodecConfig( 8940):   c2::float output.drc.output-loudness.value = 0.25
07-10 02:56:10.978 D/CCodecConfig( 8940):   string output.media-type.value = "audio/raw"
07-10 02:56:10.978 D/CCodecConfig( 8940):   c2::u32 raw.channel-count.value = 1
07-10 02:56:10.978 D/CCodecConfig( 8940):   c2::u32 raw.max-channel-count.value = 8
07-10 02:56:10.978 D/CCodecConfig( 8940):   c2::u32 raw.sample-rate.value = 44100
07-10 02:56:10.978 D/CCodecConfig( 8940): }
07-10 02:56:10.985 I/hw-BpHwBinder( 8940): onLastStrongRef automatically unlinking death recipients
07-10 02:56:10.985 D/MediaCodec( 8940): flushMediametrics
07-10 02:56:10.985 I/hw-BpHwBinder(  796): onLastStrongRef automatically unlinking death recipients
07-10 02:56:10.986 D/BufferPoolAccessor2.0(  796): Destruction - bufferpool2 0xb400006ebe761058 cached: 0/0M, 0/0% in use; allocs: 0, 0% recycled; transfers: 0, 0% unfetched
07-10 02:56:10.986 D/MediaCodec( 8940): flushMediametrics
