07-10 02:55:58.197 I/GoogleInputMethodService(10884): GoogleInputMethodService.onTrimMemory():3012 onTrimMemory(): 15
07-10 02:55:58.206 D/PackageManager( 1060): PMS setEnabledSetting: packageName = com.facebook.appmanager, className = com.facebook.oxygen.appmanager.helium.trampoline.HeliumSandboxedService, newState = 1, flags = 1, userId = 0, callingPackage = null, callingUid = 10068, allowedByPermission = false
07-10 02:55:58.208 D/PackageManager( 1060): PMS setEnabledSetting: packageName = com.facebook.appmanager, className = com.facebook.oxygen.appmanager.helium.trampoline.HeliumSandboxedService0, newState = 1, flags = 1, userId = 0, callingPackage = null, callingUid = 10068, allowedByPermission = false
07-10 02:55:58.209 D/PackageManager( 1060): PMS setEnabledSetting: packageName = com.facebook.appmanager, className = com.facebook.oxygen.appmanager.helium.trampoline.HeliumSandboxedService1, newState = 1, flags = 1, userId = 0, callingPackage = null, callingUid = 10068, allowedByPermission = false
07-10 02:55:58.237 D/enhanceHAL(  602): slpSetBrightness: ambient = 368
07-10 02:55:58.256 D/performance( 1060): handleVmpressure, swap:98 pressure:2 thrashing:-1
07-10 02:55:58.273 W/DGW     ( 8696): W[onSuccessfulResponse:926] StreamGroupTransport[notifgateway] on successful response. DGW is now connected.
07-10 02:55:58.309 D/QSIconViewImpl(14335): state.disabledByPolicy=false
07-10 02:55:58.337 D/QSIconViewImpl(14335): state.disabledByPolicy=false
07-10 02:55:58.340 D/QSIconViewImpl(14335): state.disabledByPolicy=false
07-10 02:55:58.398 D/enhanceHAL(  602): slpSetBrightness: ambient = 369
07-10 02:55:58.539 D/BroadcastQueue( 1060): Add broadcast <BroadcastRecord{557771f u0 null}> into [ordered | background], pending size 3969
07-10 02:55:58.539 D/BroadcastQueue( 1060): Header is BroadcastRecord{613c1e5 u0 null} now
07-10 02:55:58.556 D/performance( 1060): handleVmpressure, swap:98 pressure:2 thrashing:-1
07-10 02:55:58.559 D/enhanceHAL(  602): slpSetBrightness: ambient = 368
07-10 02:55:58.560 W/ComponentDiscovery( 8654): Class com.google.firebase.dynamicloading.DynamicLoadingRegistrar is not an found.
07-10 02:55:58.634 D/BroadcastQueue( 1060): Add broadcast <BroadcastRecord{36cc396 u-1 android.net.conn.CONNECTIVITY_CHANGE}> into [parallel | background], pending size 0
07-10 02:55:58.635 D/BroadcastQueue( 1060): Done with parallel broadcast [background] [BroadcastRecord{36cc396 u-1 android.net.conn.CONNECTIVITY_CHANGE}]
07-10 02:55:58.721 D/enhanceHAL(  602): slpSetBrightness: ambient = 369
07-10 02:55:58.856 D/performance( 1060): handleVmpressure, swap:98 pressure:2 thrashing:-1
07-10 02:55:58.882 D/enhanceHAL(  602): slpSetBrightness: ambient = 368
07-10 02:55:58.920 D/performance( 1060): LRU skip stop: {com.transsion.phonemanager=adj<=200, com.transsion.smartpanel=adj<=200, com.google.android.gms=adj<=200, com.google.android.apps.messaging=adj<=200, com.transsion.phoenix=adj<=200, com.hoffnung=adj<=200, com.android.phone=adj<=200, com.transsion.camera=adj<=200, com.google.android.googlequicksearchbox=adj<=200, com.transsnet.store=foreground service, com.android.systemui=wallpaper, com.transsion.phonemaster=adj<=200, com.android.se=adj<=200, com.google.android.cellbroadcastservice=adj<=200, com.google.android.permissioncontroller=adj<=200, com.android.smspush=adj<=200, com.transsion.childmode=adj<=200, com.google.android.tts=adj<=200, com.sprd.srmi=adj<=200, com.facebook.system=adj<=200, com.transsion.kolun.assistant=adj<=200, com.transsion.statisticalsales=adj<=200, com.google.android.ext.services=adj<=200, com.google.android.providers.media.module=adj<=200, com.mediatek.batterywarning=adj<=200, com.transsion.trancare=adj<=200, com.transsion.sk=adj<=200, com.android.providers.contacts=adj<=200, com.android.mtp=adj<=200, com.facebook.lite=adj<=200, com.transsion.filemanagerx=Relative-Toptask, com.google.android.inputmethod.latin=inputMethods, com.transsion.plat.appupdate=adj<=200, com.google.android.gsf=adj<=200}, swapKill: 1
07-10 02:55:58.920 I/ActivityManager( 1060): Killing 8696:com.facebook.services/u0a53 (adj 500): rampolicy swapusage :98
07-10 02:55:58.921 V/ActivityManager( 1060): Clean up application record for ProcessRecord{a899b69 8696:com.facebook.services/u0a53} restarting=false allowRestart=true index=-1 replacingPid=false fromBinderDied=false
07-10 02:55:58.921 D/os.ActivityManagerServiceLice( 1060): make process inactive com.facebook.services(8696)
07-10 02:55:58.922 D/SmartPanelService( 2410): processName = com.facebook.servicespackages = [com.facebook.services]
07-10 02:55:58.922 W/ActivityManager( 1060): Scheduling restart of crashed service com.facebook.services/com.facebook.oxygen.services.fbns.PreloadedFbnsService in 4000ms for start-requested
07-10 02:55:58.922 E/UnisocWatchdog( 1060): WDT_Monitor_wpp processJavaDied 3rd:com.facebook.services
07-10 02:55:58.923 D/TranAppmService( 1060): remove callback due to processDied: pid = 8696, size = 0
07-10 02:55:58.923 I/ActivityManager( 1060): Killing 8750:com.facebook.appmanager/u0a68 (adj 800): rampolicy swapusage :98
07-10 02:55:58.924 V/ActivityManager( 1060): Clean up application record for ProcessRecord{5160fb9 8750:com.facebook.appmanager/u0a68} restarting=false allowRestart=true index=-1 replacingPid=false fromBinderDied=false
07-10 02:55:58.925 D/os.ActivityManagerServiceLice( 1060): make process inactive com.facebook.appmanager(8750)
07-10 02:55:58.925 E/UnisocWatchdog( 1060): WDT_Monitor_wpp processJavaDied 3rd:com.facebook.appmanager
07-10 02:55:58.925 D/Game_Utils( 2410): getTopPackageName pkm = com.transsion.XOSLauncher.upgrade
07-10 02:55:58.925 D/TranAppmService( 1060): remove callback due to processDied: pid = 8750, size = 0
07-10 02:55:58.927 D/performance( 1060): kill pid 8750 com.facebook.appmanager due to rampolicy swapusage :98
07-10 02:55:58.932 D/Game_Utils( 2410): getWindowingModeByTask mode : 1
07-10 02:55:58.935 D/Game_Utils( 2410): isTheMainScreen, displayId: 0  classname = com.android.quickstep.src.com.android.launcher3.uioverrides.QuickstepLauncher
07-10 02:55:58.935 D/Game_Utils( 2410): getTopClassNameNew className = com.android.quickstep.src.com.android.launcher3.uioverrides.QuickstepLauncher
07-10 02:55:58.936 D/SmartPanelService( 2410): processName = com.facebook.appmanagerpackages = [com.facebook.appmanager]
07-10 02:55:58.937 D/Game_Utils( 2410): getTopPackageName pkm = com.transsion.XOSLauncher.upgrade
07-10 02:55:58.944 D/Game_Utils( 2410): getWindowingModeByTask mode : 1
07-10 02:55:58.947 D/Game_Utils( 2410): isTheMainScreen, displayId: 0  classname = com.android.quickstep.src.com.android.launcher3.uioverrides.QuickstepLauncher
07-10 02:55:58.947 D/Game_Utils( 2410): getTopClassNameNew className = com.android.quickstep.src.com.android.launcher3.uioverrides.QuickstepLauncher
07-10 02:55:58.952 I/libprocessgroup( 1060): Successfully killed process cgroup uid 10053 pid 8696 in 30ms
07-10 02:55:58.962 V/ActivityManager( 1060): Got obituary of 8696:com.facebook.services
07-10 02:55:58.962 I/Zygote  (  571): Process 8696 exited due to signal 9 (Killed)
07-10 02:55:58.962 V/ActivityManager( 1060): Got obituary of 8750:com.facebook.appmanager
07-10 02:55:58.963 I/Zygote  (  571): Process 8750 exited due to signal 9 (Killed)
07-10 02:55:58.996 I/libprocessgroup( 1060): Successfully killed process cgroup uid 10068 pid 8750 in 0ms
07-10 02:55:59.043 D/enhanceHAL(  602): slpSetBrightness: ambient = 369
07-10 02:55:59.096 I/lowmemorykiller(  331): Reclaimed 0kB, cache(728660kB) and free(151700kB)-reserved(34920kB) below min(483840kB) for oom_score_adj 900
07-10 02:55:59.096 I/lowmemorykiller(  331): Suppressed 78 failed kill reports
07-10 02:55:59.169 D/performance( 1060): handleVmpressure, swap:98 pressure:2 thrashing:-1
07-10 02:55:59.204 D/enhanceHAL(  602): slpSetBrightness: ambient = 369
07-10 02:55:59.365 D/enhanceHAL(  602): slpSetBrightness: ambient = 368
07-10 02:55:59.500 W/Monkey  ( 7657): Incomplete tombstone file.
07-10 02:55:59.501 I/Monkey  ( 7657): ** New tombstone found: /data/tombstones/tombstone_17.pb, size: 0
07-10 02:55:59.526 D/enhanceHAL(  602): slpSetBrightness: ambient = 368
07-10 02:55:59.687 D/enhanceHAL(  602): slpSetBrightness: ambient = 369
07-10 02:55:59.848 D/enhanceHAL(  602): slpSetBrightness: ambient = 369
07-10 02:56:00.009 D/enhanceHAL(  602): slpSetBrightness: ambient = 369
07-10 02:56:00.171 D/enhanceHAL(  602): slpSetBrightness: ambient = 368
07-10 02:56:00.332 D/enhanceHAL(  602): slpSetBrightness: ambient = 369
07-10 02:56:00.493 D/enhanceHAL(  602): slpSetBrightness: ambient = 368
07-10 02:56:00.516 I/Monkey  ( 7657): ** New tombstone found: /data/tombstones/tombstone_18, size: 407044
07-10 02:56:00.654 D/enhanceHAL(  602): slpSetBrightness: ambient = 369
07-10 02:56:00.815 E/SLOGCP  (  766): data_rate_stat: cp_wcn rate 0.000000
07-10 02:56:00.816 D/enhanceHAL(  602): slpSetBrightness: ambient = 369
07-10 02:56:00.816 E/SLOGCP  (  766): data_rate_stat: cp_wcn rate 0.000000
07-10 02:56:00.976 D/enhanceHAL(  602): slpSetBrightness: ambient = 369
07-10 02:56:01.138 D/enhanceHAL(  602): slpSetBrightness: ambient = 368
07-10 02:56:01.159 W/Binder:1060_16( 1060): type=1400 audit(0.0:1937780): avc: denied { read } for name="u:object_r:vendor_default_prop:s0" dev="tmpfs" ino=20722 scontext=u:r:system_server:s0 tcontext=u:object_r:vendor_default_prop:s0 tclass=file permissive=0
07-10 02:56:01.161 W/libc    ( 1060): Access denied finding property "ro.vendor.tran.xml.support"
07-10 02:56:01.228 D/AlarmManagerService( 1060): set alarm to kernel: 1367168.935000000, type=2 
07-10 02:56:01.228 D/AlarmManagerService( 1060): set alarm to kernel: 1367133.164000000, type=3 
07-10 02:56:01.229 V/AlarmManager( 1060): set(null) : type=2 listener=android.app.IAlarmListener$Stub$Proxy@c713a82 listenerTag=GCM_HB_ALARM triggerAtTime=1367586933 win=0 tElapsed=1367586933 maxElapsed=1367586933 interval=0 flags=0x41
07-10 02:56:01.230 D/AlarmManagerService( 1060): set alarm to kernel: 1367168.935000000, type=2 
07-10 02:56:01.230 D/AlarmManagerService( 1060): set alarm to kernel: 1367133.164000000, type=3 
07-10 02:56:01.245 D/AlarmManagerService( 1060): set alarm to kernel: 1367168.935000000, type=2 
07-10 02:56:01.245 D/AlarmManagerService( 1060): set alarm to kernel: 1367133.164000000, type=3 
07-10 02:56:01.246 V/AlarmManager( 1060): set(null) : type=2 listener=android.app.IAlarmListener$Stub$Proxy@e95b593 listenerTag=GCM_HB_ALARM triggerAtTime=1367586950 win=0 tElapsed=1367586950 maxElapsed=1367586950 interval=0 flags=0x41
07-10 02:56:01.247 D/AlarmManagerService( 1060): set alarm to kernel: 1367168.935000000, type=2 
07-10 02:56:01.247 D/AlarmManagerService( 1060): set alarm to kernel: 1367133.164000000, type=3 
07-10 02:56:01.299 D/enhanceHAL(  602): slpSetBrightness: ambient = 369
07-10 02:56:01.460 D/enhanceHAL(  602): slpSetBrightness: ambient = 369
07-10 02:56:01.493 W/ProcessAnrErrorMonitor( 8654): Starting process monitor checks for process 'com.facebook.lite'
07-10 02:56:01.517 I/Monkey  ( 7657): ** New tombstone found: /data/tombstones/tombstone_18.pb, size: 237134
07-10 02:56:01.621 D/enhanceHAL(  602): slpSetBrightness: ambient = 369
07-10 02:56:01.782 D/enhanceHAL(  602): slpSetBrightness: ambient = 369
07-10 02:56:01.943 D/enhanceHAL(  602): slpSetBrightness: ambient = 369
07-10 02:56:02.104 D/enhanceHAL(  602): slpSetBrightness: ambient = 369
07-10 02:56:02.265 D/enhanceHAL(  602): slpSetBrightness: ambient = 369
07-10 02:56:02.426 D/enhanceHAL(  602): slpSetBrightness: ambient = 369
07-10 02:56:02.534 I/Monkey  ( 7657): ** New tombstone found: /data/tombstones/tombstone_19, size: 425095
07-10 02:56:02.588 D/enhanceHAL(  602): slpSetBrightness: ambient = 369
07-10 02:56:02.749 D/enhanceHAL(  602): slpSetBrightness: ambient = 368
07-10 02:56:02.779 D/MobileBoostJNI( 8654): Found relevant map entry 789023e000-78902f5000 r--p 00000000 00:00 0                              [anon:dalvik-classes.dex extracted in memory from /data/app/~~1kl7qznXsjVHtrY634CAyw==/com.facebook.lite-_O-tgOmz58zdMB97urqTgg==/base.apk]
07-10 02:56:02.780 D/MobileBoostJNI( 8654): Found relevant map entry 7892ec9000-7892f80000 r--p 00000000 00:00 0                              [anon:dalvik-classes.dex extracted in memory from /data/app/~~1kl7qznXsjVHtrY634CAyw==/com.facebook.lite-_O-tgOmz58zdMB97urqTgg==/base.apk]
07-10 02:56:02.780 D/MobileBoostJNI( 8654): Found relevant map entry 7892fcf000-7893086000 r--p 00000000 00:00 0                              [anon:dalvik-classes.dex extracted in memory from /data/app/~~1kl7qznXsjVHtrY634CAyw==/com.facebook.lite-_O-tgOmz58zdMB97urqTgg==/base.apk]
07-10 02:56:02.780 D/MobileBoostJNI( 8654): Found relevant map entry 789323e000-78932f5000 r--p 00000000 00:00 0                              [anon:dalvik-classes.dex extracted in memory from /data/app/~~1kl7qznXsjVHtrY634CAyw==/com.facebook.lite-_O-tgOmz58zdMB97urqTgg==/base.apk]
07-10 02:56:02.780 D/MobileBoostJNI( 8654): Found relevant map entry 789ad4f000-789ae06000 r--p 00000000 00:00 0                              [anon:dalvik-classes.dex extracted in memory from /data/app/~~1kl7qznXsjVHtrY634CAyw==/com.facebook.lite-_O-tgOmz58zdMB97urqTgg==/base.apk]
07-10 02:56:02.780 D/MobileBoostJNI( 8654): Found relevant map entry 789ae06000-789b84c000 r--p 00000000 fe:0c 2584861                        /data/data/com.facebook.lite/dex/prog-7df0194e5d3a5dec3f4f1147a04c30461635c137.dex
07-10 02:56:02.782 D/MobileBoostJNI( 8654): Found relevant map entry 78fda01000-78fda05000 r--p 00000000 fe:0c 2541226                        /data/app/~~1kl7qznXsjVHtrY634CAyw==/com.facebook.lite-_O-tgOmz58zdMB97urqTgg==/oat/arm64/base.odex
07-10 02:56:02.782 D/MobileBoostJNI( 8654): Found relevant map entry 78fda05000-78fdac0000 rw-p 00000000 fe:0c 2583374                        /data/app/~~1kl7qznXsjVHtrY634CAyw==/com.facebook.lite-_O-tgOmz58zdMB97urqTgg==/oat/arm64/base.vdex
07-10 02:56:02.787 D/MobileBoostJNI( 8654): Found relevant map entry 7be3601000-7be360a000 r--p 00000000 fe:0c 2521896                        /data/data/com.facebook.lite/app_modules/shared_fizz_ms_profilo_286b3155f1bc08571aff9b17166befb66c8a1ffd02ccff7bfa8b9c5d6eca42d6/dex/prog-3a6eda1270d722b34c5ca5d3562aff1b78146f0b.dex
07-10 02:56:02.788 D/MobileBoostJNI( 8654): Found relevant map entry 7be387b000-7be3882000 r--p 00000000 fe:0c 2560935                        /data/data/com.facebook.lite/app_modules/fizz_8cde3d886bc943347cf9114bc7e5c61ecfb587b648949e684c34ff8d7951c7fe/dex/prog-de5cfbc7d79ed0fb4305f3f07d252d0f221ea256.dex
07-10 02:56:02.788 D/MobileBoostJNI( 8654): Found relevant map entry 7be38eb000-7be38f1000 r--p 00000000 fe:0c 2519441                        /data/data/com.facebook.lite/app_modules/mnshttp_03ddcde37fd3e68daac2be2b7b760444c8191cb3b572a261dfae5fccb27903c1/dex/prog-23e327224bd248a20375ba80b2dd026f46e1dd74.dex
07-10 02:56:02.805 D/BroadcastQueue( 1060): Finished with ordered broadcast BroadcastRecord{5775b6f u0 null} receivers:(1) take 7071ms in [background], remains 3970
07-10 02:56:02.805 D/MobileBoostJNI( 8654): Memory locked: 749568, mlock2: 0
07-10 02:56:02.806 D/MobileBoostJNI( 8654): Memory locked: 1499136, mlock2: 0
07-10 02:56:02.806 D/MobileBoostJNI( 8654): Memory locked: 2248704, mlock2: 0
07-10 02:56:02.807 D/MobileBoostJNI( 8654): Memory locked: 2998272, mlock2: 0
07-10 02:56:02.807 D/MobileBoostJNI( 8654): Memory locked: 3747840, mlock2: 0
07-10 02:56:02.807 D/MobileBoostJNI( 8654): Failed to lock memory at 0x789ae06000, errno: 12, mlock2: 0
07-10 02:56:02.807 D/MobileBoostJNI( 8654): Memory locked: 3764224, mlock2: 0
07-10 02:56:02.808 D/MobileBoostJNI( 8654): Memory locked: 4530176, mlock2: 0
07-10 02:56:02.809 D/MobileBoostJNI( 8654): Memory locked: 4567040, mlock2: 0
07-10 02:56:02.809 D/MobileBoostJNI( 8654): Memory locked: 4595712, mlock2: 0
07-10 02:56:02.809 D/MobileBoostJNI( 8654): Memory locked: 4620288, mlock2: 0
07-10 02:56:02.809 D/MobileBoostJNI( 8654): Locking complete. Total MB currently locked: 4.620288
07-10 02:56:02.810 D/CompatibilityChangeReporter( 1060): Compat change id reported: 168419799; UID 10221; state: DISABLED
07-10 02:56:02.910 D/enhanceHAL(  602): slpSetBrightness: ambient = 368
07-10 02:56:02.925 D/CompatibilityChangeReporter( 1060): Compat change id reported: 135634846; UID 10053; state: DISABLED
07-10 02:56:02.925 D/CompatibilityChangeReporter( 1060): Compat change id reported: 135754954; UID 10053; state: ENABLED
07-10 02:56:02.925 D/CompatibilityChangeReporter( 1060): Compat change id reported: 143937733; UID 10053; state: ENABLED
07-10 02:56:02.940 D/Zygote  (  571): Forked child process 8848
07-10 02:56:02.941 E/UnisocWatchdog( 1060): WDT_Monitor_wpp processJavaStarted 3rd:com.facebook.services,pid=8848
07-10 02:56:02.941 I/ActivityManager( 1060): Start proc 8848:com.facebook.services/u0a53 for service {com.facebook.services/com.facebook.oxygen.services.fbns.PreloadedFbnsService}
07-10 02:56:02.957 I/cebook.service( 8848): Using CollectorTypeCMC GC.
07-10 02:56:02.963 E/cebook.service( 8848): Not starting debugger since process cannot load the jdwp agent.
07-10 02:56:02.982 D/CompatibilityChangeReporter( 1060): Compat change id reported: 168419799; UID 10053; state: DISABLED
07-10 02:56:02.984 D/os.ActivityManagerServiceLice( 1060): make process active com.facebook.services(8848)
07-10 02:56:02.992 D/CompatibilityChangeReporter( 8848): Compat change id reported: 171979766; UID 10053; state: ENABLED
07-10 02:56:02.996 D/os.SingleLiceFactory( 8848): instance successfully. com.transsion.typeface.v1.TypefaceLice@3a6ac2d from android.graphics.IGraphicLice
07-10 02:56:02.996 D/os.LiceInfo( 8848): instance successfully. com.transsion.graphics.GraphicLice@2281dc3 from android.graphics.IGraphicLice
07-10 02:56:03.007 D/nativeloader( 8848): Configuring clns-4 for other apk /data/app/~~EasBFf4jVToz7JeBeJy00w==/com.facebook.services-TdfTplgQtFZ7cGYDyzPQdg==/base.apk. target_sdk_version=36, uses_libraries=, library_path=/data/app/~~EasBFf4jVToz7JeBeJy00w==/com.facebook.services-TdfTplgQtFZ7cGYDyzPQdg==/lib/arm64:/data/app/~~EasBFf4jVToz7JeBeJy00w==/com.facebook.services-TdfTplgQtFZ7cGYDyzPQdg==/base.apk!/lib/arm64-v8a, permitted_path=/data:/mnt/expand:/data/user/0/com.facebook.services
07-10 02:56:03.018 V/GraphicsEnvironment( 8848): ANGLE Developer option for 'com.facebook.services' set to: 'default'
07-10 02:56:03.019 V/GraphicsEnvironment( 8848): Neither updatable production driver nor prerelease driver is supported.
07-10 02:56:03.021 I/LoadedApk( 8848): No resource references to update in package com.transsion.theme.icon
07-10 02:56:03.022 D/NetworkSecurityConfig( 8848): Using Network Security Config from resource fb_network_security_config debugBuild: false
07-10 02:56:03.026 D/NetworkSecurityConfig( 8848): Using Network Security Config from resource fb_network_security_config debugBuild: false
07-10 02:56:03.053 D/d       ( 8848): ExceptionHandlerManager not explicitly initialized, using default mode
07-10 02:56:03.053 D/d       ( 8848): initializing exception handler manager, prioritized=true
07-10 02:56:03.057 W/SoLoader( 8848): Initializing SoLoader: 0
07-10 02:56:03.057 W/SoLoader( 8848): context.getApplicationContext returned null, holding reference to original context.ApplicationSoSource fallbacks to: /data/app/~~EasBFf4jVToz7JeBeJy00w==/com.facebook.services-TdfTplgQtFZ7cGYDyzPQdg==/lib/arm64
07-10 02:56:03.058 I/SoLoader( 8848): Recording new base apk path: /data/app/~~EasBFf4jVToz7JeBeJy00w==/com.facebook.services-TdfTplgQtFZ7cGYDyzPQdg==/base.apk
07-10 02:56:03.058 I/SoLoader( 8848): Previously recorded 0 base apk paths.
07-10 02:56:03.060 I/SoLoader( 8848): Preparing SO source: DirectorySoSource[root = /vendor/lib64 flags = 2]
07-10 02:56:03.060 I/SoLoader( 8848): Preparing SO source: DirectorySoSource[root = /system_ext/lib64 flags = 2]
07-10 02:56:03.060 I/SoLoader( 8848): Preparing SO source: DirectorySoSource[root = /system/lib64 flags = 2]
07-10 02:56:03.060 I/SoLoader( 8848): Preparing SO source: DirectApkSoSource[root = [/data/app/~~EasBFf4jVToz7JeBeJy00w==/com.facebook.services-TdfTplgQtFZ7cGYDyzPQdg==/base.apk!/lib/arm64-v8a]]
07-10 02:56:03.062 I/SoLoader( 8848): Preparing SO source: ApplicationSoSource[DirectorySoSource[root = /data/app/~~EasBFf4jVToz7JeBeJy00w==/com.facebook.services-TdfTplgQtFZ7cGYDyzPQdg==/lib/arm64 flags = 1]]
07-10 02:56:03.063 W/SoLoader( 8848): SoLoader initialized: 8
07-10 02:56:03.071 D/enhanceHAL(  602): slpSetBrightness: ambient = 369
07-10 02:56:03.102 D/BroadcastQueue( 1060): Add broadcast <BroadcastRecord{e3757a6 u-1 android.net.conn.CONNECTIVITY_CHANGE}> into [parallel | background], pending size 0
07-10 02:56:03.102 D/BroadcastQueue( 1060): Done with parallel broadcast [background] [BroadcastRecord{e3757a6 u-1 android.net.conn.CONNECTIVITY_CHANGE}]
07-10 02:56:03.130 D/PackageManager( 1060): PMS setEnabledSetting: packageName = com.facebook.services, className = com.facebook.oxygen.services.helium.trampoline.HeliumSandboxedService, newState = 1, flags = 1, userId = 0, callingPackage = null, callingUid = 10053, allowedByPermission = false
07-10 02:56:03.131 D/PackageManager( 1060): PMS setEnabledSetting: packageName = com.facebook.services, className = com.facebook.oxygen.services.helium.trampoline.HeliumSandboxedService0, newState = 1, flags = 1, userId = 0, callingPackage = null, callingUid = 10053, allowedByPermission = false
07-10 02:56:03.132 D/PackageManager( 1060): PMS setEnabledSetting: packageName = com.facebook.services, className = com.facebook.oxygen.services.helium.trampoline.HeliumSandboxedService1, newState = 1, flags = 1, userId = 0, callingPackage = null, callingUid = 10053, allowedByPermission = false
07-10 02:56:03.174 D/CompatibilityChangeReporter( 1060): Compat change id reported: 135634846; UID 10068; state: DISABLED
07-10 02:56:03.174 D/CompatibilityChangeReporter( 1060): Compat change id reported: 135754954; UID 10068; state: ENABLED
07-10 02:56:03.175 D/CompatibilityChangeReporter( 1060): Compat change id reported: 143937733; UID 10068; state: ENABLED
07-10 02:56:03.190 D/Zygote  (  571): Forked child process 8888
07-10 02:56:03.191 E/UnisocWatchdog( 1060): WDT_Monitor_wpp processJavaStarted 3rd:com.facebook.appmanager,pid=8888
07-10 02:56:03.191 I/ActivityManager( 1060): Start proc 8888:com.facebook.appmanager/u0a68 for content provider {com.facebook.appmanager/com.facebook.oxygen.appmanager.firstparty.settings.FirstPartySettingsProvider}
07-10 02:56:03.209 I/book.appmanage( 8888): Using CollectorTypeCMC GC.
07-10 02:56:03.215 E/book.appmanage( 8888): Not starting debugger since process cannot load the jdwp agent.
07-10 02:56:03.232 D/CompatibilityChangeReporter( 1060): Compat change id reported: 168419799; UID 10068; state: DISABLED
07-10 02:56:03.232 D/enhanceHAL(  602): slpSetBrightness: ambient = 368
07-10 02:56:03.234 D/os.ActivityManagerServiceLice( 1060): make process active com.facebook.appmanager(8888)
07-10 02:56:03.238 D/CompatibilityChangeReporter( 8888): Compat change id reported: 171979766; UID 10068; state: ENABLED
07-10 02:56:03.242 D/os.SingleLiceFactory( 8888): instance successfully. com.transsion.typeface.v1.TypefaceLice@3a6ac2d from android.graphics.IGraphicLice
07-10 02:56:03.242 D/os.LiceInfo( 8888): instance successfully. com.transsion.graphics.GraphicLice@2281dc3 from android.graphics.IGraphicLice
07-10 02:56:03.259 D/nativeloader( 8888): Configuring clns-4 for other apk /data/app/~~rQaX92iZEJlNMSA9nGTdWA==/com.facebook.appmanager-54gT3iDq2cMPilXGFe0sYg==/base.apk. target_sdk_version=36, uses_libraries=, library_path=/data/app/~~rQaX92iZEJlNMSA9nGTdWA==/com.facebook.appmanager-54gT3iDq2cMPilXGFe0sYg==/lib/arm64:/data/app/~~rQaX92iZEJlNMSA9nGTdWA==/com.facebook.appmanager-54gT3iDq2cMPilXGFe0sYg==/base.apk!/lib/arm64-v8a, permitted_path=/data:/mnt/expand:/data/user/0/com.facebook.appmanager
07-10 02:56:03.266 D/CompatibilityChangeReporter( 8848): Compat change id reported: 160794467; UID 10053; state: ENABLED
07-10 02:56:03.272 V/GraphicsEnvironment( 8888): ANGLE Developer option for 'com.facebook.appmanager' set to: 'default'
07-10 02:56:03.272 V/GraphicsEnvironment( 8888): Neither updatable production driver nor prerelease driver is supported.
07-10 02:56:03.275 I/LoadedApk( 8888): No resource references to update in package com.transsion.theme.icon
07-10 02:56:03.275 D/NetworkSecurityConfig( 8888): Using Network Security Config from resource fb_network_security_config debugBuild: false
07-10 02:56:03.280 D/NetworkSecurityConfig( 8888): Using Network Security Config from resource fb_network_security_config debugBuild: false
07-10 02:56:03.302 W/SoLoader( 8848): Loading notifgateway-jni on the main thread
07-10 02:56:03.305 W/SoLoader[NativeDeps]( 8848): Falling back to custom ELF parsing when loading libnotifgateway.so, this can be slow
07-10 02:56:03.310 W/SoLoader[NativeDeps]( 8848): Falling back to custom ELF parsing when loading libc++_shared.so, this can be slow
07-10 02:56:03.316 D/nativeloader( 8848): Load /data/app/~~EasBFf4jVToz7JeBeJy00w==/com.facebook.services-TdfTplgQtFZ7cGYDyzPQdg==/base.apk!/lib/arm64-v8a/libc++_shared.so using class loader ns clns-4 (caller=/data/app/~~EasBFf4jVToz7JeBeJy00w==/com.facebook.services-TdfTplgQtFZ7cGYDyzPQdg==/base.apk): ok
07-10 02:56:03.322 D/nativeloader( 8848): Load /data/app/~~EasBFf4jVToz7JeBeJy00w==/com.facebook.services-TdfTplgQtFZ7cGYDyzPQdg==/base.apk!/lib/arm64-v8a/libnotifgateway.so using class loader ns clns-4 (caller=/data/app/~~EasBFf4jVToz7JeBeJy00w==/com.facebook.services-TdfTplgQtFZ7cGYDyzPQdg==/base.apk): ok
07-10 02:56:03.323 W/SoLoader( 8848): Loading simplejni on the main thread
07-10 02:56:03.323 W/SoLoader( 8848): Loading simplejni on the main thread
07-10 02:56:03.324 D/d       ( 8888): ExceptionHandlerManager not explicitly initialized, using default mode
07-10 02:56:03.324 D/d       ( 8888): initializing exception handler manager, prioritized=true
07-10 02:56:03.329 W/SoLoader( 8888): Initializing SoLoader: 0
07-10 02:56:03.330 W/DGW     ( 8848): W[reportSoftError:36] pingInterval: value 43200000 outside valid range [5000, 600000]
07-10 02:56:03.330 W/DGW     ( 8848): W[reportSoftError:36] bgPingInterval: value 43200000ms outside valid range [5000ms, 600000ms]
07-10 02:56:03.330 W/SoLoader( 8888): context.getApplicationContext returned null, holding reference to original context.ApplicationSoSource fallbacks to: /data/app/~~rQaX92iZEJlNMSA9nGTdWA==/com.facebook.appmanager-54gT3iDq2cMPilXGFe0sYg==/lib/arm64
07-10 02:56:03.330 W/DGW     ( 8848): W[reportSoftError:36] stopBgPingDelay: value 3155695200s outside valid range [0s, 600s]
07-10 02:56:03.331 I/SoLoader( 8888): Recording new base apk path: /data/app/~~rQaX92iZEJlNMSA9nGTdWA==/com.facebook.appmanager-54gT3iDq2cMPilXGFe0sYg==/base.apk
07-10 02:56:03.331 I/SoLoader( 8888): Previously recorded 0 base apk paths.
07-10 02:56:03.332 I/DGW     ( 8848): I[startConnection:423] ConnectivityManager start connection.
07-10 02:56:03.333 I/SoLoader( 8888): Preparing SO source: DirectorySoSource[root = /vendor/lib64 flags = 2]
07-10 02:56:03.334 I/SoLoader( 8888): Preparing SO source: DirectorySoSource[root = /system_ext/lib64 flags = 2]
07-10 02:56:03.334 I/SoLoader( 8888): Preparing SO source: DirectorySoSource[root = /system/lib64 flags = 2]
07-10 02:56:03.334 I/SoLoader( 8888): Preparing SO source: DirectApkSoSource[root = [/data/app/~~rQaX92iZEJlNMSA9nGTdWA==/com.facebook.appmanager-54gT3iDq2cMPilXGFe0sYg==/base.apk!/lib/arm64-v8a]]
07-10 02:56:03.336 I/DGW     ( 8848): I[sendRequest:85] StreamGroupConnectivityAwareNetworkLayer[notifgateway] buffering request with connection state: 0
07-10 02:56:03.339 D/CompatibilityChangeReporter( 1060): Compat change id reported: 319212206; UID 10053; state: ENABLED
07-10 02:56:03.340 I/SoLoader( 8888): Preparing SO source: ApplicationSoSource[DirectorySoSource[root = /data/app/~~rQaX92iZEJlNMSA9nGTdWA==/com.facebook.appmanager-54gT3iDq2cMPilXGFe0sYg==/lib/arm64 flags = 1]]
07-10 02:56:03.341 W/SoLoader( 8888): SoLoader initialized: 8
07-10 02:56:03.341 W/PreloadsBreakpadWrapper( 8888): Starting breakpad manager
07-10 02:56:03.341 W/SoLoader( 8888): Loading breakpad on the main thread
07-10 02:56:03.347 W/SoLoader[NativeDeps]( 8888): Falling back to custom ELF parsing when loading libbreakpad.so, this can be slow
07-10 02:56:03.347 D/ConnectivityService( 1060): NetReassign [no changes] [c 0] [a 1] [i 5]
07-10 02:56:03.354 W/SoLoader[NativeDeps]( 8888): Falling back to custom ELF parsing when loading libandroid_aware_dlopen.so, this can be slow
07-10 02:56:03.360 W/SoLoader[NativeDeps]( 8888): Falling back to custom ELF parsing when loading libforce_dlopen.so, this can be slow
07-10 02:56:03.365 D/CompatibilityChangeReporter( 1060): Compat change id reported: 171306433; UID 10053; state: ENABLED
07-10 02:56:03.366 V/AlarmManager( 1060): set(PendingIntent{9ca7a19: PendingIntentRecord{90ba460 com.facebook.services broadcastIntent}}) : type=2 listener=null listenerTag=null triggerAtTime=1367229069 win=224999 tElapsed=1367229069 maxElapsed=1367454068 interval=0 flags=0x20
07-10 02:56:03.366 D/AlarmManagerService( 1060): set alarm to kernel: 1367168.935000000, type=2 
07-10 02:56:03.366 D/AlarmManagerService( 1060): set alarm to kernel: 1367133.164000000, type=3 
07-10 02:56:03.366 D/AlarmManagerService( 1060): set alarm to kernel: 1367168.935000000, type=2 
07-10 02:56:03.367 D/nativeloader( 8888): Load /data/app/~~rQaX92iZEJlNMSA9nGTdWA==/com.facebook.appmanager-54gT3iDq2cMPilXGFe0sYg==/base.apk!/lib/arm64-v8a/libforce_dlopen.so using class loader ns clns-4 (caller=/data/app/~~rQaX92iZEJlNMSA9nGTdWA==/com.facebook.appmanager-54gT3iDq2cMPilXGFe0sYg==/base.apk): ok
07-10 02:56:03.367 D/AlarmManagerService( 1060): set alarm to kernel: 1367133.164000000, type=3 
07-10 02:56:03.370 D/nativeloader( 8888): Load /data/app/~~rQaX92iZEJlNMSA9nGTdWA==/com.facebook.appmanager-54gT3iDq2cMPilXGFe0sYg==/base.apk!/lib/arm64-v8a/libandroid_aware_dlopen.so using class loader ns clns-4 (caller=/data/app/~~rQaX92iZEJlNMSA9nGTdWA==/com.facebook.appmanager-54gT3iDq2cMPilXGFe0sYg==/base.apk): ok
07-10 02:56:03.374 W/SoLoader[NativeDeps]( 8888): Falling back to custom ELF parsing when loading libc++_shared.so, this can be slow
07-10 02:56:03.379 D/nativeloader( 8888): Load /data/app/~~rQaX92iZEJlNMSA9nGTdWA==/com.facebook.appmanager-54gT3iDq2cMPilXGFe0sYg==/base.apk!/lib/arm64-v8a/libc++_shared.so using class loader ns clns-4 (caller=/data/app/~~rQaX92iZEJlNMSA9nGTdWA==/com.facebook.appmanager-54gT3iDq2cMPilXGFe0sYg==/base.apk): ok
07-10 02:56:03.383 D/BroadcastQueue( 1060): Add broadcast <BroadcastRecord{4bfcade u0 com.facebook.rti.intent.ACTION_FBNS_STARTED}> into [ordered | background], pending size 3969
07-10 02:56:03.383 D/BroadcastQueue( 1060): Header is BroadcastRecord{896ba04 u0 com.facebook.rti.intent.ACTION_FBNS_STARTED} now
07-10 02:56:03.383 W/SoLoader[NativeDeps]( 8888): Falling back to custom ELF parsing when loading libsigmux.so, this can be slow
07-10 02:56:03.387 D/nativeloader( 8888): Load /data/app/~~rQaX92iZEJlNMSA9nGTdWA==/com.facebook.appmanager-54gT3iDq2cMPilXGFe0sYg==/base.apk!/lib/arm64-v8a/libsigmux.so using class loader ns clns-4 (caller=/data/app/~~rQaX92iZEJlNMSA9nGTdWA==/com.facebook.appmanager-54gT3iDq2cMPilXGFe0sYg==/base.apk): ok
07-10 02:56:03.391 D/nativeloader( 8888): Load /data/app/~~rQaX92iZEJlNMSA9nGTdWA==/com.facebook.appmanager-54gT3iDq2cMPilXGFe0sYg==/base.apk!/lib/arm64-v8a/libbreakpad.so using class loader ns clns-4 (caller=/data/app/~~rQaX92iZEJlNMSA9nGTdWA==/com.facebook.appmanager-54gT3iDq2cMPilXGFe0sYg==/base.apk): ok
07-10 02:56:03.392 W/SoLoader( 8888): Loading breakpad_cpp_helper on the main thread
07-10 02:56:03.393 D/enhanceHAL(  602): slpSetBrightness: ambient = 368
07-10 02:56:03.396 W/SoLoader[NativeDeps]( 8888): Falling back to custom ELF parsing when loading libbreakpad_cpp_helper.so, this can be slow
07-10 02:56:03.401 D/nativeloader( 8888): Load /data/app/~~rQaX92iZEJlNMSA9nGTdWA==/com.facebook.appmanager-54gT3iDq2cMPilXGFe0sYg==/base.apk!/lib/arm64-v8a/libbreakpad_cpp_helper.so using class loader ns clns-4 (caller=/data/app/~~rQaX92iZEJlNMSA9nGTdWA==/com.facebook.appmanager-54gT3iDq2cMPilXGFe0sYg==/base.apk): ok
07-10 02:56:03.404 W/PreloadsBreakpadWrapper( 8888): Enabling java stream
07-10 02:56:03.408 W/SoLoader( 8888): Running a recovery step for libacra.so due to com.facebook.soloader.SoLoaderDSONotFoundError: couldn't find DSO to load: libacra.so
07-10 02:56:03.408 W/SoLoader( 8888): 	existing SO sources: 
07-10 02:56:03.408 W/SoLoader( 8888): 		SoSource 0: ApplicationSoSource[DirectorySoSource[root = /data/app/~~rQaX92iZEJlNMSA9nGTdWA==/com.facebook.appmanager-54gT3iDq2cMPilXGFe0sYg==/lib/arm64 flags = 1]]
07-10 02:56:03.408 W/SoLoader( 8888): 		SoSource 1: DirectApkSoSource[root = [/data/app/~~rQaX92iZEJlNMSA9nGTdWA==/com.facebook.appmanager-54gT3iDq2cMPilXGFe0sYg==/base.apk!/lib/arm64-v8a]]
07-10 02:56:03.408 W/SoLoader( 8888): 		SoSource 2: DirectorySoSource[root = /system/lib64 flags = 2]
07-10 02:56:03.408 W/SoLoader( 8888): 		SoSource 3: DirectorySoSource[root = /system_ext/lib64 flags = 2]
07-10 02:56:03.408 W/SoLoader( 8888): 		SoSource 4: DirectorySoSource[root = /vendor/lib64 flags = 2]
07-10 02:56:03.408 W/SoLoader( 8888): 	Native lib dir: /data/app/~~rQaX92iZEJlNMSA9nGTdWA==/com.facebook.appmanager-54gT3iDq2cMPilXGFe0sYg==/lib/arm64
07-10 02:56:03.409 W/soloader.recovery.CheckBaseApkExists( 8888): Base apk exists: /data/app/~~rQaX92iZEJlNMSA9nGTdWA==/com.facebook.appmanager-54gT3iDq2cMPilXGFe0sYg==/base.apk
07-10 02:56:03.412 W/SoLoader( 8888): Running a recovery step for libacra.so due to com.facebook.soloader.SoLoaderDSONotFoundError: couldn't find DSO to load: libacra.so
07-10 02:56:03.412 W/SoLoader( 8888): 	existing SO sources: 
07-10 02:56:03.412 W/SoLoader( 8888): 		SoSource 0: ApplicationSoSource[DirectorySoSource[root = /data/app/~~rQaX92iZEJlNMSA9nGTdWA==/com.facebook.appmanager-54gT3iDq2cMPilXGFe0sYg==/lib/arm64 flags = 1]]
07-10 02:56:03.412 W/SoLoader( 8888): 		SoSource 1: DirectApkSoSource[root = [/data/app/~~rQaX92iZEJlNMSA9nGTdWA==/com.facebook.appmanager-54gT3iDq2cMPilXGFe0sYg==/base.apk!/lib/arm64-v8a]]
07-10 02:56:03.412 W/SoLoader( 8888): 		SoSource 2: DirectorySoSource[root = /system/lib64 flags = 2]
07-10 02:56:03.412 W/SoLoader( 8888): 		SoSource 3: DirectorySoSource[root = /system_ext/lib64 flags = 2]
07-10 02:56:03.412 W/SoLoader( 8888): 		SoSource 4: DirectorySoSource[root = /vendor/lib64 flags = 2]
07-10 02:56:03.412 W/SoLoader( 8888): 	Native lib dir: /data/app/~~rQaX92iZEJlNMSA9nGTdWA==/com.facebook.appmanager-54gT3iDq2cMPilXGFe0sYg==/lib/arm64
07-10 02:56:03.412 E/SoLoader( 8888): Checking /data/app missing libraries.
07-10 02:56:03.413 E/SoLoader( 8888): Successfully recovered from /data/app disk failure.
07-10 02:56:03.415 W/SoLoader( 8888): Running a recovery step for libacra.so due to com.facebook.soloader.SoLoaderDSONotFoundError: couldn't find DSO to load: libacra.so
07-10 02:56:03.415 W/SoLoader( 8888): 	existing SO sources: 
07-10 02:56:03.415 W/SoLoader( 8888): 		SoSource 0: ApplicationSoSource[DirectorySoSource[root = /data/app/~~rQaX92iZEJlNMSA9nGTdWA==/com.facebook.appmanager-54gT3iDq2cMPilXGFe0sYg==/lib/arm64 flags = 1]]
07-10 02:56:03.415 W/SoLoader( 8888): 		SoSource 1: DirectApkSoSource[root = [/data/app/~~rQaX92iZEJlNMSA9nGTdWA==/com.facebook.appmanager-54gT3iDq2cMPilXGFe0sYg==/base.apk!/lib/arm64-v8a]]
07-10 02:56:03.415 W/SoLoader( 8888): 		SoSource 2: DirectorySoSource[root = /system/lib64 flags = 3]
07-10 02:56:03.415 W/SoLoader( 8888): 		SoSource 3: DirectorySoSource[root = /system_ext/lib64 flags = 3]
07-10 02:56:03.415 W/SoLoader( 8888): 		SoSource 4: DirectorySoSource[root = /vendor/lib64 flags = 3]
07-10 02:56:03.415 W/SoLoader( 8888): 	Native lib dir: /data/app/~~rQaX92iZEJlNMSA9nGTdWA==/com.facebook.appmanager-54gT3iDq2cMPilXGFe0sYg==/lib/arm64
07-10 02:56:03.415 E/SoLoader( 8888): Checking /data/data missing libraries.
07-10 02:56:03.416 E/SoLoader( 8888): No libraries missing from unpacking so paths while recovering /data/data failure
07-10 02:56:03.417 W/SoLoader( 8888): Running a recovery step for libacra.so due to com.facebook.soloader.SoLoaderDSONotFoundError: couldn't find DSO to load: libacra.so
07-10 02:56:03.417 W/SoLoader( 8888): 	existing SO sources: 
07-10 02:56:03.417 W/SoLoader( 8888): 		SoSource 0: ApplicationSoSource[DirectorySoSource[root = /data/app/~~rQaX92iZEJlNMSA9nGTdWA==/com.facebook.appmanager-54gT3iDq2cMPilXGFe0sYg==/lib/arm64 flags = 1]]
07-10 02:56:03.417 W/SoLoader( 8888): 		SoSource 1: DirectApkSoSource[root = [/data/app/~~rQaX92iZEJlNMSA9nGTdWA==/com.facebook.appmanager-54gT3iDq2cMPilXGFe0sYg==/base.apk!/lib/arm64-v8a]]
07-10 02:56:03.417 W/SoLoader( 8888): 		SoSource 2: DirectorySoSource[root = /system/lib64 flags = 3]
07-10 02:56:03.417 W/SoLoader( 8888): 		SoSource 3: DirectorySoSource[root = /system_ext/lib64 flags = 3]
07-10 02:56:03.417 W/SoLoader( 8888): 		SoSource 4: DirectorySoSource[root = /vendor/lib64 flags = 3]
07-10 02:56:03.417 W/SoLoader( 8888): 	Native lib dir: /data/app/~~rQaX92iZEJlNMSA9nGTdWA==/com.facebook.appmanager-54gT3iDq2cMPilXGFe0sYg==/lib/arm64
07-10 02:56:03.417 W/SoLoader( 8888): Failed to recover
07-10 02:56:03.472 D/CompatibilityChangeReporter( 8888): Compat change id reported: 160794467; UID 10068; state: ENABLED
07-10 02:56:03.473 V/AlarmManager( 1060): set(PendingIntent{a5ddb: PendingIntentRecord{e65c0bb com.facebook.appmanager broadcastIntent}}) : type=1 listener=null listenerTag=null triggerAtTime=1783900563470 win=3600000 tElapsed=1626129175 maxElapsed=1629729175 interval=0 flags=0x0
07-10 02:56:03.473 D/AlarmManagerService( 1060): set alarm to kernel: 1367168.935000000, type=2 
07-10 02:56:03.473 D/AlarmManagerService( 1060): set alarm to kernel: 1367133.164000000, type=3 
07-10 02:56:03.474 D/AlarmManagerService( 1060): set alarm to kernel: 1367168.935000000, type=2 
07-10 02:56:03.474 D/AlarmManagerService( 1060): set alarm to kernel: 1367133.164000000, type=3 
07-10 02:56:03.481 I/DGW     ( 8848): I[onStateChanged:168] StreamGroupConnectivityAwareNetworkLayer processing buffered requests
07-10 02:56:03.487 E/keystore2(  394): keystore2::security_level: begin method: before km_dev.begin
07-10 02:56:03.487 E/TrustyKeymaster(  395): succeeded to send cmd (4) to com.android.trusty.keymaster with rc(347). errno: Success
07-10 02:56:03.490 E/TrustyKeymaster(  395): Getting response size (28)
07-10 02:56:03.491 E/keystore2(  394): keystore2::security_level: begin method: after upgrade_keyblob_if_required_with
07-10 02:56:03.494 E/TrustyKeymaster(  395): succeeded to send cmd (12) to com.android.trusty.keymaster with rc(66). errno: Success
07-10 02:56:03.497 E/TrustyKeymaster(  395): Getting response size (95)
07-10 02:56:03.515 D/PackageManager( 1060): PMS setEnabledSetting: packageName = com.facebook.services, className = com.facebook.oxygen.services.storage.provider.StorageProvider, newState = 1, flags = 1, userId = 0, callingPackage = null, callingUid = 10053, allowedByPermission = false
07-10 02:56:03.516 D/PackageManager( 1060): PMS setEnabledSetting: packageName = com.facebook.services, className = com.facebook.oxygen.services.storage.provider.SharedStorageProvider, newState = 1, flags = 1, userId = 0, callingPackage = null, callingUid = 10053, allowedByPermission = false
07-10 02:56:03.523 D/PackageManager( 1060): PMS setEnabledSetting: packageName = com.facebook.services, className = com.facebook.oxygen.services.filestorage.provider.FileStorageProvider, newState = 1, flags = 1, userId = 0, callingPackage = null, callingUid = 10053, allowedByPermission = false
07-10 02:56:03.524 D/PackageManager( 1060): PMS setEnabledSetting: packageName = com.facebook.services, className = com.facebook.oxygen.services.filestorage.provider.SharedFileStorageProvider, newState = 2, flags = 1, userId = 0, callingPackage = null, callingUid = 10053, allowedByPermission = false
07-10 02:56:03.537 I/Monkey  ( 7657): ** New tombstone found: /data/tombstones/tombstone_19.pb, size: 245717
07-10 02:56:03.539 D/CompatibilityChangeReporter( 8848): Compat change id reported: 147600208; UID 10053; state: ENABLED
07-10 02:56:03.554 D/enhanceHAL(  602): slpSetBrightness: ambient = 369
07-10 02:56:03.572 D/PackageManager( 1060): PMS setEnabledSetting: packageName = com.facebook.appmanager, className = com.facebook.oxygen.appmanager.helium.trampoline.HeliumSandboxedService, newState = 1, flags = 1, userId = 0, callingPackage = null, callingUid = 10068, allowedByPermission = false
07-10 02:56:03.573 D/PackageManager( 1060): PMS setEnabledSetting: packageName = com.facebook.appmanager, className = com.facebook.oxygen.appmanager.helium.trampoline.HeliumSandboxedService0, newState = 1, flags = 1, userId = 0, callingPackage = null, callingUid = 10068, allowedByPermission = false
07-10 02:56:03.575 D/PackageManager( 1060): PMS setEnabledSetting: packageName = com.facebook.appmanager, className = com.facebook.oxygen.appmanager.helium.trampoline.HeliumSandboxedService1, newState = 1, flags = 1, userId = 0, callingPackage = null, callingUid = 10068, allowedByPermission = false
07-10 02:56:03.662 W/DGW     ( 8848): W[onSuccessfulResponse:926] StreamGroupTransport[notifgateway] on successful response. DGW is now connected.
07-10 02:56:03.716 D/enhanceHAL(  602): slpSetBrightness: ambient = 368
07-10 02:56:03.877 D/enhanceHAL(  602): slpSetBrightness: ambient = 368
07-10 02:56:04.038 D/enhanceHAL(  602): slpSetBrightness: ambient = 368
07-10 02:56:04.199 D/enhanceHAL(  602): slpSetBrightness: ambient = 368
07-10 02:56:04.360 D/enhanceHAL(  602): slpSetBrightness: ambient = 368
07-10 02:56:04.521 D/enhanceHAL(  602): slpSetBrightness: ambient = 368
07-10 02:56:04.548 I/Monkey  ( 7657): ** New tombstone found: /data/tombstones/tombstone_20, size: 231087
07-10 02:56:04.683 D/enhanceHAL(  602): slpSetBrightness: ambient = 368
07-10 02:56:04.844 D/enhanceHAL(  602): slpSetBrightness: ambient = 368
07-10 02:56:05.005 D/enhanceHAL(  602): slpSetBrightness: ambient = 368
07-10 02:56:05.166 D/enhanceHAL(  602): slpSetBrightness: ambient = 368
07-10 02:56:05.168 D/performance( 1060): handleVmpressure, swap:96 pressure:0 thrashing:-1
07-10 02:56:05.262 I/transsnet.stor(13601): Background young concurrent mark compact GC freed 15MB AllocSpace bytes, 7(608KB) LOS objects, 43% free, 21MB/38MB, paused 4.279ms,7.335ms total 429.585ms
07-10 02:56:05.280 I/lowmemorykiller(  331): Reclaimed 0kB, cache(738292kB) and free(98508kB)-reserved(34920kB) below min(483840kB) for oom_score_adj 950
07-10 02:56:05.280 I/lowmemorykiller(  331): Suppressed 6 failed kill reports
07-10 02:56:05.297 D/performance( 1060): LRU skip stop: {com.transsion.phonemanager=adj<=200, com.transsion.smartpanel=adj<=200, com.google.android.gms=adj<=200, com.google.android.apps.messaging=adj<=200, com.transsion.phoenix=adj<=200, com.hoffnung=adj<=200, com.android.phone=adj<=200, com.transsion.camera=adj<=200, com.google.android.googlequicksearchbox=adj<=200, com.transsnet.store=foreground service, com.android.systemui=wallpaper, com.transsion.phonemaster=adj<=200, com.android.se=adj<=200, com.google.android.cellbroadcastservice=adj<=200, com.google.android.permissioncontroller=adj<=200, com.android.smspush=adj<=200, com.transsion.childmode=adj<=200, com.google.android.tts=adj<=200, com.sprd.srmi=adj<=200, com.facebook.system=adj<=200, com.transsion.kolun.assistant=adj<=200, com.transsion.statisticalsales=adj<=200, com.google.android.ext.services=adj<=200, com.google.android.providers.media.module=adj<=200, com.mediatek.batterywarning=adj<=200, com.transsion.trancare=adj<=200, com.transsion.sk=adj<=200, com.android.providers.contacts=adj<=200, com.android.mtp=adj<=200, com.facebook.lite=adj<=200, com.transsion.filemanagerx=Relative-Toptask, com.google.android.inputmethod.latin=inputMethods, com.transsion.plat.appupdate=adj<=200, com.google.android.gsf=adj<=200}, swapKill: 1
07-10 02:56:05.301 I/ActivityManager( 1060): Killing 8848:com.facebook.services/u0a53 (adj 500): rampolicy swapusage :96
07-10 02:56:05.308 V/ActivityManager( 1060): Clean up application record for ProcessRecord{fc7cce 8848:com.facebook.services/u0a53} restarting=false allowRestart=true index=-1 replacingPid=false fromBinderDied=false
07-10 02:56:05.308 D/os.ActivityManagerServiceLice( 1060): make process inactive com.facebook.services(8848)
07-10 02:56:05.309 I/libprocessgroup( 1060): Successfully killed process cgroup uid 10053 pid 8848 in 0ms
07-10 02:56:05.310 D/SmartPanelService( 2410): processName = com.facebook.servicespackages = [com.facebook.services]
07-10 02:56:05.313 D/Game_Utils( 2410): getTopPackageName pkm = com.transsion.XOSLauncher.upgrade
07-10 02:56:05.314 W/ActivityManager( 1060): Scheduling restart of crashed service com.facebook.services/com.facebook.oxygen.services.fbns.PreloadedFbnsService in 16000ms for start-requested
07-10 02:56:05.319 E/UnisocWatchdog( 1060): WDT_Monitor_wpp processJavaDied 3rd:com.facebook.services
07-10 02:56:05.320 D/TranAppmService( 1060): remove callback due to processDied: pid = 8848, size = 0
07-10 02:56:05.322 I/ActivityManager( 1060): Killing 8888:com.facebook.appmanager/u0a68 (adj 500): rampolicy swapusage :96
07-10 02:56:05.324 V/ActivityManager( 1060): Clean up application record for ProcessRecord{721c871 8888:com.facebook.appmanager/u0a68} restarting=false allowRestart=true index=-1 replacingPid=false fromBinderDied=false
07-10 02:56:05.324 D/os.ActivityManagerServiceLice( 1060): make process inactive com.facebook.appmanager(8888)
07-10 02:56:05.326 E/UnisocWatchdog( 1060): WDT_Monitor_wpp processJavaDied 3rd:com.facebook.appmanager
07-10 02:56:05.326 D/TranAppmService( 1060): remove callback due to processDied: pid = 8888, size = 0
07-10 02:56:05.327 D/enhanceHAL(  602): slpSetBrightness: ambient = 368
07-10 02:56:05.339 D/Game_Utils( 2410): getWindowingModeByTask mode : 1
07-10 02:56:05.343 V/ActivityManager( 1060): Got obituary of 8848:com.facebook.services
07-10 02:56:05.344 I/Zygote  (  571): Process 8848 exited due to signal 9 (Killed)
07-10 02:56:05.344 D/Game_Utils( 2410): isTheMainScreen, displayId: 0  classname = com.android.quickstep.src.com.android.launcher3.uioverrides.QuickstepLauncher
07-10 02:56:05.344 D/Game_Utils( 2410): getTopClassNameNew className = com.android.quickstep.src.com.android.launcher3.uioverrides.QuickstepLauncher
07-10 02:56:05.345 D/SmartPanelService( 2410): processName = com.facebook.appmanagerpackages = [com.facebook.appmanager]
07-10 02:56:05.346 D/Game_Utils( 2410): getTopPackageName pkm = com.transsion.XOSLauncher.upgrade
07-10 02:56:05.352 I/libprocessgroup( 1060): Successfully killed process cgroup uid 10068 pid 8888 in 0ms
07-10 02:56:05.354 D/Game_Utils( 2410): getWindowingModeByTask mode : 1
07-10 02:56:05.357 D/Game_Utils( 2410): isTheMainScreen, displayId: 0  classname = com.android.quickstep.src.com.android.launcher3.uioverrides.QuickstepLauncher
07-10 02:56:05.358 D/Game_Utils( 2410): getTopClassNameNew className = com.android.quickstep.src.com.android.launcher3.uioverrides.QuickstepLauncher
07-10 02:56:05.362 V/ActivityManager( 1060): Got obituary of 8888:com.facebook.appmanager
07-10 02:56:05.363 I/Zygote  (  571): Process 8888 exited due to signal 9 (Killed)
07-10 02:56:05.377 I/system_server( 1060): Background young concurrent mark compact GC freed 17MB AllocSpace bytes, 273(6600KB) LOS objects, 18% free, 92MB/114MB, paused 4.080ms,10.767ms total 207.807ms
07-10 02:56:05.477 D/performance( 1060): handleVmpressure, swap:94 pressure:1 thrashing:-1
07-10 02:56:05.488 D/enhanceHAL(  602): slpSetBrightness: ambient = 368
07-10 02:56:05.564 I/Monkey  ( 7657): ** New tombstone found: /data/tombstones/tombstone_20.pb, size: 137508
07-10 02:56:05.649 D/enhanceHAL(  602): slpSetBrightness: ambient = 368
07-10 02:56:05.777 D/performance( 1060): handleVmpressure, swap:94 pressure:1 thrashing:-1
07-10 02:56:05.810 D/enhanceHAL(  602): slpSetBrightness: ambient = 368
07-10 02:56:05.971 D/enhanceHAL(  602): slpSetBrightness: ambient = 368
07-10 02:56:06.089 D/performance( 1060): handleVmpressure, swap:94 pressure:1 thrashing:-1
07-10 02:56:06.132 D/enhanceHAL(  602): slpSetBrightness: ambient = 368
07-10 02:56:06.280 I/lowmemorykiller(  331): Reclaimed 0kB, cache(737764kB) and free(122184kB)-reserved(34920kB) below min(483840kB) for oom_score_adj 950
07-10 02:56:06.280 I/lowmemorykiller(  331): Suppressed 83 failed kill reports
07-10 02:56:06.294 D/enhanceHAL(  602): slpSetBrightness: ambient = 368
07-10 02:56:06.455 D/enhanceHAL(  602): slpSetBrightness: ambient = 368
07-10 02:56:06.580 I/Monkey  ( 7657): ** New tombstone found: /data/tombstones/tombstone_21, size: 126109
07-10 02:56:06.616 D/enhanceHAL(  602): slpSetBrightness: ambient = 368
07-10 02:56:06.777 D/enhanceHAL(  602): slpSetBrightness: ambient = 369
07-10 02:56:06.938 D/enhanceHAL(  602): slpSetBrightness: ambient = 368
07-10 02:56:07.099 D/enhanceHAL(  602): slpSetBrightness: ambient = 369
07-10 02:56:07.260 D/enhanceHAL(  602): slpSetBrightness: ambient = 369
07-10 02:56:07.422 D/enhanceHAL(  602): slpSetBrightness: ambient = 368
07-10 02:56:07.583 D/enhanceHAL(  602): slpSetBrightness: ambient = 368
07-10 02:56:07.596 I/Monkey  ( 7657): ** New tombstone found: /data/tombstones/tombstone_21.pb, size: 79880
07-10 02:56:07.744 D/enhanceHAL(  602): slpSetBrightness: ambient = 369
07-10 02:56:07.854 D/BroadcastQueue( 1060): Finished with ordered broadcast BroadcastRecord{613c1e5 u0 null} receivers:(1) take 5049ms in [background], remains 3970
07-10 02:56:07.857 D/CompatibilityChangeReporter( 1060): Compat change id reported: 135634846; UID 10204; state: DISABLED
07-10 02:56:07.857 D/CompatibilityChangeReporter( 1060): Compat change id reported: 135754954; UID 10204; state: ENABLED
07-10 02:56:07.858 D/CompatibilityChangeReporter( 1060): Compat change id reported: 143937733; UID 10204; state: ENABLED
07-10 02:56:07.874 D/Zygote  (  571): Forked child process 8940
